1969-12-31 22:09:31.142 2280-2341/system_process D/ConnectivityService: registerNetworkAgent NetworkAgentInfo{ ni{[type: WIFI[], state: CONNECTING/CONNECTING, reason: (unspecified), extra: "VisitorPortal", failover: false, available: true, roaming: false, metered: false]}  network{122}  nethandle{524002446046}  lp{{LinkAddresses: []  Routes: [] DnsAddresses: [] Domains: null MTU: 0}}  nc{[ Transports: WIFI Capabilities: NOT_METERED&INTERNET&NOT_RESTRICTED&TRUSTED&NOT_VPN LinkUpBandwidth>=1048576Kbps LinkDnBandwidth>=1048576Kbps]}  Score{20}  everValidated{false}  lastValidated{false}  created{false} lingering{false} explicitlySelected{false} acceptUnvalidated{false} everCaptivePortalDetected{false} lastCaptivePortalDetected{false} }
1969-12-31 22:09:31.142 2280-2345/system_process D/ConnectivityService: NetworkAgentInfo [WIFI () - 122] EVENT_NETWORK_INFO_CHANGED, going from null to CONNECTING
1969-12-31 22:09:31.662 2280-2345/system_process D/ConnectivityService: NetworkAgentInfo [WIFI () - 122] EVENT_NETWORK_INFO_CHANGED, going from CONNECTING to CONNECTED
1969-12-31 22:09:31.664 2280-2345/system_process D/ConnectivityService: Adding iface wlan0 to network 122
1969-12-31 22:09:31.679 2280-2345/system_process D/ConnectivityService: Setting DNS servers for network 122 to [/8.8.8.8, /8.8.4.4]
1969-12-31 22:09:31.682 2280-2297/system_process E/BatteryStatsService: no controller energy info supplied
1969-12-31 22:09:31.687 2280-2297/system_process E/KernelWakelockReader: neither /proc/wakelocks nor /d/wakeup_sources exists
1969-12-31 22:09:31.688 2280-2297/system_process W/BatteryStatsImpl: Couldn't get kernel wake lock stats
1969-12-31 22:09:31.697 2280-2345/system_process D/ConnectivityService: Switching to new default network: NetworkAgentInfo{ ni{[type: WIFI[], state: CONNECTED/CONNECTED, reason: (unspecified), extra: "VisitorPortal", failover: false, available: true, roaming: false, metered: false]}  network{122}  nethandle{524002446046}  lp{{InterfaceName: wlan0 LinkAddresses: [fe80::cadf:84ff:fe52:2e6a/64,10.80.128.47/24,]  Routes: [fe80::/64 -> :: wlan0,10.80.128.0/24 -> 0.0.0.0 wlan0,0.0.0.0/0 -> 10.80.128.1 wlan0,] DnsAddresses: [8.8.8.8,8.8.4.4,] Domains: null MTU: 0 TcpBufferSizes: 524288,1048576,2097152,262144,524288,1048576}}  nc{[ Transports: WIFI Capabilities: NOT_METERED&INTERNET&NOT_RESTRICTED&TRUSTED&NOT_VPN&FOREGROUND LinkUpBandwidth>=1048576Kbps LinkDnBandwidth>=1048576Kbps SignalStrength: -59]}  Score{17}  everValidated{false}  lastValidated{false}  created{true} lingering{false} explicitlySelected{false} acceptUnvalidated{false} everCaptivePortalDetected{false} lastCaptivePortalDetected{false} }
1969-12-31 22:09:31.755 2280-2345/system_process D/ConnectivityService: Sending CONNECTED broadcast for type 1 NetworkAgentInfo [WIFI () - 122] isDefaultNetwork=true
1969-12-31 22:09:31.765 2280-2345/system_process D/ConnectivityService: NetworkAgentInfo [WIFI () - 122] validation failed with redirect to https://guestauth.morphotrust.com/login.html?redirect=connectivitycheck.gstatic.com/generate_204
1969-12-31 22:09:31.766 2280-2345/system_process D/NetworkNotificationManager: showNotification tag=ConnectivityNotification:122 event=SIGN_IN transport=Wi-Fi extraInfo="VisitorPortal" highPrioriy=false
1969-12-31 22:09:47.008 2189-2189/? I/wificond: Received scan result notification from kernel.
1969-12-31 22:10:12.528 2189-2189/? I/chatty: uid=1010(wifi) /system/bin/wificond identical 1 line
1969-12-31 22:10:52.693 2189-2189/? I/wificond: Received scan result notification from kernel.
1969-12-31 22:12:12.662 2189-2189/? I/wificond: Received scan result notification from kernel.
1969-12-31 22:14:52.638 2189-2189/? I/wificond: Received scan result notification from kernel.
1969-12-31 22:17:52.886 2189-2189/? I/chatty: uid=1010(wifi) /system/bin/wificond identical 9 lines
1969-12-31 22:18:12.824 2189-2189/? I/wificond: Received scan result notification from kernel.
1969-12-31 22:18:13.015 2189-2189/? E/wificond: Received error message: Math result not representable
1969-12-31 22:18:13.015 2189-2189/? E/wificond: NL80211_CMD_GET_STATION failed
1969-12-31 22:18:32.796 2189-2189/? I/wificond: Received scan result notification from kernel.
1969-12-31 22:18:52.919 2189-2189/? I/chatty: uid=1010(wifi) /system/bin/wificond identical 1 line
1969-12-31 22:19:13.101 2189-2189/? I/wificond: Received scan result notification from kernel.
1969-12-31 22:19:13.272 2189-2189/? E/wificond: Received error message: Math result not representable
1969-12-31 22:19:13.272 2189-2189/? E/wificond: NL80211_CMD_GET_STATION failed
1969-12-31 22:19:33.108 2189-2189/? I/wificond: Received scan result notification from kernel.
1969-12-31 22:19:39.974 2280-2345/system_process D/ConnectivityService: NetworkAgentInfo [WIFI () - 122] EVENT_NETWORK_INFO_CHANGED, going from CONNECTED to DISCONNECTED
1969-12-31 22:19:39.974 2280-2345/system_process D/ConnectivityService: NetworkAgentInfo [WIFI () - 122] got DISCONNECTED, was satisfying 3
1969-12-31 22:19:40.021 2280-2297/system_process E/BatteryStatsService: no controller energy info supplied
1969-12-31 22:19:40.025 2280-2297/system_process E/KernelWakelockReader: neither /proc/wakelocks nor /d/wakeup_sources exists
1969-12-31 22:19:40.027 2280-2297/system_process W/BatteryStatsImpl: Couldn't get kernel wake lock stats
1969-12-31 22:19:40.114 2280-2345/system_process D/ConnectivityService: Sending DISCONNECTED broadcast for type 1 NetworkAgentInfo [WIFI () - 122] isDefaultNetwork=true
1969-12-31 22:19:40.119 2280-2345/system_process D/NetworkNotificationManager: clearing notification tag=ConnectivityNotification:122 event=SIGN_IN
1969-12-31 22:19:44.046 2189-2189/? I/wificond: Received scan result notification from kernel.
1969-12-31 22:19:44.236 2280-2341/system_process D/ConnectivityService: registerNetworkAgent NetworkAgentInfo{ ni{[type: WIFI[], state: CONNECTING/CONNECTING, reason: (unspecified), extra: "VisitorPortal", failover: false, available: true, roaming: false, metered: false]}  network{123}  nethandle{528297413342}  lp{{LinkAddresses: []  Routes: [] DnsAddresses: [] Domains: null MTU: 0}}  nc{[ Transports: WIFI Capabilities: NOT_METERED&INTERNET&NOT_RESTRICTED&TRUSTED&NOT_VPN LinkUpBandwidth>=1048576Kbps LinkDnBandwidth>=1048576Kbps]}  Score{20}  everValidated{false}  lastValidated{false}  created{false} lingering{false} explicitlySelected{false} acceptUnvalidated{false} everCaptivePortalDetected{false} lastCaptivePortalDetected{false} }
1969-12-31 22:19:44.237 2280-2345/system_process D/ConnectivityService: NetworkAgentInfo [WIFI () - 123] EVENT_NETWORK_INFO_CHANGED, going from null to CONNECTING
1969-12-31 22:19:44.311 2280-2345/system_process D/ConnectivityService: NetworkAgentInfo [WIFI () - 123] EVENT_NETWORK_INFO_CHANGED, going from CONNECTING to CONNECTED
1969-12-31 22:19:44.312 2280-2345/system_process D/ConnectivityService: Adding iface wlan0 to network 123
1969-12-31 22:19:44.364 2280-2345/system_process D/ConnectivityService: Setting DNS servers for network 123 to [/8.8.8.8, /8.8.4.4]
1969-12-31 22:19:44.368 2280-2297/system_process E/BatteryStatsService: no controller energy info supplied
1969-12-31 22:19:44.371 2280-2297/system_process E/KernelWakelockReader: neither /proc/wakelocks nor /d/wakeup_sources exists
1969-12-31 22:19:44.373 2280-2297/system_process W/BatteryStatsImpl: Couldn't get kernel wake lock stats
1969-12-31 22:19:44.380 2280-2345/system_process D/ConnectivityService: Switching to new default network: NetworkAgentInfo{ ni{[type: WIFI[], state: CONNECTED/CONNECTED, reason: (unspecified), extra: "VisitorPortal", failover: false, available: true, roaming: false, metered: false]}  network{123}  nethandle{528297413342}  lp{{InterfaceName: wlan0 LinkAddresses: [fe80::cadf:84ff:fe52:2e6a/64,10.80.128.47/24,]  Routes: [fe80::/64 -> :: wlan0,10.80.128.0/24 -> 0.0.0.0 wlan0,0.0.0.0/0 -> 10.80.128.1 wlan0,] DnsAddresses: [8.8.8.8,8.8.4.4,] Domains: null MTU: 0 TcpBufferSizes: 524288,1048576,2097152,262144,524288,1048576}}  nc{[ Transports: WIFI Capabilities: NOT_METERED&INTERNET&NOT_RESTRICTED&TRUSTED&NOT_VPN&FOREGROUND LinkUpBandwidth>=1048576Kbps LinkDnBandwidth>=1048576Kbps SignalStrength: -66]}  Score{12}  everValidated{false}  lastValidated{false}  created{true} lingering{false} explicitlySelected{false} acceptUnvalidated{false} everCaptivePortalDetected{false} lastCaptivePortalDetected{false} }
1969-12-31 22:19:44.493 2280-2345/system_process D/ConnectivityService: Sending CONNECTED broadcast for type 1 NetworkAgentInfo [WIFI () - 123] isDefaultNetwork=true
1969-12-31 22:19:44.494 2280-2345/system_process D/ConnectivityService: NetworkAgentInfo [WIFI () - 123] validation failed with redirect to https://guestauth.morphotrust.com/login.html?redirect=connectivitycheck.gstatic.com/generate_204
1969-12-31 22:19:44.494 2280-2345/system_process D/NetworkNotificationManager: showNotification tag=ConnectivityNotification:123 event=SIGN_IN transport=Wi-Fi extraInfo="VisitorPortal" highPrioriy=false
1969-12-31 22:20:00.289 2189-2189/? I/wificond: Received scan result notification from kernel.
1969-12-31 22:20:25.944 2189-2189/? I/chatty: uid=1010(wifi) /system/bin/wificond identical 1 line
1969-12-31 22:21:05.950 2189-2189/? I/wificond: Received scan result notification from kernel.
1969-12-31 22:22:25.958 2189-2189/? I/wificond: Received scan result notification from kernel.
1969-12-31 22:25:04.485 2280-2345/system_process D/ConnectivityService: NetworkAgentInfo [WIFI () - 123] EVENT_NETWORK_INFO_CHANGED, going from CONNECTED to DISCONNECTED
1969-12-31 22:25:04.485 2280-2345/system_process D/ConnectivityService: NetworkAgentInfo [WIFI () - 123] got DISCONNECTED, was satisfying 3
1969-12-31 22:25:04.499 2280-2297/system_process E/BatteryStatsService: no controller energy info supplied
1969-12-31 22:25:04.506 2280-2297/system_process E/KernelWakelockReader: neither /proc/wakelocks nor /d/wakeup_sources exists
1969-12-31 22:25:04.508 2280-2297/system_process W/BatteryStatsImpl: Couldn't get kernel wake lock stats
1969-12-31 22:25:04.616 2280-2345/system_process D/ConnectivityService: Sending DISCONNECTED broadcast for type 1 NetworkAgentInfo [WIFI () - 123] isDefaultNetwork=true
1969-12-31 22:25:04.644 2280-2345/system_process D/NetworkNotificationManager: clearing notification tag=ConnectivityNotification:123 event=SIGN_IN
1969-12-31 22:25:05.694 2189-2189/? I/wificond: Received scan result notification from kernel.
1969-12-31 22:25:09.842 2189-2189/? I/wificond: Received scan result notification from kernel.
1969-12-31 22:25:10.062 2280-2341/system_process D/ConnectivityService: registerNetworkAgent NetworkAgentInfo{ ni{[type: WIFI[], state: CONNECTING/CONNECTING, reason: (unspecified), extra: "VisitorPortal", failover: false, available: true, roaming: false, metered: false]}  network{124}  nethandle{532592380638}  lp{{LinkAddresses: []  Routes: [] DnsAddresses: [] Domains: null MTU: 0}}  nc{[ Transports: WIFI Capabilities: NOT_METERED&INTERNET&NOT_RESTRICTED&TRUSTED&NOT_VPN LinkUpBandwidth>=1048576Kbps LinkDnBandwidth>=1048576Kbps]}  Score{20}  everValidated{false}  lastValidated{false}  created{false} lingering{false} explicitlySelected{false} acceptUnvalidated{false} everCaptivePortalDetected{false} lastCaptivePortalDetected{false} }
1969-12-31 22:25:10.062 2280-2345/system_process D/ConnectivityService: NetworkAgentInfo [WIFI () - 124] EVENT_NETWORK_INFO_CHANGED, going from null to CONNECTING
1969-12-31 22:25:10.216 2280-2345/system_process D/ConnectivityService: NetworkAgentInfo [WIFI () - 124] EVENT_NETWORK_INFO_CHANGED, going from CONNECTING to CONNECTED
1969-12-31 22:25:10.219 2280-2345/system_process D/ConnectivityService: Adding iface wlan0 to network 124
1969-12-31 22:25:10.235 2280-2345/system_process D/ConnectivityService: Setting DNS servers for network 124 to [/8.8.8.8, /8.8.4.4]
1969-12-31 22:25:10.255 2280-2345/system_process D/ConnectivityService: Switching to new default network: NetworkAgentInfo{ ni{[type: WIFI[], state: CONNECTED/CONNECTED, reason: (unspecified), extra: "VisitorPortal", failover: false, available: true, roaming: false, metered: false]}  network{124}  nethandle{532592380638}  lp{{InterfaceName: wlan0 LinkAddresses: [fe80::cadf:84ff:fe52:2e6a/64,10.80.128.47/24,]  Routes: [fe80::/64 -> :: wlan0,10.80.128.0/24 -> 0.0.0.0 wlan0,0.0.0.0/0 -> 10.80.128.1 wlan0,] DnsAddresses: [8.8.8.8,8.8.4.4,] Domains: null MTU: 0 TcpBufferSizes: 524288,1048576,2097152,262144,524288,1048576}}  nc{[ Transports: WIFI Capabilities: NOT_METERED&INTERNET&NOT_RESTRICTED&TRUSTED&NOT_VPN&FOREGROUND LinkUpBandwidth>=1048576Kbps LinkDnBandwidth>=1048576Kbps SignalStrength: -42]}  Score{17}  everValidated{false}  lastValidated{false}  created{true} lingering{false} explicitlySelected{false} acceptUnvalidated{false} everCaptivePortalDetected{false} lastCaptivePortalDetected{false} }
1969-12-31 22:25:10.255 2280-2297/system_process E/BatteryStatsService: no controller energy info supplied
1969-12-31 22:25:10.258 2280-2297/system_process E/KernelWakelockReader: neither /proc/wakelocks nor /d/wakeup_sources exists
1969-12-31 22:25:10.260 2280-2297/system_process W/BatteryStatsImpl: Couldn't get kernel wake lock stats
1969-12-31 22:25:10.398 2280-2345/system_process D/ConnectivityService: Sending CONNECTED broadcast for type 1 NetworkAgentInfo [WIFI () - 124] isDefaultNetwork=true
1969-12-31 22:25:10.399 2280-2345/system_process D/ConnectivityService: NetworkAgentInfo [WIFI () - 124] validation failed with redirect to https://guestauth.morphotrust.com/login.html?redirect=connectivitycheck.gstatic.com/generate_204
1969-12-31 22:25:10.400 2280-2345/system_process D/NetworkNotificationManager: showNotification tag=ConnectivityNotification:124 event=SIGN_IN transport=Wi-Fi extraInfo="VisitorPortal" highPrioriy=false
1969-12-31 22:25:24.733 2189-2189/? I/wificond: Received scan result notification from kernel.
1969-12-31 22:25:50.366 2189-2189/? I/chatty: uid=1010(wifi) /system/bin/wificond identical 1 line
1969-12-31 22:26:30.438 2189-2189/? I/wificond: Received scan result notification from kernel.
1969-12-31 22:27:50.290 2189-2189/? I/wificond: Received scan result notification from kernel.
1969-12-31 22:28:30.368 2189-2189/? I/chatty: uid=1010(wifi) /system/bin/wificond identical 2 lines
1969-12-31 22:29:10.346 2189-2189/? I/wificond: Received scan result notification from kernel.
1969-12-31 22:30:06.079 2280-2297/system_process E/BatteryStatsService: no controller energy info supplied
1969-12-31 22:30:06.079 2280-2297/system_process E/BatteryStatsService: no controller energy info supplied
1969-12-31 22:30:08.081 2280-2297/system_process W/BatteryStatsService: Timeout reading modem stats
1969-12-31 22:30:08.089 2280-2297/system_process E/KernelWakelockReader: neither /proc/wakelocks nor /d/wakeup_sources exists
1969-12-31 22:30:08.092 2280-2297/system_process W/BatteryStatsImpl: Couldn't get kernel wake lock stats
1969-12-31 22:30:30.534 2189-2189/? I/wificond: Received scan result notification from kernel.
1969-12-31 22:31:00.061 2280-2294/system_process I/ProcessStatsService: Prepared write state in 1ms
1969-12-31 22:33:10.439 2189-2189/? I/wificond: Received scan result notification from kernel.
1969-12-31 22:33:12.729 2189-2189/? E/wificond: Received error message: Math result not representable
1969-12-31 22:33:12.729 2189-2189/? E/wificond: NL80211_CMD_GET_STATION failed
1969-12-31 22:33:14.521 2280-2345/system_process D/ConnectivityService: NetworkAgentInfo [WIFI () - 124] EVENT_NETWORK_INFO_CHANGED, going from CONNECTED to DISCONNECTED
1969-12-31 22:33:14.521 2280-2345/system_process D/ConnectivityService: NetworkAgentInfo [WIFI () - 124] got DISCONNECTED, was satisfying 3
1969-12-31 22:33:14.531 2280-2297/system_process E/BatteryStatsService: no controller energy info supplied
1969-12-31 22:33:14.533 2280-2297/system_process E/KernelWakelockReader: neither /proc/wakelocks nor /d/wakeup_sources exists
1969-12-31 22:33:14.533 2280-2297/system_process W/BatteryStatsImpl: Couldn't get kernel wake lock stats
1969-12-31 22:33:14.704 2280-2345/system_process D/ConnectivityService: Sending DISCONNECTED broadcast for type 1 NetworkAgentInfo [WIFI () - 124] isDefaultNetwork=true
1969-12-31 22:33:14.749 2280-2345/system_process D/NetworkNotificationManager: clearing notification tag=ConnectivityNotification:124 event=SIGN_IN
1969-12-31 22:33:18.667 2189-2189/? I/wificond: Received scan result notification from kernel.
1969-12-31 22:33:18.878 2280-2341/system_process D/ConnectivityService: registerNetworkAgent NetworkAgentInfo{ ni{[type: WIFI[], state: CONNECTING/CONNECTING, reason: (unspecified), extra: "VisitorPortal", failover: false, available: true, roaming: false, metered: false]}  network{125}  nethandle{536887347934}  lp{{LinkAddresses: []  Routes: [] DnsAddresses: [] Domains: null MTU: 0}}  nc{[ Transports: WIFI Capabilities: NOT_METERED&INTERNET&NOT_RESTRICTED&TRUSTED&NOT_VPN LinkUpBandwidth>=1048576Kbps LinkDnBandwidth>=1048576Kbps]}  Score{20}  everValidated{false}  lastValidated{false}  created{false} lingering{false} explicitlySelected{false} acceptUnvalidated{false} everCaptivePortalDetected{false} lastCaptivePortalDetected{false} }
1969-12-31 22:33:18.878 2280-2345/system_process D/ConnectivityService: NetworkAgentInfo [WIFI () - 125] EVENT_NETWORK_INFO_CHANGED, going from null to CONNECTING
1969-12-31 22:33:18.963 2280-2345/system_process D/ConnectivityService: NetworkAgentInfo [WIFI () - 125] EVENT_NETWORK_INFO_CHANGED, going from CONNECTING to CONNECTED
1969-12-31 22:33:18.964 2280-2345/system_process D/ConnectivityService: Adding iface wlan0 to network 125
1969-12-31 22:33:18.980 2280-2345/system_process D/ConnectivityService: Setting DNS servers for network 125 to [/8.8.8.8, /8.8.4.4]
1969-12-31 22:33:18.986 2280-2297/system_process E/BatteryStatsService: no controller energy info supplied
1969-12-31 22:33:18.988 2280-2297/system_process E/KernelWakelockReader: neither /proc/wakelocks nor /d/wakeup_sources exists
1969-12-31 22:33:18.990 2280-2297/system_process W/BatteryStatsImpl: Couldn't get kernel wake lock stats
1969-12-31 22:33:19.002 2280-2345/system_process D/ConnectivityService: Switching to new default network: NetworkAgentInfo{ ni{[type: WIFI[], state: CONNECTED/CONNECTED, reason: (unspecified), extra: "VisitorPortal", failover: false, available: true, roaming: false, metered: false]}  network{125}  nethandle{536887347934}  lp{{InterfaceName: wlan0 LinkAddresses: [fe80::cadf:84ff:fe52:2e6a/64,10.80.128.47/24,]  Routes: [fe80::/64 -> :: wlan0,10.80.128.0/24 -> 0.0.0.0 wlan0,0.0.0.0/0 -> 10.80.128.1 wlan0,] DnsAddresses: [8.8.8.8,8.8.4.4,] Domains: null MTU: 0 TcpBufferSizes: 524288,1048576,2097152,262144,524288,1048576}}  nc{[ Transports: WIFI Capabilities: NOT_METERED&INTERNET&NOT_RESTRICTED&TRUSTED&NOT_VPN&FOREGROUND LinkUpBandwidth>=1048576Kbps LinkDnBandwidth>=1048576Kbps SignalStrength: -68]}  Score{12}  everValidated{false}  lastValidated{false}  created{true} lingering{false} explicitlySelected{false} acceptUnvalidated{false} everCaptivePortalDetected{false} lastCaptivePortalDetected{false} }
1969-12-31 22:33:19.072 2280-2345/system_process D/ConnectivityService: Sending CONNECTED broadcast for type 1 NetworkAgentInfo [WIFI () - 125] isDefaultNetwork=true
1969-12-31 22:33:19.074 2280-2345/system_process D/ConnectivityService: NetworkAgentInfo [WIFI () - 125] validation failed with redirect to https://guestauth.morphotrust.com/login.html?redirect=connectivitycheck.gstatic.com/generate_204
1969-12-31 22:33:19.075 2280-2345/system_process D/NetworkNotificationManager: showNotification tag=ConnectivityNotification:125 event=SIGN_IN transport=Wi-Fi extraInfo="VisitorPortal" highPrioriy=false
1969-12-31 22:33:34.818 2189-2189/? I/wificond: Received scan result notification from kernel.
1969-12-31 22:34:00.426 2189-2189/? I/chatty: uid=1010(wifi) /system/bin/wificond identical 1 line
1969-12-31 22:34:40.389 2189-2189/? I/wificond: Received scan result notification from kernel.
1969-12-31 22:36:00.384 2189-2189/? I/wificond: Received scan result notification from kernel.
1969-12-31 22:38:40.464 2189-2189/? I/wificond: Received scan result notification from kernel.
1969-12-31 22:40:40.513 2189-2189/? I/chatty: uid=1010(wifi) /system/bin/wificond identical 6 lines
1969-12-31 22:41:00.613 2189-2189/? I/wificond: Received scan result notification from kernel.
1969-12-31 22:41:01.186 2280-2345/system_process D/ConnectivityService: NetworkAgentInfo [WIFI () - 125] EVENT_NETWORK_INFO_CHANGED, going from CONNECTED to DISCONNECTED
1969-12-31 22:41:01.187 2280-2345/system_process D/ConnectivityService: NetworkAgentInfo [WIFI () - 125] got DISCONNECTED, was satisfying 3
1969-12-31 22:41:01.189 2280-2297/system_process E/BatteryStatsService: no controller energy info supplied
1969-12-31 22:41:01.191 2280-2297/system_process E/KernelWakelockReader: neither /proc/wakelocks nor /d/wakeup_sources exists
1969-12-31 22:41:01.191 2280-2297/system_process W/BatteryStatsImpl: Couldn't get kernel wake lock stats
1969-12-31 22:41:01.308 2280-2345/system_process D/ConnectivityService: Sending DISCONNECTED broadcast for type 1 NetworkAgentInfo [WIFI () - 125] isDefaultNetwork=true
1969-12-31 22:41:01.329 2280-2345/system_process D/NetworkNotificationManager: clearing notification tag=ConnectivityNotification:125 event=SIGN_IN
1969-12-31 22:41:05.254 2189-2189/? I/wificond: Received scan result notification from kernel.
1969-12-31 22:41:05.441 2280-2341/system_process D/ConnectivityService: registerNetworkAgent NetworkAgentInfo{ ni{[type: WIFI[], state: CONNECTING/CONNECTING, reason: (unspecified), extra: "VisitorPortal", failover: false, available: true, roaming: false, metered: false]}  network{126}  nethandle{541182315230}  lp{{LinkAddresses: []  Routes: [] DnsAddresses: [] Domains: null MTU: 0}}  nc{[ Transports: WIFI Capabilities: NOT_METERED&INTERNET&NOT_RESTRICTED&TRUSTED&NOT_VPN LinkUpBandwidth>=1048576Kbps LinkDnBandwidth>=1048576Kbps]}  Score{20}  everValidated{false}  lastValidated{false}  created{false} lingering{false} explicitlySelected{false} acceptUnvalidated{false} everCaptivePortalDetected{false} lastCaptivePortalDetected{false} }
1969-12-31 22:41:05.441 2280-2345/system_process D/ConnectivityService: NetworkAgentInfo [WIFI () - 126] EVENT_NETWORK_INFO_CHANGED, going from null to CONNECTING
1969-12-31 22:41:05.522 2280-2345/system_process D/ConnectivityService: NetworkAgentInfo [WIFI () - 126] EVENT_NETWORK_INFO_CHANGED, going from CONNECTING to CONNECTED
1969-12-31 22:41:05.525 2280-2345/system_process D/ConnectivityService: Adding iface wlan0 to network 126
1969-12-31 22:41:05.538 2280-2345/system_process D/ConnectivityService: Setting DNS servers for network 126 to [/8.8.8.8, /8.8.4.4]
1969-12-31 22:41:05.539 2280-2297/system_process E/BatteryStatsService: no controller energy info supplied
1969-12-31 22:41:05.541 2280-2297/system_process E/KernelWakelockReader: neither /proc/wakelocks nor /d/wakeup_sources exists
1969-12-31 22:41:05.541 2280-2297/system_process W/BatteryStatsImpl: Couldn't get kernel wake lock stats
1969-12-31 22:41:05.571 2280-2345/system_process D/ConnectivityService: Switching to new default network: NetworkAgentInfo{ ni{[type: WIFI[], state: CONNECTED/CONNECTED, reason: (unspecified), extra: "VisitorPortal", failover: false, available: true, roaming: false, metered: false]}  network{126}  nethandle{541182315230}  lp{{InterfaceName: wlan0 LinkAddresses: [fe80::cadf:84ff:fe52:2e6a/64,10.80.128.47/24,]  Routes: [fe80::/64 -> :: wlan0,10.80.128.0/24 -> 0.0.0.0 wlan0,0.0.0.0/0 -> 10.80.128.1 wlan0,] DnsAddresses: [8.8.8.8,8.8.4.4,] Domains: null MTU: 0 TcpBufferSizes: 524288,1048576,2097152,262144,524288,1048576}}  nc{[ Transports: WIFI Capabilities: NOT_METERED&INTERNET&NOT_RESTRICTED&TRUSTED&NOT_VPN&FOREGROUND LinkUpBandwidth>=1048576Kbps LinkDnBandwidth>=1048576Kbps SignalStrength: -65]}  Score{12}  everValidated{false}  lastValidated{false}  created{true} lingering{false} explicitlySelected{false} acceptUnvalidated{false} everCaptivePortalDetected{false} lastCaptivePortalDetected{false} }
1969-12-31 22:41:05.660 2280-2345/system_process D/ConnectivityService: Sending CONNECTED broadcast for type 1 NetworkAgentInfo [WIFI () - 126] isDefaultNetwork=true
1969-12-31 22:41:05.661 2280-2345/system_process D/ConnectivityService: NetworkAgentInfo [WIFI () - 126] validation failed with redirect to https://guestauth.morphotrust.com/login.html?redirect=connectivitycheck.gstatic.com/generate_204
1969-12-31 22:41:05.663 2280-2345/system_process D/NetworkNotificationManager: showNotification tag=ConnectivityNotification:126 event=SIGN_IN transport=Wi-Fi extraInfo="VisitorPortal" highPrioriy=false
1969-12-31 22:41:21.447 2189-2189/? I/wificond: Received scan result notification from kernel.
1969-12-31 22:41:46.988 2189-2189/? I/chatty: uid=1010(wifi) /system/bin/wificond identical 1 line
1969-12-31 22:42:27.109 2189-2189/? I/wificond: Received scan result notification from kernel.
1969-12-31 22:43:47.217 2189-2189/? I/wificond: Received scan result notification from kernel.
1969-12-31 22:46:26.958 2189-2189/? I/wificond: Received scan result notification from kernel.
1969-12-31 22:50:47.421 2189-2189/? I/chatty: uid=1010(wifi) /system/bin/wificond identical 13 lines
1969-12-31 22:51:07.558 2189-2189/? I/wificond: Received scan result notification from kernel.
1969-12-31 22:51:13.856 2280-2345/system_process D/ConnectivityService: NetworkAgentInfo [WIFI () - 126] EVENT_NETWORK_INFO_CHANGED, going from CONNECTED to DISCONNECTED
1969-12-31 22:51:13.856 2280-2345/system_process D/ConnectivityService: NetworkAgentInfo [WIFI () - 126] got DISCONNECTED, was satisfying 3
1969-12-31 22:51:13.893 2280-2297/system_process E/BatteryStatsService: no controller energy info supplied
1969-12-31 22:51:13.897 2280-2297/system_process E/KernelWakelockReader: neither /proc/wakelocks nor /d/wakeup_sources exists
1969-12-31 22:51:13.897 2280-2297/system_process W/BatteryStatsImpl: Couldn't get kernel wake lock stats
1969-12-31 22:51:13.984 2280-2345/system_process D/ConnectivityService: Sending DISCONNECTED broadcast for type 1 NetworkAgentInfo [WIFI () - 126] isDefaultNetwork=true
1969-12-31 22:51:13.990 2280-2345/system_process D/NetworkNotificationManager: clearing notification tag=ConnectivityNotification:126 event=SIGN_IN
1969-12-31 22:51:17.961 2189-2189/? I/wificond: Received scan result notification from kernel.
1969-12-31 22:51:18.158 2280-2341/system_process D/ConnectivityService: registerNetworkAgent NetworkAgentInfo{ ni{[type: WIFI[], state: CONNECTING/CONNECTING, reason: (unspecified), extra: "VisitorPortal", failover: false, available: true, roaming: false, metered: false]}  network{127}  nethandle{545477282526}  lp{{LinkAddresses: []  Routes: [] DnsAddresses: [] Domains: null MTU: 0}}  nc{[ Transports: WIFI Capabilities: NOT_METERED&INTERNET&NOT_RESTRICTED&TRUSTED&NOT_VPN LinkUpBandwidth>=1048576Kbps LinkDnBandwidth>=1048576Kbps]}  Score{20}  everValidated{false}  lastValidated{false}  created{false} lingering{false} explicitlySelected{false} acceptUnvalidated{false} everCaptivePortalDetected{false} lastCaptivePortalDetected{false} }
1969-12-31 22:51:18.158 2280-2345/system_process D/ConnectivityService: NetworkAgentInfo [WIFI () - 127] EVENT_NETWORK_INFO_CHANGED, going from null to CONNECTING
1969-12-31 22:51:18.252 2280-2345/system_process D/ConnectivityService: NetworkAgentInfo [WIFI () - 127] EVENT_NETWORK_INFO_CHANGED, going from CONNECTING to CONNECTED
1969-12-31 22:51:18.255 2280-2345/system_process D/ConnectivityService: Adding iface wlan0 to network 127
1969-12-31 22:51:18.275 2280-2345/system_process D/ConnectivityService: Setting DNS servers for network 127 to [/8.8.8.8, /8.8.4.4]
1969-12-31 22:51:18.284 2280-2297/system_process E/BatteryStatsService: no controller energy info supplied
1969-12-31 22:51:18.287 2280-2297/system_process E/KernelWakelockReader: neither /proc/wakelocks nor /d/wakeup_sources exists
1969-12-31 22:51:18.287 2280-2297/system_process W/BatteryStatsImpl: Couldn't get kernel wake lock stats
1969-12-31 22:51:18.302 2280-2345/system_process D/ConnectivityService: Switching to new default network: NetworkAgentInfo{ ni{[type: WIFI[], state: CONNECTED/CONNECTED, reason: (unspecified), extra: "VisitorPortal", failover: false, available: true, roaming: false, metered: false]}  network{127}  nethandle{545477282526}  lp{{InterfaceName: wlan0 LinkAddresses: [fe80::cadf:84ff:fe52:2e6a/64,10.80.128.47/24,]  Routes: [fe80::/64 -> :: wlan0,10.80.128.0/24 -> 0.0.0.0 wlan0,0.0.0.0/0 -> 10.80.128.1 wlan0,] DnsAddresses: [8.8.8.8,8.8.4.4,] Domains: null MTU: 0 TcpBufferSizes: 524288,1048576,2097152,262144,524288,1048576}}  nc{[ Transports: WIFI Capabilities: NOT_METERED&INTERNET&NOT_RESTRICTED&TRUSTED&NOT_VPN&FOREGROUND LinkUpBandwidth>=1048576Kbps LinkDnBandwidth>=1048576Kbps SignalStrength: 0]}  Score{17}  everValidated{false}  lastValidated{false}  created{true} lingering{false} explicitlySelected{false} acceptUnvalidated{false} everCaptivePortalDetected{false} lastCaptivePortalDetected{false} }
1969-12-31 22:51:18.362 2280-2345/system_process D/ConnectivityService: Sending CONNECTED broadcast for type 1 NetworkAgentInfo [WIFI () - 127] isDefaultNetwork=true
1969-12-31 22:51:18.362 2280-2345/system_process D/ConnectivityService: NetworkAgentInfo [WIFI () - 127] validation failed with redirect to https://guestauth.morphotrust.com/login.html?redirect=connectivitycheck.gstatic.com/generate_204
1969-12-31 22:51:18.363 2280-2345/system_process D/NetworkNotificationManager: showNotification tag=ConnectivityNotification:127 event=SIGN_IN transport=Wi-Fi extraInfo="VisitorPortal" highPrioriy=false
1969-12-31 22:51:34.152 2189-2189/? I/wificond: Received scan result notification from kernel.
1969-12-31 22:51:59.695 2189-2189/? I/chatty: uid=1010(wifi) /system/bin/wificond identical 1 line
1969-12-31 22:52:39.703 2189-2189/? I/wificond: Received scan result notification from kernel.
1969-12-31 22:53:59.701 2189-2189/? I/wificond: Received scan result notification from kernel.
1969-12-31 22:56:39.781 2189-2189/? I/wificond: Received scan result notification from kernel.
1969-12-31 22:59:39.991 2189-2189/? I/chatty: uid=1010(wifi) /system/bin/wificond identical 9 lines
1969-12-31 23:00:00.035 2189-2189/? I/wificond: Received scan result notification from kernel.
1969-12-31 23:00:06.056 2280-2297/system_process E/BatteryStatsService: no controller energy info supplied
1969-12-31 23:00:06.057 2280-2297/system_process E/BatteryStatsService: no controller energy info supplied
1969-12-31 23:00:08.058 2280-2297/system_process W/BatteryStatsService: Timeout reading modem stats
1969-12-31 23:00:08.064 2280-2297/system_process E/KernelWakelockReader: neither /proc/wakelocks nor /d/wakeup_sources exists
1969-12-31 23:00:08.064 2280-2297/system_process W/BatteryStatsImpl: Couldn't get kernel wake lock stats
1969-12-31 23:00:19.978 2189-2189/? I/wificond: Received scan result notification from kernel.
1969-12-31 23:00:40.030 2189-2189/? I/wificond: Received scan result notification from kernel.
1969-12-31 23:00:42.250 2280-2345/system_process D/ConnectivityService: NetworkAgentInfo [WIFI () - 127] EVENT_NETWORK_INFO_CHANGED, going from CONNECTED to DISCONNECTED
1969-12-31 23:00:42.252 2280-2345/system_process D/ConnectivityService: NetworkAgentInfo [WIFI () - 127] got DISCONNECTED, was satisfying 3
1969-12-31 23:00:42.281 2280-2297/system_process E/BatteryStatsService: no controller energy info supplied
1969-12-31 23:00:42.283 2280-2297/system_process E/KernelWakelockReader: neither /proc/wakelocks nor /d/wakeup_sources exists
1969-12-31 23:00:42.283 2280-2297/system_process W/BatteryStatsImpl: Couldn't get kernel wake lock stats
1969-12-31 23:00:42.358 2280-2345/system_process D/ConnectivityService: Sending DISCONNECTED broadcast for type 1 NetworkAgentInfo [WIFI () - 127] isDefaultNetwork=true
1969-12-31 23:00:42.365 2280-2345/system_process D/NetworkNotificationManager: clearing notification tag=ConnectivityNotification:127 event=SIGN_IN
1969-12-31 23:00:46.354 2189-2189/? I/wificond: Received scan result notification from kernel.
1969-12-31 23:00:46.547 2280-2341/system_process D/ConnectivityService: registerNetworkAgent NetworkAgentInfo{ ni{[type: WIFI[], state: CONNECTING/CONNECTING, reason: (unspecified), extra: "VisitorPortal", failover: false, available: true, roaming: false, metered: false]}  network{128}  nethandle{549772249822}  lp{{LinkAddresses: []  Routes: [] DnsAddresses: [] Domains: null MTU: 0}}  nc{[ Transports: WIFI Capabilities: NOT_METERED&INTERNET&NOT_RESTRICTED&TRUSTED&NOT_VPN LinkUpBandwidth>=1048576Kbps LinkDnBandwidth>=1048576Kbps]}  Score{20}  everValidated{false}  lastValidated{false}  created{false} lingering{false} explicitlySelected{false} acceptUnvalidated{false} everCaptivePortalDetected{false} lastCaptivePortalDetected{false} }
1969-12-31 23:00:46.547 2280-2345/system_process D/ConnectivityService: NetworkAgentInfo [WIFI () - 128] EVENT_NETWORK_INFO_CHANGED, going from null to CONNECTING
1969-12-31 23:00:46.633 2280-2345/system_process D/ConnectivityService: NetworkAgentInfo [WIFI () - 128] EVENT_NETWORK_INFO_CHANGED, going from CONNECTING to CONNECTED
1969-12-31 23:00:46.636 2280-2345/system_process D/ConnectivityService: Adding iface wlan0 to network 128
1969-12-31 23:00:46.655 2280-2345/system_process D/ConnectivityService: Setting DNS servers for network 128 to [/8.8.8.8, /8.8.4.4]
1969-12-31 23:00:46.659 2280-2297/system_process E/BatteryStatsService: no controller energy info supplied
1969-12-31 23:00:46.666 2280-2297/system_process E/KernelWakelockReader: neither /proc/wakelocks nor /d/wakeup_sources exists
1969-12-31 23:00:46.666 2280-2297/system_process W/BatteryStatsImpl: Couldn't get kernel wake lock stats
1969-12-31 23:00:46.680 2280-2345/system_process D/ConnectivityService: Switching to new default network: NetworkAgentInfo{ ni{[type: WIFI[], state: CONNECTED/CONNECTED, reason: (unspecified), extra: "VisitorPortal", failover: false, available: true, roaming: false, metered: false]}  network{128}  nethandle{549772249822}  lp{{InterfaceName: wlan0 LinkAddresses: [fe80::cadf:84ff:fe52:2e6a/64,10.80.128.47/24,]  Routes: [fe80::/64 -> :: wlan0,10.80.128.0/24 -> 0.0.0.0 wlan0,0.0.0.0/0 -> 10.80.128.1 wlan0,] DnsAddresses: [8.8.8.8,8.8.4.4,] Domains: null MTU: 0 TcpBufferSizes: 524288,1048576,2097152,262144,524288,1048576}}  nc{[ Transports: WIFI Capabilities: NOT_METERED&INTERNET&NOT_RESTRICTED&TRUSTED&NOT_VPN&FOREGROUND LinkUpBandwidth>=1048576Kbps LinkDnBandwidth>=1048576Kbps SignalStrength: -64]}  Score{12}  everValidated{false}  lastValidated{false}  created{true} lingering{false} explicitlySelected{false} acceptUnvalidated{false} everCaptivePortalDetected{false} lastCaptivePortalDetected{false} }
1969-12-31 23:00:46.797 2280-2345/system_process D/ConnectivityService: Sending CONNECTED broadcast for type 1 NetworkAgentInfo [WIFI () - 128] isDefaultNetwork=true
1969-12-31 23:00:46.819 2280-2345/system_process D/ConnectivityService: NetworkAgentInfo [WIFI () - 128] validation failed with redirect to https://guestauth.morphotrust.com/login.html?redirect=connectivitycheck.gstatic.com/generate_204
1969-12-31 23:00:46.820 2280-2345/system_process D/NetworkNotificationManager: showNotification tag=ConnectivityNotification:128 event=SIGN_IN transport=Wi-Fi extraInfo="VisitorPortal" highPrioriy=false
1969-12-31 23:01:00.064 2280-2294/system_process I/ProcessStatsService: Prepared write state in 2ms
1969-12-31 23:01:02.550 2189-2189/? I/wificond: Received scan result notification from kernel.
1969-12-31 23:01:28.137 2189-2189/? I/wificond: Received scan result notification from kernel.
1969-12-31 23:02:02.292 2280-2280/system_process V/BackupManagerService: Scheduling immediate backup pass
1969-12-31 23:02:02.297 2280-2280/system_process V/BackupManagerService: Running a backup pass
1969-12-31 23:02:02.300 2280-2756/system_process W/BackupManagerService: Requested unavailable transport: android/com.android.internal.backup.LocalTransport
1969-12-31 23:02:02.300 2280-2756/system_process V/BackupManagerService: Backup requested but no transport available
1969-12-31 23:02:08.328 2189-2189/? I/wificond: Received scan result notification from kernel.
1969-12-31 23:03:28.140 2189-2189/? I/wificond: Received scan result notification from kernel.
1969-12-31 23:06:08.107 2189-2189/? I/wificond: Received scan result notification from kernel.
1969-12-31 23:06:28.173 2189-2189/? I/chatty: uid=1010(wifi) /system/bin/wificond identical 1 line
1969-12-31 23:06:48.223 2189-2189/? I/wificond: Received scan result notification from kernel.
1969-12-31 23:06:48.415 2189-2189/? E/wificond: Received error message: Math result not representable
1969-12-31 23:06:48.416 2189-2189/? E/wificond: NL80211_CMD_GET_STATION failed
1969-12-31 23:07:08.208 2189-2189/? I/wificond: Received scan result notification from kernel.
1969-12-31 23:10:28.447 2189-2189/? I/chatty: uid=1010(wifi) /system/bin/wificond identical 10 lines
1969-12-31 23:10:48.582 2189-2189/? I/wificond: Received scan result notification from kernel.
1969-12-31 23:10:54.872 2280-2345/system_process D/ConnectivityService: NetworkAgentInfo [WIFI () - 128] EVENT_NETWORK_INFO_CHANGED, going from CONNECTED to DISCONNECTED
1969-12-31 23:10:54.872 2280-2345/system_process D/ConnectivityService: NetworkAgentInfo [WIFI () - 128] got DISCONNECTED, was satisfying 3
1969-12-31 23:10:54.944 2280-2297/system_process E/BatteryStatsService: no controller energy info supplied
1969-12-31 23:10:54.949 2280-2297/system_process E/KernelWakelockReader: neither /proc/wakelocks nor /d/wakeup_sources exists
1969-12-31 23:10:54.950 2280-2297/system_process W/BatteryStatsImpl: Couldn't get kernel wake lock stats
1969-12-31 23:10:55.017 2280-2345/system_process D/ConnectivityService: Sending DISCONNECTED broadcast for type 1 NetworkAgentInfo [WIFI () - 128] isDefaultNetwork=true
1969-12-31 23:10:55.025 2280-2345/system_process D/NetworkNotificationManager: clearing notification tag=ConnectivityNotification:128 event=SIGN_IN
1969-12-31 23:10:58.982 2189-2189/? I/wificond: Received scan result notification from kernel.
1969-12-31 23:10:59.186 2280-2341/system_process D/ConnectivityService: registerNetworkAgent NetworkAgentInfo{ ni{[type: WIFI[], state: CONNECTING/CONNECTING, reason: (unspecified), extra: "VisitorPortal", failover: false, available: true, roaming: false, metered: false]}  network{129}  nethandle{554067217118}  lp{{LinkAddresses: []  Routes: [] DnsAddresses: [] Domains: null MTU: 0}}  nc{[ Transports: WIFI Capabilities: NOT_METERED&INTERNET&NOT_RESTRICTED&TRUSTED&NOT_VPN LinkUpBandwidth>=1048576Kbps LinkDnBandwidth>=1048576Kbps]}  Score{20}  everValidated{false}  lastValidated{false}  created{false} lingering{false} explicitlySelected{false} acceptUnvalidated{false} everCaptivePortalDetected{false} lastCaptivePortalDetected{false} }
1969-12-31 23:10:59.187 2280-2345/system_process D/ConnectivityService: NetworkAgentInfo [WIFI () - 129] EVENT_NETWORK_INFO_CHANGED, going from null to CONNECTING
1969-12-31 23:10:59.271 2280-2345/system_process D/ConnectivityService: NetworkAgentInfo [WIFI () - 129] EVENT_NETWORK_INFO_CHANGED, going from CONNECTING to CONNECTED
1969-12-31 23:10:59.273 2280-2345/system_process D/ConnectivityService: Adding iface wlan0 to network 129
1969-12-31 23:10:59.290 2280-2297/system_process E/BatteryStatsService: no controller energy info supplied
1969-12-31 23:10:59.290 2280-2345/system_process D/ConnectivityService: Setting DNS servers for network 129 to [/8.8.8.8, /8.8.4.4]
1969-12-31 23:10:59.295 2280-2297/system_process E/KernelWakelockReader: neither /proc/wakelocks nor /d/wakeup_sources exists
1969-12-31 23:10:59.296 2280-2297/system_process W/BatteryStatsImpl: Couldn't get kernel wake lock stats
1969-12-31 23:10:59.314 2280-2345/system_process D/ConnectivityService: Switching to new default network: NetworkAgentInfo{ ni{[type: WIFI[], state: CONNECTED/CONNECTED, reason: (unspecified), extra: "VisitorPortal", failover: false, available: true, roaming: false, metered: false]}  network{129}  nethandle{554067217118}  lp{{InterfaceName: wlan0 LinkAddresses: [fe80::cadf:84ff:fe52:2e6a/64,10.80.128.47/24,]  Routes: [fe80::/64 -> :: wlan0,10.80.128.0/24 -> 0.0.0.0 wlan0,0.0.0.0/0 -> 10.80.128.1 wlan0,] DnsAddresses: [8.8.8.8,8.8.4.4,] Domains: null MTU: 0 TcpBufferSizes: 524288,1048576,2097152,262144,524288,1048576}}  nc{[ Transports: WIFI Capabilities: NOT_METERED&INTERNET&NOT_RESTRICTED&TRUSTED&NOT_VPN&FOREGROUND LinkUpBandwidth>=1048576Kbps LinkDnBandwidth>=1048576Kbps SignalStrength: -65]}  Score{12}  everValidated{false}  lastValidated{false}  created{true} lingering{false} explicitlySelected{false} acceptUnvalidated{false} everCaptivePortalDetected{false} lastCaptivePortalDetected{false} }
1969-12-31 23:10:59.382 2280-2345/system_process D/ConnectivityService: Sending CONNECTED broadcast for type 1 NetworkAgentInfo [WIFI () - 129] isDefaultNetwork=true
1969-12-31 23:10:59.382 2280-2345/system_process D/ConnectivityService: NetworkAgentInfo [WIFI () - 129] validation failed with redirect to https://guestauth.morphotrust.com/login.html?redirect=connectivitycheck.gstatic.com/generate_204
1969-12-31 23:10:59.382 2280-2345/system_process D/NetworkNotificationManager: showNotification tag=ConnectivityNotification:129 event=SIGN_IN transport=Wi-Fi extraInfo="VisitorPortal" highPrioriy=false
1969-12-31 23:11:15.199 2189-2189/? I/wificond: Received scan result notification from kernel.
1969-12-31 23:11:40.776 2189-2189/? I/chatty: uid=1010(wifi) /system/bin/wificond identical 1 line
1969-12-31 23:12:20.815 2189-2189/? I/wificond: Received scan result notification from kernel.
1969-12-31 23:13:40.878 2189-2189/? I/wificond: Received scan result notification from kernel.
1969-12-31 23:16:20.804 2189-2189/? I/wificond: Received scan result notification from kernel.
1969-12-31 23:20:41.065 2189-2189/? I/chatty: uid=1010(wifi) /system/bin/wificond identical 13 lines
1969-12-31 23:21:01.169 2189-2189/? I/wificond: Received scan result notification from kernel.
1969-12-31 23:21:07.576 2280-2345/system_process D/ConnectivityService: NetworkAgentInfo [WIFI () - 129] EVENT_NETWORK_INFO_CHANGED, going from CONNECTED to DISCONNECTED
1969-12-31 23:21:07.576 2280-2345/system_process D/ConnectivityService: NetworkAgentInfo [WIFI () - 129] got DISCONNECTED, was satisfying 3
1969-12-31 23:21:07.602 2280-2297/system_process E/BatteryStatsService: no controller energy info supplied
1969-12-31 23:21:07.604 2280-2297/system_process E/KernelWakelockReader: neither /proc/wakelocks nor /d/wakeup_sources exists
1969-12-31 23:21:07.604 2280-2297/system_process W/BatteryStatsImpl: Couldn't get kernel wake lock stats
1969-12-31 23:21:07.699 2280-2345/system_process D/ConnectivityService: Sending DISCONNECTED broadcast for type 1 NetworkAgentInfo [WIFI () - 129] isDefaultNetwork=true
1969-12-31 23:21:07.705 2280-2345/system_process D/NetworkNotificationManager: clearing notification tag=ConnectivityNotification:129 event=SIGN_IN
1969-12-31 23:21:11.645 2189-2189/? I/wificond: Received scan result notification from kernel.
1969-12-31 23:21:11.847 2280-2341/system_process D/ConnectivityService: registerNetworkAgent NetworkAgentInfo{ ni{[type: WIFI[], state: CONNECTING/CONNECTING, reason: (unspecified), extra: "VisitorPortal", failover: false, available: true, roaming: false, metered: false]}  network{130}  nethandle{558362184414}  lp{{LinkAddresses: []  Routes: [] DnsAddresses: [] Domains: null MTU: 0}}  nc{[ Transports: WIFI Capabilities: NOT_METERED&INTERNET&NOT_RESTRICTED&TRUSTED&NOT_VPN LinkUpBandwidth>=1048576Kbps LinkDnBandwidth>=1048576Kbps]}  Score{20}  everValidated{false}  lastValidated{false}  created{false} lingering{false} explicitlySelected{false} acceptUnvalidated{false} everCaptivePortalDetected{false} lastCaptivePortalDetected{false} }
1969-12-31 23:21:11.847 2280-2345/system_process D/ConnectivityService: NetworkAgentInfo [WIFI () - 130] EVENT_NETWORK_INFO_CHANGED, going from null to CONNECTING
1969-12-31 23:21:11.936 2280-2345/system_process D/ConnectivityService: NetworkAgentInfo [WIFI () - 130] EVENT_NETWORK_INFO_CHANGED, going from CONNECTING to CONNECTED
1969-12-31 23:21:11.939 2280-2345/system_process D/ConnectivityService: Adding iface wlan0 to network 130
1969-12-31 23:21:11.973 2280-2345/system_process D/ConnectivityService: Setting DNS servers for network 130 to [/8.8.8.8, /8.8.4.4]
1969-12-31 23:21:11.982 2280-2297/system_process E/BatteryStatsService: no controller energy info supplied
1969-12-31 23:21:11.987 2280-2297/system_process E/KernelWakelockReader: neither /proc/wakelocks nor /d/wakeup_sources exists
1969-12-31 23:21:11.988 2280-2297/system_process W/BatteryStatsImpl: Couldn't get kernel wake lock stats
1969-12-31 23:21:11.989 2280-2345/system_process D/ConnectivityService: Switching to new default network: NetworkAgentInfo{ ni{[type: WIFI[], state: CONNECTED/CONNECTED, reason: (unspecified), extra: "VisitorPortal", failover: false, available: true, roaming: false, metered: false]}  network{130}  nethandle{558362184414}  lp{{InterfaceName: wlan0 LinkAddresses: [fe80::cadf:84ff:fe52:2e6a/64,10.80.128.47/24,]  Routes: [fe80::/64 -> :: wlan0,10.80.128.0/24 -> 0.0.0.0 wlan0,0.0.0.0/0 -> 10.80.128.1 wlan0,] DnsAddresses: [8.8.8.8,8.8.4.4,] Domains: null MTU: 0 TcpBufferSizes: 524288,1048576,2097152,262144,524288,1048576}}  nc{[ Transports: WIFI Capabilities: NOT_METERED&INTERNET&NOT_RESTRICTED&TRUSTED&NOT_VPN&FOREGROUND LinkUpBandwidth>=1048576Kbps LinkDnBandwidth>=1048576Kbps SignalStrength: -65]}  Score{12}  everValidated{false}  lastValidated{false}  created{true} lingering{false} explicitlySelected{false} acceptUnvalidated{false} everCaptivePortalDetected{false} lastCaptivePortalDetected{false} }
1969-12-31 23:21:12.089 2280-2345/system_process D/ConnectivityService: Sending CONNECTED broadcast for type 1 NetworkAgentInfo [WIFI () - 130] isDefaultNetwork=true
1969-12-31 23:21:12.089 2280-2345/system_process D/ConnectivityService: NetworkAgentInfo [WIFI () - 130] validation failed with redirect to https://guestauth.morphotrust.com/login.html?redirect=connectivitycheck.gstatic.com/generate_204
1969-12-31 23:21:12.089 2280-2345/system_process D/NetworkNotificationManager: showNotification tag=ConnectivityNotification:130 event=SIGN_IN transport=Wi-Fi extraInfo="VisitorPortal" highPrioriy=false
1969-12-31 23:21:27.882 2189-2189/? I/wificond: Received scan result notification from kernel.
1969-12-31 23:21:53.593 2189-2189/? I/chatty: uid=1010(wifi) /system/bin/wificond identical 1 line
1969-12-31 23:22:33.570 2189-2189/? I/wificond: Received scan result notification from kernel.
1969-12-31 23:23:53.504 2189-2189/? I/wificond: Received scan result notification from kernel.
1969-12-31 23:26:33.432 2189-2189/? I/wificond: Received scan result notification from kernel.
1969-12-31 23:29:33.662 2189-2189/? I/chatty: uid=1010(wifi) /system/bin/wificond identical 9 lines
1969-12-31 23:29:53.660 2189-2189/? I/wificond: Received scan result notification from kernel.
1969-12-31 23:30:00.055 2280-2280/system_process D/ConditionProviders.SCP: onReceive ScheduleConditionProvider.EVALUATE
1969-12-31 23:30:00.055 2280-2280/system_process D/ConditionProviders.SCP: notifyCondition condition://android/schedule?days=6.7&start=23.30&end=10.0&exitAtAlarm=false STATE_FALSE reason=!meetsSchedule
1969-12-31 23:30:00.056 2280-2280/system_process D/ConditionProviders.SCP: notifyCondition condition://android/schedule?days=1.2.3.4.5&start=22.0&end=7.0&exitAtAlarm=false STATE_TRUE reason=meetsSchedule
1969-12-31 23:30:00.058 2280-2280/system_process D/ConditionProviders.SCP: Scheduling evaluate for Thu Jan 01 07:00:00 EST 1970 (43200000), in +7h29m59s945ms, now=Wed Dec 31 23:30:00 EST 1969 (16200055)
1969-12-31 23:30:06.079 2280-2297/system_process E/BatteryStatsService: no controller energy info supplied
1969-12-31 23:30:06.081 2280-2297/system_process E/BatteryStatsService: no controller energy info supplied
1969-12-31 23:30:08.083 2280-2297/system_process W/BatteryStatsService: Timeout reading modem stats
1969-12-31 23:30:08.091 2280-2297/system_process E/KernelWakelockReader: neither /proc/wakelocks nor /d/wakeup_sources exists
1969-12-31 23:30:08.092 2280-2297/system_process W/BatteryStatsImpl: Couldn't get kernel wake lock stats
1969-12-31 23:30:13.767 2189-2189/? I/wificond: Received scan result notification from kernel.
1969-12-31 23:30:31.951 2280-2345/system_process D/ConnectivityService: NetworkAgentInfo [WIFI () - 130] EVENT_NETWORK_INFO_CHANGED, going from CONNECTED to DISCONNECTED
1969-12-31 23:30:31.952 2280-2345/system_process D/ConnectivityService: NetworkAgentInfo [WIFI () - 130] got DISCONNECTED, was satisfying 3
1969-12-31 23:30:32.025 2280-2297/system_process E/BatteryStatsService: no controller energy info supplied
1969-12-31 23:30:32.031 2280-2297/system_process E/KernelWakelockReader: neither /proc/wakelocks nor /d/wakeup_sources exists
1969-12-31 23:30:32.032 2280-2297/system_process W/BatteryStatsImpl: Couldn't get kernel wake lock stats
1969-12-31 23:30:32.143 2280-2345/system_process D/ConnectivityService: Sending DISCONNECTED broadcast for type 1 NetworkAgentInfo [WIFI () - 130] isDefaultNetwork=true
1969-12-31 23:30:32.148 2280-2345/system_process D/NetworkNotificationManager: clearing notification tag=ConnectivityNotification:130 event=SIGN_IN
1969-12-31 23:30:33.695 2189-2189/? I/wificond: Received scan result notification from kernel.
1969-12-31 23:30:37.877 2189-2189/? I/wificond: Received scan result notification from kernel.
