1970-01-01 00:34:34.177 2483-2483/? I/wpa_supplicant: wlan0: Associated with a8:9d:21:42:d5:ee
1970-01-01 00:34:34.189 2483-2483/? I/wpa_supplicant: wlan0: CTRL-EVENT-CONNECTED - Connection to a8:9d:21:42:d5:ee completed [id=0 id_str=%7B%22configKey%22%3A%22%5C%22VisitorPortal%5C%22NONE%22%2C%22creatorUid%22%3A%221000%22%7D]
1970-01-01 00:34:34.192 2483-2483/? I/wpa_supplicant: wlan0: CTRL-EVENT-SUBNET-STATUS-UPDATE status=0
1970-01-01 00:34:34.198 2280-2341/system_process W/LastMileLogger: Failed to stop event tracing: /sys/kernel/debug/tracing/instances/wifi/tracing_on (Permission denied)
1970-01-01 00:34:34.200 2280-2341/system_process D/WifiStateMachine: WifiStateMachine: Leaving Roaming state
1970-01-01 00:34:43.990 2280-2341/system_process W/AlarmManager: Unrecognized alarm listener com.android.server.wifi.WifiConfigStore$1@335a8e6
1970-01-01 00:34:44.008 2280-2341/system_process D/WifiConfigStore: Writing to stores completed in 18 ms.
1970-01-01 00:34:48.102 2280-2343/system_process D/WificondScannerImpl: processPendingScans in request of startSingleScan
1970-01-01 00:34:48.116 2280-2343/system_process D/WificondScannerImpl: Starting wifi scan for freqs=null, background=false, single=true
1970-01-01 00:34:53.876 2280-2341/system_process W/LastMileLogger: Failed to stop event tracing: /sys/kernel/debug/tracing/instances/wifi/tracing_on (Permission denied)
1970-01-01 00:34:53.877 2280-2341/system_process W/LastMileLogger: Failed to read event trace: /sys/kernel/debug/tracing/instances/wifi/trace: open failed: EACCES (Permission denied)
1970-01-01 00:34:53.905 2280-2807/system_process D/WificondControl: Scan result ready event
1970-01-01 00:34:53.916 2280-2343/system_process D/WificondScannerImpl: processPendingScans in request of SCAN_RESULTS_EVENT
1970-01-01 00:34:53.930 2280-2341/system_process D/WifiStateMachine: CMD_START_ROAM sup state DisconnectedState my state ConnectedState nid=0 config "VisitorPortal"NONE targetRoamBSSID a8:9d:21:42:d5:ee
1970-01-01 00:34:53.931 2280-2341/system_process W/LastMileLogger: Failed to open free_buffer pseudo-file: /sys/kernel/debug/tracing/instances/wifi/free_buffer (Permission denied)
1970-01-01 00:34:53.931 2280-2341/system_process W/LastMileLogger: Failed to arm fail-safe.
1970-01-01 00:34:53.931 2280-2341/system_process D/SupplicantStaIfaceHal: roamToNetwork"VisitorPortal"NONE (bssid a8:9d:21:42:d5:ee)
1970-01-01 00:34:53.935 2483-2483/? I/wpa_supplicant: wlan0: SME: Trying to authenticate with a8:9d:21:42:d5:ee (SSID='VisitorPortal' freq=5180 MHz)
1970-01-01 00:34:53.942 2280-2341/system_process D/WifiStateMachine: WifiStateMachine: Leaving Connected state
1970-01-01 00:34:53.944 2280-2341/system_process D/WifiStateMachine: Start Roam Watchdog 376
1970-01-01 00:34:54.076 2483-2483/? I/wpa_supplicant: wlan0: Trying to associate with a8:9d:21:42:d5:ee (SSID='VisitorPortal' freq=5180 MHz)
1970-01-01 00:34:54.130 2483-2483/? I/wpa_supplicant: wlan0: Associated with a8:9d:21:42:d5:ee
1970-01-01 00:34:54.149 2483-2483/? I/wpa_supplicant: wlan0: CTRL-EVENT-CONNECTED - Connection to a8:9d:21:42:d5:ee completed [id=0 id_str=%7B%22configKey%22%3A%22%5C%22VisitorPortal%5C%22NONE%22%2C%22creatorUid%22%3A%221000%22%7D]
1970-01-01 00:34:54.151 2483-2483/? I/wpa_supplicant: wlan0: CTRL-EVENT-SUBNET-STATUS-UPDATE status=0
1970-01-01 00:34:54.156 2280-2341/system_process W/LastMileLogger: Failed to stop event tracing: /sys/kernel/debug/tracing/instances/wifi/tracing_on (Permission denied)
1970-01-01 00:34:54.159 2280-2341/system_process D/WifiStateMachine: WifiStateMachine: Leaving Roaming state
1970-01-01 00:35:08.104 2280-2341/system_process W/AlarmManager: Unrecognized alarm listener com.android.server.wifi.WifiConfigStore$1@335a8e6
1970-01-01 00:35:08.122 2280-2341/system_process D/WifiConfigStore: Writing to stores completed in 17 ms.
1970-01-01 00:35:08.124 2280-2343/system_process D/WificondScannerImpl: processPendingScans in request of startSingleScan
1970-01-01 00:35:08.138 2280-2343/system_process D/WificondScannerImpl: Starting wifi scan for freqs=null, background=false, single=true
1970-01-01 00:35:13.982 2280-2341/system_process W/LastMileLogger: Failed to stop event tracing: /sys/kernel/debug/tracing/instances/wifi/tracing_on (Permission denied)
1970-01-01 00:35:13.983 2280-2341/system_process W/LastMileLogger: Failed to read event trace: /sys/kernel/debug/tracing/instances/wifi/trace: open failed: EACCES (Permission denied)
1970-01-01 00:35:14.009 2280-2807/system_process D/WificondControl: Scan result ready event
1970-01-01 00:35:14.028 2280-2343/system_process D/WificondScannerImpl: processPendingScans in request of SCAN_RESULTS_EVENT
1970-01-01 00:35:14.038 2280-2341/system_process D/WifiStateMachine: CMD_START_ROAM sup state DisconnectedState my state ConnectedState nid=0 config "VisitorPortal"NONE targetRoamBSSID a8:9d:21:42:d5:ee
1970-01-01 00:35:14.039 2280-2341/system_process W/LastMileLogger: Failed to open free_buffer pseudo-file: /sys/kernel/debug/tracing/instances/wifi/free_buffer (Permission denied)
1970-01-01 00:35:14.039 2280-2341/system_process W/LastMileLogger: Failed to arm fail-safe.
1970-01-01 00:35:14.039 2280-2341/system_process D/SupplicantStaIfaceHal: roamToNetwork"VisitorPortal"NONE (bssid a8:9d:21:42:d5:ee)
1970-01-01 00:35:14.044 2483-2483/? I/wpa_supplicant: wlan0: SME: Trying to authenticate with a8:9d:21:42:d5:ee (SSID='VisitorPortal' freq=5180 MHz)
1970-01-01 00:35:14.045 2280-2341/system_process D/WifiStateMachine: WifiStateMachine: Leaving Connected state
1970-01-01 00:35:14.046 2280-2341/system_process D/WifiStateMachine: Start Roam Watchdog 377
1970-01-01 00:35:14.168 2483-2483/? I/wpa_supplicant: wlan0: Trying to associate with a8:9d:21:42:d5:ee (SSID='VisitorPortal' freq=5180 MHz)
1970-01-01 00:35:14.230 2483-2483/? I/wpa_supplicant: nl80211: send_and_recv->nl_recvmsgs failed: -33
1970-01-01 00:35:14.231 2483-2483/? I/wpa_supplicant: wlan0: Associated with a8:9d:21:42:d5:ee
1970-01-01 00:35:14.240 2483-2483/? I/wpa_supplicant: wlan0: CTRL-EVENT-CONNECTED - Connection to a8:9d:21:42:d5:ee completed [id=0 id_str=%7B%22configKey%22%3A%22%5C%22VisitorPortal%5C%22NONE%22%2C%22creatorUid%22%3A%221000%22%7D]
1970-01-01 00:35:14.243 2483-2483/? I/wpa_supplicant: wlan0: CTRL-EVENT-SUBNET-STATUS-UPDATE status=0
1970-01-01 00:35:14.250 2280-2341/system_process W/LastMileLogger: Failed to stop event tracing: /sys/kernel/debug/tracing/instances/wifi/tracing_on (Permission denied)
1970-01-01 00:35:14.252 2280-2341/system_process D/WifiStateMachine: WifiStateMachine: Leaving Roaming state
1970-01-01 00:35:28.125 2280-2341/system_process W/AlarmManager: Unrecognized alarm listener com.android.server.wifi.WifiConfigStore$1@335a8e6
1970-01-01 00:35:28.144 2280-2341/system_process D/WifiConfigStore: Writing to stores completed in 19 ms.
1970-01-01 00:35:28.148 2280-2343/system_process D/WificondScannerImpl: processPendingScans in request of startSingleScan
1970-01-01 00:35:28.170 2280-2343/system_process D/WificondScannerImpl: Starting wifi scan for freqs=null, background=false, single=true
1970-01-01 00:35:34.000 2280-2341/system_process W/LastMileLogger: Failed to stop event tracing: /sys/kernel/debug/tracing/instances/wifi/tracing_on (Permission denied)
1970-01-01 00:35:34.001 2280-2341/system_process W/LastMileLogger: Failed to read event trace: /sys/kernel/debug/tracing/instances/wifi/trace: open failed: EACCES (Permission denied)
1970-01-01 00:35:34.081 2189-2189/? I/chatty: uid=1010(wifi) /system/bin/wificond identical 7 lines
1970-01-01 00:35:34.082 2280-2435/system_process D/WificondControl: Scan result ready event
1970-01-01 00:35:34.095 2280-2343/system_process D/WificondScannerImpl: processPendingScans in request of SCAN_RESULTS_EVENT
1970-01-01 00:35:34.110 2280-2341/system_process D/WifiStateMachine: CMD_START_ROAM sup state DisconnectedState my state ConnectedState nid=0 config "VisitorPortal"NONE targetRoamBSSID a8:9d:21:42:d5:ee
1970-01-01 00:35:34.111 2280-2341/system_process W/LastMileLogger: Failed to open free_buffer pseudo-file: /sys/kernel/debug/tracing/instances/wifi/free_buffer (Permission denied)
1970-01-01 00:35:34.111 2280-2341/system_process W/LastMileLogger: Failed to arm fail-safe.
1970-01-01 00:35:34.111 2280-2341/system_process D/SupplicantStaIfaceHal: roamToNetwork"VisitorPortal"NONE (bssid a8:9d:21:42:d5:ee)
1970-01-01 00:35:34.115 2483-2483/? I/wpa_supplicant: wlan0: SME: Trying to authenticate with a8:9d:21:42:d5:ee (SSID='VisitorPortal' freq=5180 MHz)
1970-01-01 00:35:34.127 2280-2341/system_process D/WifiStateMachine: WifiStateMachine: Leaving Connected state
1970-01-01 00:35:34.128 2280-2341/system_process D/WifiStateMachine: Start Roam Watchdog 378
1970-01-01 00:35:34.253 2483-2483/? I/wpa_supplicant: wlan0: Trying to associate with a8:9d:21:42:d5:ee (SSID='VisitorPortal' freq=5180 MHz)
1970-01-01 00:35:34.299 2483-2483/? I/wpa_supplicant: wlan0: Associated with a8:9d:21:42:d5:ee
1970-01-01 00:35:34.309 2483-2483/? I/wpa_supplicant: wlan0: CTRL-EVENT-CONNECTED - Connection to a8:9d:21:42:d5:ee completed [id=0 id_str=%7B%22configKey%22%3A%22%5C%22VisitorPortal%5C%22NONE%22%2C%22creatorUid%22%3A%221000%22%7D]
1970-01-01 00:35:34.312 2483-2483/? I/wpa_supplicant: wlan0: CTRL-EVENT-SUBNET-STATUS-UPDATE status=0
1970-01-01 00:35:34.320 2280-2341/system_process W/LastMileLogger: Failed to stop event tracing: /sys/kernel/debug/tracing/instances/wifi/tracing_on (Permission denied)
1970-01-01 00:35:34.322 2280-2341/system_process D/WifiStateMachine: WifiStateMachine: Leaving Roaming state
1970-01-01 00:35:48.148 2280-2341/system_process W/AlarmManager: Unrecognized alarm listener com.android.server.wifi.WifiConfigStore$1@335a8e6
1970-01-01 00:35:48.165 2280-2341/system_process D/WifiConfigStore: Writing to stores completed in 17 ms.
1970-01-01 00:35:48.168 2280-2343/system_process D/WificondScannerImpl: processPendingScans in request of startSingleScan
1970-01-01 00:35:48.180 2280-2343/system_process D/WificondScannerImpl: Starting wifi scan for freqs=null, background=false, single=true
1970-01-01 00:35:53.936 2280-2341/system_process W/LastMileLogger: Failed to stop event tracing: /sys/kernel/debug/tracing/instances/wifi/tracing_on (Permission denied)
1970-01-01 00:35:53.937 2280-2341/system_process W/LastMileLogger: Failed to read event trace: /sys/kernel/debug/tracing/instances/wifi/trace: open failed: EACCES (Permission denied)
1970-01-01 00:35:54.163 2189-2189/? I/wificond: Received scan result notification from kernel.
1970-01-01 00:35:54.164 2280-2435/system_process D/WificondControl: Scan result ready event
1970-01-01 00:35:54.179 2280-2343/system_process D/WificondScannerImpl: processPendingScans in request of SCAN_RESULTS_EVENT
1970-01-01 00:35:54.193 2280-2341/system_process D/WifiStateMachine: CMD_START_ROAM sup state DisconnectedState my state ConnectedState nid=0 config "VisitorPortal"NONE targetRoamBSSID a8:9d:21:42:d5:ee
1970-01-01 00:35:54.194 2280-2341/system_process W/LastMileLogger: Failed to open free_buffer pseudo-file: /sys/kernel/debug/tracing/instances/wifi/free_buffer (Permission denied)
1970-01-01 00:35:54.194 2280-2341/system_process W/LastMileLogger: Failed to arm fail-safe.
1970-01-01 00:35:54.194 2280-2341/system_process D/SupplicantStaIfaceHal: roamToNetwork"VisitorPortal"NONE (bssid a8:9d:21:42:d5:ee)
1970-01-01 00:35:54.198 2483-2483/? I/wpa_supplicant: wlan0: SME: Trying to authenticate with a8:9d:21:42:d5:ee (SSID='VisitorPortal' freq=5180 MHz)
1970-01-01 00:35:54.210 2280-2341/system_process D/WifiStateMachine: WifiStateMachine: Leaving Connected state
1970-01-01 00:35:54.211 2280-2341/system_process D/WifiStateMachine: Start Roam Watchdog 379
1970-01-01 00:35:54.332 2189-2189/? I/wificond: Received external scan result notification from kernel.
1970-01-01 00:35:54.333 2280-2435/system_process D/WificondControl: Scan result ready event
1970-01-01 00:35:54.334 2280-2343/system_process W/AlarmManager: Unrecognized alarm listener com.android.server.wifi.scanner.WificondScannerImpl$3@6c69e73
1970-01-01 00:35:54.334 2280-2343/system_process D/WificondScannerImpl: processPendingScans in request of SCAN_RESULTS_EVENT
1970-01-01 00:35:54.387 2483-2483/? I/wpa_supplicant: wlan0: Trying to associate with a8:9d:21:42:d5:ee (SSID='VisitorPortal' freq=5180 MHz)
1970-01-01 00:35:54.449 2483-2483/? I/wpa_supplicant: wlan0: Associated with a8:9d:21:42:d5:ee
1970-01-01 00:35:54.462 2483-2483/? I/wpa_supplicant: wlan0: CTRL-EVENT-CONNECTED - Connection to a8:9d:21:42:d5:ee completed [id=0 id_str=%7B%22configKey%22%3A%22%5C%22VisitorPortal%5C%22NONE%22%2C%22creatorUid%22%3A%221000%22%7D]
1970-01-01 00:35:54.464 2483-2483/? I/wpa_supplicant: wlan0: CTRL-EVENT-SUBNET-STATUS-UPDATE status=0
1970-01-01 00:35:54.471 2280-2341/system_process W/LastMileLogger: Failed to stop event tracing: /sys/kernel/debug/tracing/instances/wifi/tracing_on (Permission denied)
1970-01-01 00:35:54.476 2280-2341/system_process D/WifiStateMachine: WifiStateMachine: Leaving Roaming state
1970-01-01 00:36:04.187 2280-2341/system_process W/AlarmManager: Unrecognized alarm listener com.android.server.wifi.WifiConfigStore$1@335a8e6
1970-01-01 00:36:04.206 2280-2341/system_process D/WifiConfigStore: Writing to stores completed in 19 ms.
1970-01-01 00:36:08.170 2280-2343/system_process D/WificondScannerImpl: processPendingScans in request of startSingleScan
1970-01-01 00:36:08.195 2280-2343/system_process D/WificondScannerImpl: Starting wifi scan for freqs=null, background=false, single=true
1970-01-01 00:36:14.042 2280-2341/system_process W/LastMileLogger: Failed to stop event tracing: /sys/kernel/debug/tracing/instances/wifi/tracing_on (Permission denied)
1970-01-01 00:36:14.043 2280-2341/system_process W/LastMileLogger: Failed to read event trace: /sys/kernel/debug/tracing/instances/wifi/trace: open failed: EACCES (Permission denied)
1970-01-01 00:36:14.071 2189-2189/? I/wificond: Received scan result notification from kernel.
1970-01-01 00:36:14.072 2280-2807/system_process D/WificondControl: Scan result ready event
1970-01-01 00:36:14.081 2280-2343/system_process D/WificondScannerImpl: processPendingScans in request of SCAN_RESULTS_EVENT
1970-01-01 00:36:14.102 2280-2341/system_process D/WifiStateMachine: CMD_START_ROAM sup state DisconnectedState my state ConnectedState nid=0 config "VisitorPortal"NONE targetRoamBSSID a8:9d:21:42:d5:ee
1970-01-01 00:36:14.103 2280-2341/system_process W/LastMileLogger: Failed to open free_buffer pseudo-file: /sys/kernel/debug/tracing/instances/wifi/free_buffer (Permission denied)
1970-01-01 00:36:14.103 2280-2341/system_process W/LastMileLogger: Failed to arm fail-safe.
1970-01-01 00:36:14.103 2280-2341/system_process D/SupplicantStaIfaceHal: roamToNetwork"VisitorPortal"NONE (bssid a8:9d:21:42:d5:ee)
1970-01-01 00:36:14.108 2483-2483/? I/wpa_supplicant: wlan0: SME: Trying to authenticate with a8:9d:21:42:d5:ee (SSID='VisitorPortal' freq=5180 MHz)
1970-01-01 00:36:14.110 2280-2341/system_process D/WifiStateMachine: WifiStateMachine: Leaving Connected state
1970-01-01 00:36:14.112 2280-2341/system_process D/WifiStateMachine: Start Roam Watchdog 380
1970-01-01 00:36:14.238 2483-2483/? I/wpa_supplicant: wlan0: Trying to associate with a8:9d:21:42:d5:ee (SSID='VisitorPortal' freq=5180 MHz)
1970-01-01 00:36:14.403 2483-2483/? I/wpa_supplicant: wlan0: Associated with a8:9d:21:42:d5:ee
1970-01-01 00:36:14.412 2483-2483/? I/wpa_supplicant: wlan0: CTRL-EVENT-CONNECTED - Connection to a8:9d:21:42:d5:ee completed [id=0 id_str=%7B%22configKey%22%3A%22%5C%22VisitorPortal%5C%22NONE%22%2C%22creatorUid%22%3A%221000%22%7D]
1970-01-01 00:36:14.414 2483-2483/? I/wpa_supplicant: wlan0: CTRL-EVENT-SUBNET-STATUS-UPDATE status=0
1970-01-01 00:36:14.419 2280-2341/system_process W/LastMileLogger: Failed to stop event tracing: /sys/kernel/debug/tracing/instances/wifi/tracing_on (Permission denied)
1970-01-01 00:36:14.423 2280-2341/system_process D/WifiStateMachine: WifiStateMachine: Leaving Roaming state
1970-01-01 00:36:24.092 2280-2341/system_process W/AlarmManager: Unrecognized alarm listener com.android.server.wifi.WifiConfigStore$1@335a8e6
1970-01-01 00:36:24.112 2280-2341/system_process D/WifiConfigStore: Writing to stores completed in 20 ms.
1970-01-01 00:36:28.172 2280-2343/system_process D/WificondScannerImpl: processPendingScans in request of startSingleScan
1970-01-01 00:36:28.190 2280-2343/system_process D/WificondScannerImpl: Starting wifi scan for freqs=null, background=false, single=true
1970-01-01 00:36:34.022 2280-2807/system_process D/WificondControl: Scan result ready event
1970-01-01 00:36:34.035 2280-2343/system_process D/WificondScannerImpl: processPendingScans in request of SCAN_RESULTS_EVENT
1970-01-01 00:36:34.049 2280-2341/system_process D/WifiStateMachine: CMD_START_ROAM sup state DisconnectedState my state ConnectedState nid=0 config "VisitorPortal"NONE targetRoamBSSID a8:9d:21:42:d5:ee
1970-01-01 00:36:34.051 2280-2341/system_process W/LastMileLogger: Failed to open free_buffer pseudo-file: /sys/kernel/debug/tracing/instances/wifi/free_buffer (Permission denied)
1970-01-01 00:36:34.051 2280-2341/system_process W/LastMileLogger: Failed to arm fail-safe.
1970-01-01 00:36:34.051 2280-2341/system_process D/SupplicantStaIfaceHal: roamToNetwork"VisitorPortal"NONE (bssid a8:9d:21:42:d5:ee)
1970-01-01 00:36:34.055 2483-2483/? I/wpa_supplicant: wlan0: SME: Trying to authenticate with a8:9d:21:42:d5:ee (SSID='VisitorPortal' freq=5180 MHz)
1970-01-01 00:36:34.067 2280-2341/system_process D/WifiStateMachine: WifiStateMachine: Leaving Connected state
1970-01-01 00:36:34.068 2280-2341/system_process D/WifiStateMachine: Start Roam Watchdog 381
1970-01-01 00:36:34.180 2483-2483/? I/wpa_supplicant: wlan0: Trying to associate with a8:9d:21:42:d5:ee (SSID='VisitorPortal' freq=5180 MHz)
1970-01-01 00:36:34.237 2483-2483/? I/wpa_supplicant: nl80211: send_and_recv->nl_recvmsgs failed: -33
1970-01-01 00:36:34.238 2483-2483/? I/wpa_supplicant: wlan0: Associated with a8:9d:21:42:d5:ee
1970-01-01 00:36:34.249 2483-2483/? I/wpa_supplicant: wlan0: CTRL-EVENT-CONNECTED - Connection to a8:9d:21:42:d5:ee completed [id=0 id_str=%7B%22configKey%22%3A%22%5C%22VisitorPortal%5C%22NONE%22%2C%22creatorUid%22%3A%221000%22%7D]
1970-01-01 00:36:34.252 2483-2483/? I/wpa_supplicant: wlan0: CTRL-EVENT-SUBNET-STATUS-UPDATE status=0
1970-01-01 00:36:34.257 2280-2341/system_process W/LastMileLogger: Failed to stop event tracing: /sys/kernel/debug/tracing/instances/wifi/tracing_on (Permission denied)
1970-01-01 00:36:34.261 2280-2341/system_process D/WifiStateMachine: WifiStateMachine: Leaving Roaming state
1970-01-01 00:36:48.173 2280-2341/system_process W/AlarmManager: Unrecognized alarm listener com.android.server.wifi.WifiConfigStore$1@335a8e6
1970-01-01 00:36:48.192 2280-2341/system_process D/WifiConfigStore: Writing to stores completed in 19 ms.
1970-01-01 00:36:48.196 2280-2343/system_process D/WificondScannerImpl: processPendingScans in request of startSingleScan
1970-01-01 00:36:48.213 2280-2343/system_process D/WificondScannerImpl: Starting wifi scan for freqs=null, background=false, single=true
1970-01-01 00:36:54.113 2280-2807/system_process D/WificondControl: Scan result ready event
1970-01-01 00:36:54.129 2280-2343/system_process D/WificondScannerImpl: processPendingScans in request of SCAN_RESULTS_EVENT
1970-01-01 00:36:54.140 2280-2341/system_process D/WifiStateMachine: CMD_START_ROAM sup state DisconnectedState my state ConnectedState nid=0 config "VisitorPortal"NONE targetRoamBSSID a8:9d:21:42:d5:ee
1970-01-01 00:36:54.141 2280-2341/system_process W/LastMileLogger: Failed to open free_buffer pseudo-file: /sys/kernel/debug/tracing/instances/wifi/free_buffer (Permission denied)
1970-01-01 00:36:54.141 2280-2341/system_process W/LastMileLogger: Failed to arm fail-safe.
1970-01-01 00:36:54.141 2280-2341/system_process D/SupplicantStaIfaceHal: roamToNetwork"VisitorPortal"NONE (bssid a8:9d:21:42:d5:ee)
1970-01-01 00:36:54.145 2483-2483/? I/wpa_supplicant: wlan0: SME: Trying to authenticate with a8:9d:21:42:d5:ee (SSID='VisitorPortal' freq=5180 MHz)
1970-01-01 00:36:54.157 2280-2341/system_process D/WifiStateMachine: WifiStateMachine: Leaving Connected state
1970-01-01 00:36:54.158 2280-2341/system_process D/WifiStateMachine: Start Roam Watchdog 382
1970-01-01 00:36:54.266 2483-2483/? I/wpa_supplicant: wlan0: Trying to associate with a8:9d:21:42:d5:ee (SSID='VisitorPortal' freq=5180 MHz)
1970-01-01 00:36:54.314 2483-2483/? I/wpa_supplicant: wlan0: Associated with a8:9d:21:42:d5:ee
1970-01-01 00:36:54.327 2483-2483/? I/wpa_supplicant: wlan0: CTRL-EVENT-CONNECTED - Connection to a8:9d:21:42:d5:ee completed [id=0 id_str=%7B%22configKey%22%3A%22%5C%22VisitorPortal%5C%22NONE%22%2C%22creatorUid%22%3A%221000%22%7D]
1970-01-01 00:36:54.329 2483-2483/? I/wpa_supplicant: wlan0: CTRL-EVENT-SUBNET-STATUS-UPDATE status=0
1970-01-01 00:36:54.335 2280-2341/system_process W/LastMileLogger: Failed to stop event tracing: /sys/kernel/debug/tracing/instances/wifi/tracing_on (Permission denied)
1970-01-01 00:36:54.337 2280-2341/system_process D/WifiStateMachine: WifiStateMachine: Leaving Roaming state
1970-01-01 00:37:08.197 2280-2341/system_process W/AlarmManager: Unrecognized alarm listener com.android.server.wifi.WifiConfigStore$1@335a8e6
1970-01-01 00:37:08.216 2280-2341/system_process D/WifiConfigStore: Writing to stores completed in 19 ms.
1970-01-01 00:37:08.220 2280-2343/system_process D/WificondScannerImpl: processPendingScans in request of startSingleScan
1970-01-01 00:37:08.238 2280-2343/system_process D/WificondScannerImpl: Starting wifi scan for freqs=null, background=false, single=true
1970-01-01 00:37:14.091 2189-2189/? I/chatty: uid=1010(wifi) /system/bin/wificond identical 3 lines
1970-01-01 00:37:14.092 2280-2435/system_process D/WificondControl: Scan result ready event
1970-01-01 00:37:14.104 2280-2341/system_process W/LastMileLogger: Failed to stop event tracing: /sys/kernel/debug/tracing/instances/wifi/tracing_on (Permission denied)
1970-01-01 00:37:14.105 2280-2341/system_process W/LastMileLogger: Failed to read event trace: /sys/kernel/debug/tracing/instances/wifi/trace: open failed: EACCES (Permission denied)
1970-01-01 00:37:14.106 2280-2343/system_process D/WificondScannerImpl: processPendingScans in request of SCAN_RESULTS_EVENT
1970-01-01 00:37:14.117 2280-2341/system_process D/WifiStateMachine: CMD_START_ROAM sup state DisconnectedState my state ConnectedState nid=0 config "VisitorPortal"NONE targetRoamBSSID a8:9d:21:42:d5:ee
1970-01-01 00:37:14.119 2280-2341/system_process W/LastMileLogger: Failed to open free_buffer pseudo-file: /sys/kernel/debug/tracing/instances/wifi/free_buffer (Permission denied)
1970-01-01 00:37:14.119 2280-2341/system_process W/LastMileLogger: Failed to arm fail-safe.
1970-01-01 00:37:14.119 2280-2341/system_process D/SupplicantStaIfaceHal: roamToNetwork"VisitorPortal"NONE (bssid a8:9d:21:42:d5:ee)
1970-01-01 00:37:14.123 2483-2483/? I/wpa_supplicant: wlan0: SME: Trying to authenticate with a8:9d:21:42:d5:ee (SSID='VisitorPortal' freq=5180 MHz)
1970-01-01 00:37:14.135 2280-2341/system_process D/WifiStateMachine: WifiStateMachine: Leaving Connected state
1970-01-01 00:37:14.136 2280-2341/system_process D/WifiStateMachine: Start Roam Watchdog 383
1970-01-01 00:37:14.256 2483-2483/? I/wpa_supplicant: wlan0: Trying to associate with a8:9d:21:42:d5:ee (SSID='VisitorPortal' freq=5180 MHz)
1970-01-01 00:37:14.303 2483-2483/? I/wpa_supplicant: wlan0: Associated with a8:9d:21:42:d5:ee
1970-01-01 00:37:14.321 2483-2483/? I/wpa_supplicant: wlan0: CTRL-EVENT-CONNECTED - Connection to a8:9d:21:42:d5:ee completed [id=0 id_str=%7B%22configKey%22%3A%22%5C%22VisitorPortal%5C%22NONE%22%2C%22creatorUid%22%3A%221000%22%7D]
1970-01-01 00:37:14.325 2483-2483/? I/wpa_supplicant: wlan0: CTRL-EVENT-SUBNET-STATUS-UPDATE status=0
1970-01-01 00:37:14.332 2280-2341/system_process W/LastMileLogger: Failed to stop event tracing: /sys/kernel/debug/tracing/instances/wifi/tracing_on (Permission denied)
1970-01-01 00:37:14.335 2280-2341/system_process D/WifiStateMachine: WifiStateMachine: Leaving Roaming state
1970-01-01 00:37:28.224 2280-2341/system_process W/AlarmManager: Unrecognized alarm listener com.android.server.wifi.WifiConfigStore$1@335a8e6
1970-01-01 00:37:28.244 2280-2341/system_process D/WifiConfigStore: Writing to stores completed in 20 ms.
1970-01-01 00:37:28.247 2280-2343/system_process D/WificondScannerImpl: processPendingScans in request of startSingleScan
1970-01-01 00:37:28.257 2280-2343/system_process D/WificondScannerImpl: Starting wifi scan for freqs=null, background=false, single=true
1970-01-01 00:37:34.056 2280-2341/system_process W/LastMileLogger: Failed to stop event tracing: /sys/kernel/debug/tracing/instances/wifi/tracing_on (Permission denied)
1970-01-01 00:37:34.057 2280-2341/system_process W/LastMileLogger: Failed to read event trace: /sys/kernel/debug/tracing/instances/wifi/trace: open failed: EACCES (Permission denied)
1970-01-01 00:37:34.121 2189-2189/? I/wificond: Received scan result notification from kernel.
1970-01-01 00:37:34.124 2280-2435/system_process D/WificondControl: Scan result ready event
1970-01-01 00:37:34.136 2280-2343/system_process D/WificondScannerImpl: processPendingScans in request of SCAN_RESULTS_EVENT
1970-01-01 00:37:34.150 2280-2341/system_process D/WifiStateMachine: CMD_START_ROAM sup state DisconnectedState my state ConnectedState nid=0 config "VisitorPortal"NONE targetRoamBSSID a8:9d:21:42:d5:ee
1970-01-01 00:37:34.151 2280-2341/system_process W/LastMileLogger: Failed to open free_buffer pseudo-file: /sys/kernel/debug/tracing/instances/wifi/free_buffer (Permission denied)
1970-01-01 00:37:34.151 2280-2341/system_process W/LastMileLogger: Failed to arm fail-safe.
1970-01-01 00:37:34.151 2280-2341/system_process D/SupplicantStaIfaceHal: roamToNetwork"VisitorPortal"NONE (bssid a8:9d:21:42:d5:ee)
1970-01-01 00:37:34.155 2483-2483/? I/wpa_supplicant: wlan0: SME: Trying to authenticate with a8:9d:21:42:d5:ee (SSID='VisitorPortal' freq=5180 MHz)
1970-01-01 00:37:34.166 2280-2341/system_process D/WifiStateMachine: WifiStateMachine: Leaving Connected state
1970-01-01 00:37:34.167 2280-2341/system_process D/WifiStateMachine: Start Roam Watchdog 384
1970-01-01 00:37:34.284 2483-2483/? I/wpa_supplicant: wlan0: Trying to associate with a8:9d:21:42:d5:ee (SSID='VisitorPortal' freq=5180 MHz)
1970-01-01 00:37:34.291 2189-2189/? E/wificond: Received error message: Math result not representable
1970-01-01 00:37:34.291 2189-2189/? E/wificond: NL80211_CMD_GET_STATION failed
1970-01-01 00:37:34.292 2280-2341/system_process E/WificondControl: Invalid signal poll result from wificond
1970-01-01 00:37:34.328 2483-2483/? I/wpa_supplicant: wlan0: Associated with a8:9d:21:42:d5:ee
1970-01-01 00:37:34.338 2483-2483/? I/wpa_supplicant: wlan0: CTRL-EVENT-CONNECTED - Connection to a8:9d:21:42:d5:ee completed [id=0 id_str=%7B%22configKey%22%3A%22%5C%22VisitorPortal%5C%22NONE%22%2C%22creatorUid%22%3A%221000%22%7D]
1970-01-01 00:37:34.340 2483-2483/? I/wpa_supplicant: wlan0: CTRL-EVENT-SUBNET-STATUS-UPDATE status=0
1970-01-01 00:37:34.347 2280-2341/system_process W/LastMileLogger: Failed to stop event tracing: /sys/kernel/debug/tracing/instances/wifi/tracing_on (Permission denied)
1970-01-01 00:37:34.349 2280-2341/system_process D/WifiStateMachine: WifiStateMachine: Leaving Roaming state
1970-01-01 00:37:44.145 2280-2341/system_process W/AlarmManager: Unrecognized alarm listener com.android.server.wifi.WifiConfigStore$1@335a8e6
1970-01-01 00:37:44.164 2280-2341/system_process D/WifiConfigStore: Writing to stores completed in 19 ms.
1970-01-01 00:37:48.249 2280-2343/system_process D/WificondScannerImpl: processPendingScans in request of startSingleScan
1970-01-01 00:37:48.270 2280-2343/system_process D/WificondScannerImpl: Starting wifi scan for freqs=null, background=false, single=true
1970-01-01 00:37:52.535 2280-10532/system_process D/NetworkMonitor/NetworkAgentInfo[WIFI()-138]: Forcing reevaluation for UID 0
1970-01-01 00:37:52.559 2280-10745/system_process D/NetworkMonitor/NetworkAgentInfo[WIFI()-138]: PROBE_DNS connectivitycheck.gstatic.com 18ms OK 172.217.5.227
1970-01-01 00:37:52.662 2280-10744/system_process D/NetworkMonitor/NetworkAgentInfo[WIFI()-138]: PROBE_DNS www.google.com 121ms OK 172.217.15.100
1970-01-01 00:37:54.144 2280-2341/system_process W/LastMileLogger: Failed to stop event tracing: /sys/kernel/debug/tracing/instances/wifi/tracing_on (Permission denied)
1970-01-01 00:37:54.145 2280-2341/system_process W/LastMileLogger: Failed to read event trace: /sys/kernel/debug/tracing/instances/wifi/trace: open failed: EACCES (Permission denied)
1970-01-01 00:37:54.229 2189-2189/? I/wificond: Received scan result notification from kernel.
1970-01-01 00:37:54.231 2280-2435/system_process D/WificondControl: Scan result ready event
1970-01-01 00:37:54.244 2280-2343/system_process D/WificondScannerImpl: processPendingScans in request of SCAN_RESULTS_EVENT
1970-01-01 00:37:54.257 2280-2341/system_process D/WifiStateMachine: CMD_START_ROAM sup state DisconnectedState my state ConnectedState nid=0 config "VisitorPortal"NONE targetRoamBSSID a8:9d:21:42:d5:ee
1970-01-01 00:37:54.258 2280-2341/system_process W/LastMileLogger: Failed to open free_buffer pseudo-file: /sys/kernel/debug/tracing/instances/wifi/free_buffer (Permission denied)
1970-01-01 00:37:54.259 2280-2341/system_process W/LastMileLogger: Failed to arm fail-safe.
1970-01-01 00:37:54.259 2280-2341/system_process D/SupplicantStaIfaceHal: roamToNetwork"VisitorPortal"NONE (bssid a8:9d:21:42:d5:ee)
1970-01-01 00:37:54.263 2483-2483/? I/wpa_supplicant: wlan0: SME: Trying to authenticate with a8:9d:21:42:d5:ee (SSID='VisitorPortal' freq=5180 MHz)
1970-01-01 00:37:54.275 2280-2341/system_process D/WifiStateMachine: WifiStateMachine: Leaving Connected state
1970-01-01 00:37:54.276 2280-2341/system_process D/WifiStateMachine: Start Roam Watchdog 385
1970-01-01 00:37:54.393 2483-2483/? I/wpa_supplicant: wlan0: Trying to associate with a8:9d:21:42:d5:ee (SSID='VisitorPortal' freq=5180 MHz)
1970-01-01 00:37:54.451 2483-2483/? I/wpa_supplicant: wlan0: Associated with a8:9d:21:42:d5:ee
1970-01-01 00:37:54.463 2483-2483/? I/wpa_supplicant: wlan0: CTRL-EVENT-CONNECTED - Connection to a8:9d:21:42:d5:ee completed [id=0 id_str=%7B%22configKey%22%3A%22%5C%22VisitorPortal%5C%22NONE%22%2C%22creatorUid%22%3A%221000%22%7D]
1970-01-01 00:37:54.466 2483-2483/? I/wpa_supplicant: wlan0: CTRL-EVENT-SUBNET-STATUS-UPDATE status=0
1970-01-01 00:37:54.472 2280-2341/system_process W/LastMileLogger: Failed to stop event tracing: /sys/kernel/debug/tracing/instances/wifi/tracing_on (Permission denied)
1970-01-01 00:37:54.484 2280-2341/system_process D/WifiStateMachine: WifiStateMachine: Leaving Roaming state
1970-01-01 00:38:00.560 2280-10535/system_process W/IpReachabilityMonitor: ALERT: NeighborEvent{elapsedMs=20274554, 10.80.128.1, [(null)], RTM_NEWNEIGH, NUD_FAILED}
1970-01-01 00:38:00.561 2280-10535/system_process W/IpReachabilityMonitor: FAILURE: LOST_PROVISIONING, NeighborEvent{elapsedMs=20274554, 10.80.128.1, [(null)], RTM_NEWNEIGH, NUD_FAILED}
1970-01-01 00:38:00.626 2483-2483/? I/wpa_supplicant: wlan0: CTRL-EVENT-DISCONNECTED bssid=a8:9d:21:42:d5:ee reason=3 locally_generated=1
1970-01-01 00:38:00.627 2483-2483/? E/wpa_supplicant: nl80211: Failed to open /proc/sys/net/ipv4/conf/wlan0/drop_unicast_in_l2_multicast: No such file or directory
1970-01-01 00:38:00.627 2483-2483/? E/wpa_supplicant: nl80211: Failed to set IPv4 unicast in multicast filter
1970-01-01 00:38:00.628 2483-2483/? E/wpa_supplicant: nl80211: Failed to open /proc/sys/net/ipv4/conf/wlan0/drop_unicast_in_l2_multicast: No such file or directory
1970-01-01 00:38:00.628 2483-2483/? E/wpa_supplicant: nl80211: Failed to set IPv4 unicast in multicast filter
1970-01-01 00:38:00.630 2280-2341/system_process D/WifiStateMachine: WifiStateMachine: Leaving Connected state
1970-01-01 00:38:00.631 2280-2341/system_process W/WifiConfigManager: Looking up network with invalid networkId -1
1970-01-01 00:38:00.632 2280-2342/system_process D/DhcpClient: doQuit
1970-01-01 00:38:00.632 2280-2341/system_process E/SupplicantStaIfaceHal: ISupplicantStaIface.setBtCoexistenceMode failed: FAILURE_UNKNOWN, 
1970-01-01 00:38:00.633 2280-2345/system_process D/ConnectivityService: NetworkAgentInfo [WIFI () - 138] EVENT_NETWORK_INFO_CHANGED, going from CONNECTED to DISCONNECTED
1970-01-01 00:38:00.633 2280-10534/system_process D/DhcpClient: onQuitting
1970-01-01 00:38:00.633 2280-2345/system_process D/ConnectivityService: NetworkAgentInfo [WIFI () - 138] got DISCONNECTED, was satisfying 3
1970-01-01 00:38:00.634 2188-2249/? D/CommandListener: Setting iface cfg
1970-01-01 00:38:00.636 2280-2341/system_process D/WifiStateMachine: Start Disconnecting Watchdog 27
1970-01-01 00:38:00.637 2280-2341/system_process W/WifiConfigManager: Looking up network with invalid networkId -1
1970-01-01 00:38:00.641 2188-2241/? I/Netd: Destroyed 3 sockets on 10.80.128.47 in 2.3 ms
1970-01-01 00:38:00.643 2280-10745/system_process D/NetworkMonitor/NetworkAgentInfo[WIFI()-138]: PROBE_HTTP http://connectivitycheck.gstatic.com/generate_204 Probably not a portal: exception java.net.ConnectException: Failed to connect to connectivitycheck.gstatic.com/172.217.5.227:80
1970-01-01 00:38:00.644 2280-10532/system_process D/NetworkMonitor/NetworkAgentInfo[WIFI()-138]: PROBE_FALLBACK http://www.google.com/gen_204 Probably not a portal: exception java.net.ConnectException: Failed to connect to www.google.com/172.217.15.100:80
1970-01-01 00:38:00.644 2280-10744/system_process D/NetworkMonitor/NetworkAgentInfo[WIFI()-138]: PROBE_HTTPS https://www.google.com/generate_204 Probably not a portal: exception java.net.ConnectException: Failed to connect to www.google.com/172.217.15.100:443
1970-01-01 00:38:00.662 2280-10536/system_process D/DhcpClient: Receive thread stopped
1970-01-01 00:38:00.691 2280-2341/system_process E/SupplicantStaIfaceHal: ISupplicantStaIface.setBtCoexistenceMode failed: FAILURE_UNKNOWN, 
1970-01-01 00:38:00.693 2280-2341/system_process D/WifiNetworkAgent: NetworkAgent: NetworkAgent channel lost
1970-01-01 00:38:00.693 2280-2343/system_process D/WificondScannerImpl: processPendingScans in request of startSingleScan
1970-01-01 00:38:00.697 2280-2341/system_process E/HalDeviceManager: Should have at least 1 chip!
1970-01-01 00:38:00.697 2280-2341/system_process E/HalDeviceManager: getSupportedIfaceTypesInternal: no chip info found
1970-01-01 00:38:00.697 2280-2297/system_process E/BatteryStatsService: no controller energy info supplied
1970-01-01 00:38:00.699 2280-2297/system_process E/KernelWakelockReader: neither /proc/wakelocks nor /d/wakeup_sources exists
1970-01-01 00:38:00.700 2280-2297/system_process W/BatteryStatsImpl: Couldn't get kernel wake lock stats
1970-01-01 00:38:00.704 2280-2343/system_process D/WificondScannerImpl: Starting wifi scan for freqs=null, background=false, single=true
1970-01-01 00:38:00.727 10757-10757/? W/iptables: type=1400 audit(0.0:1671): avc: granted { getattr } for path="/vendor" dev="rootfs" ino=10003 scontext=u:r:netd:s0 tcontext=u:object_r:rootfs:s0 tclass=lnk_file
1970-01-01 00:38:00.735 10757-10757/? W/iptables: type=1400 audit(0.0:1672): avc: granted { lock } for path="/system/etc/xtables.lock" dev="sdd10" ino=797 scontext=u:r:netd:s0 tcontext=u:object_r:system_file:s0 tclass=file
1970-01-01 00:38:00.739 10758-10758/? W/ip6tables: type=1400 audit(0.0:1673): avc: granted { getattr } for path="/vendor" dev="rootfs" ino=10003 scontext=u:r:netd:s0 tcontext=u:object_r:rootfs:s0 tclass=lnk_file
1970-01-01 00:38:00.747 10758-10758/? W/ip6tables: type=1400 audit(0.0:1674): avc: granted { lock } for path="/system/etc/xtables.lock" dev="sdd10" ino=797 scontext=u:r:netd:s0 tcontext=u:object_r:system_file:s0 tclass=file
1970-01-01 00:38:00.752 2188-2249/? V/IdletimerController: runCmd(/system/bin/ip6tables -w -t raw -D idletimer_raw_PREROUTING -i wlan0 -j IDLETIMER --timeout 15 --label 1 --send_nl_msg 1) res_ipv4=0, res_ipv6=0
1970-01-01 00:38:00.759 10759-10759/? W/iptables: type=1400 audit(0.0:1675): avc: granted { getattr } for path="/vendor" dev="rootfs" ino=10003 scontext=u:r:netd:s0 tcontext=u:object_r:rootfs:s0 tclass=lnk_file
1970-01-01 00:38:00.775 10759-10759/? W/iptables: type=1400 audit(0.0:1676): avc: granted { lock } for path="/system/etc/xtables.lock" dev="sdd10" ino=797 scontext=u:r:netd:s0 tcontext=u:object_r:system_file:s0 tclass=file
1970-01-01 00:38:00.783 10760-10760/? W/ip6tables: type=1400 audit(0.0:1677): avc: granted { getattr } for path="/vendor" dev="rootfs" ino=10003 scontext=u:r:netd:s0 tcontext=u:object_r:rootfs:s0 tclass=lnk_file
1970-01-01 00:38:00.787 10760-10760/? W/ip6tables: type=1400 audit(0.0:1678): avc: granted { lock } for path="/system/etc/xtables.lock" dev="sdd10" ino=797 scontext=u:r:netd:s0 tcontext=u:object_r:system_file:s0 tclass=file
1970-01-01 00:38:00.791 2200-2200/? W/iptables-restor: type=1400 audit(0.0:1679): avc: granted { lock } for path="/system/etc/xtables.lock" dev="sdd10" ino=797 scontext=u:r:netd:s0 tcontext=u:object_r:system_file:s0 tclass=file
1970-01-01 00:38:00.791 2204-2204/? W/ip6tables-resto: type=1400 audit(0.0:1680): avc: granted { lock } for path="/system/etc/xtables.lock" dev="sdd10" ino=797 scontext=u:r:netd:s0 tcontext=u:object_r:system_file:s0 tclass=file
1970-01-01 00:38:00.793 2188-2249/? V/IdletimerController: runCmd(/system/bin/ip6tables -w -t mangle -D idletimer_mangle_POSTROUTING -o wlan0 -j IDLETIMER --timeout 15 --label 1 --send_nl_msg 1) res_ipv4=0, res_ipv6=0
1970-01-01 00:38:00.793 2188-2249/? D/CommandListener: Clearing all IP addresses on wlan0
1970-01-01 00:38:00.794 2280-2345/system_process D/ConnectivityService: Sending DISCONNECTED broadcast for type 1 NetworkAgentInfo [WIFI () - 138] isDefaultNetwork=true
1970-01-01 00:38:00.800 2280-2345/system_process D/NetworkNotificationManager: clearing notification tag=ConnectivityNotification:138 event=SIGN_IN
1970-01-01 00:38:04.254 2280-2341/system_process W/AlarmManager: Unrecognized alarm listener com.android.server.wifi.WifiConfigStore$1@335a8e6
1970-01-01 00:38:04.274 2280-2341/system_process D/WifiConfigStore: Writing to stores completed in 20 ms.
1970-01-01 00:38:04.731 2189-2189/? I/wificond: Received scan result notification from kernel.
1970-01-01 00:38:04.732 2280-2807/system_process D/WificondControl: Scan result ready event
1970-01-01 00:38:04.739 2280-2343/system_process D/WificondScannerImpl: processPendingScans in request of SCAN_RESULTS_EVENT
1970-01-01 00:38:04.749 2280-2341/system_process W/WifiConfigManager: Looking up network with invalid networkId -1
1970-01-01 00:38:04.756 2280-2341/system_process W/WifiConfigManager: Looking up network with invalid networkId -1
1970-01-01 00:38:04.756 2280-2341/system_process D/WifiStateMachine: CMD_START_CONNECT sup state DisconnectedState my state DisconnectedState nid=0 roam=false
1970-01-01 00:38:04.757 2280-2341/system_process W/LastMileLogger: Failed to open free_buffer pseudo-file: /sys/kernel/debug/tracing/instances/wifi/free_buffer (Permission denied)
1970-01-01 00:38:04.757 2280-2341/system_process W/LastMileLogger: Failed to arm fail-safe.
1970-01-01 00:38:04.757 2280-2341/system_process D/SupplicantStaIfaceHal: connectToNetwork "VisitorPortal"NONE
1970-01-01 00:38:04.760 2280-2341/system_process I/SupplicantStaIfaceHal: addSupplicantStaNetwork via HIDL
1970-01-01 00:38:04.775 2483-2483/? I/wpa_supplicant: wlan0: SME: Trying to authenticate with a8:9d:21:42:d5:ee (SSID='VisitorPortal' freq=5180 MHz)
1970-01-01 00:38:04.839 2483-2483/? I/wpa_supplicant: wlan0: Trying to associate with a8:9d:21:42:d5:ee (SSID='VisitorPortal' freq=5180 MHz)
1970-01-01 00:38:04.899 2483-2483/? I/wpa_supplicant: nl80211: send_and_recv->nl_recvmsgs failed: -33
1970-01-01 00:38:04.900 2483-2483/? I/wpa_supplicant: wlan0: Associated with a8:9d:21:42:d5:ee
1970-01-01 00:38:04.909 2483-2483/? I/wpa_supplicant: wlan0: CTRL-EVENT-CONNECTED - Connection to a8:9d:21:42:d5:ee completed [id=0 id_str=%7B%22configKey%22%3A%22%5C%22VisitorPortal%5C%22NONE%22%2C%22creatorUid%22%3A%221000%22%7D]
1970-01-01 00:38:04.912 2483-2483/? I/wpa_supplicant: wlan0: CTRL-EVENT-SUBNET-STATUS-UPDATE status=0
1970-01-01 00:38:04.921 2280-2341/system_process D/ConnectivityService: registerNetworkAgent NetworkAgentInfo{ ni{[type: WIFI[], state: CONNECTING/CONNECTING, reason: (unspecified), extra: "VisitorPortal", failover: false, available: true, roaming: false, metered: false]}  network{139}  nethandle{597016890078}  lp{{LinkAddresses: []  Routes: [] DnsAddresses: [] Domains: null MTU: 0}}  nc{[ Transports: WIFI Capabilities: NOT_METERED&INTERNET&NOT_RESTRICTED&TRUSTED&NOT_VPN LinkUpBandwidth>=1048576Kbps LinkDnBandwidth>=1048576Kbps]}  Score{20}  everValidated{false}  lastValidated{false}  created{false} lingering{false} explicitlySelected{false} acceptUnvalidated{false} everCaptivePortalDetected{false} lastCaptivePortalDetected{false} }
1970-01-01 00:38:04.921 2280-2345/system_process D/ConnectivityService: NetworkAgentInfo [WIFI () - 139] EVENT_NETWORK_INFO_CHANGED, going from null to CONNECTING
1970-01-01 00:38:04.929 2280-2341/system_process E/SupplicantStaIfaceHal: ISupplicantStaIface.setBtCoexistenceMode failed: FAILURE_UNKNOWN, 
1970-01-01 00:38:04.940 2280-2341/system_process E/SupplicantStaIfaceHal: ISupplicantStaIface.stopRxFilter failed: FAILURE_UNKNOWN, 
1970-01-01 00:38:04.969 2280-10769/system_process D/DhcpClient: Receive thread started
1970-01-01 00:38:04.971 2280-2341/system_process E/SupplicantStaIfaceHal: ISupplicantStaIface.setBtCoexistenceMode failed: FAILURE_UNKNOWN, 
1970-01-01 00:38:04.973 2280-2341/system_process E/SupplicantStaIfaceHal: ISupplicantStaIface.setSuspendModeEnabled failed: FAILURE_UNKNOWN, 
1970-01-01 00:38:04.979 2280-10767/system_process D/DhcpClient: Broadcasting DHCPDISCOVER
1970-01-01 00:38:04.984 2280-10769/system_process D/DhcpClient: Received packet: c8:df:84:52:2e:6a OFFER, ip /10.80.128.47, mask /255.255.255.0, DNS servers: /8.8.8.8 /8.8.4.4 , gateways [/10.80.128.1] lease time 2987, domain null
1970-01-01 00:38:04.984 2280-10767/system_process D/DhcpClient: Got pending lease: IP address 10.80.128.47/24 Gateway 10.80.128.1  DNS servers: [ 8.8.8.8 8.8.4.4 ] Domains  DHCP server /10.80.128.1 Vendor info null lease 2987 seconds
1970-01-01 00:38:04.986 2280-10767/system_process D/DhcpClient: Broadcasting DHCPREQUEST ciaddr=0.0.0.0 request=10.80.128.47 serverid=10.80.128.1
1970-01-01 00:38:04.989 2280-10769/system_process D/DhcpClient: Received packet: c8:df:84:52:2e:6a ACK: your new IP /10.80.128.47, netmask /255.255.255.0, gateways [/10.80.128.1] DNS servers: /8.8.8.8 /8.8.4.4 , lease time 3600
1970-01-01 00:38:04.989 2280-10767/system_process D/DhcpClient: Confirmed lease: IP address 10.80.128.47/24 Gateway 10.80.128.1  DNS servers: [ 8.8.8.8 8.8.4.4 ] Domains  DHCP server /10.80.128.1 Vendor info null lease 3600 seconds
1970-01-01 00:38:04.993 2188-2249/? D/CommandListener: Setting iface cfg
1970-01-01 00:38:04.995 2280-2341/system_process E/SupplicantStaIfaceHal: ISupplicantStaIface.setBtCoexistenceMode failed: FAILURE_UNKNOWN, 
1970-01-01 00:38:05.002 2280-2341/system_process W/LastMileLogger: Failed to stop event tracing: /sys/kernel/debug/tracing/instances/wifi/tracing_on (Permission denied)
1970-01-01 00:38:05.003 2200-2200/? W/iptables-restor: type=1400 audit(0.0:1681): avc: granted { lock } for path="/system/etc/xtables.lock" dev="sdd10" ino=797 scontext=u:r:netd:s0 tcontext=u:object_r:system_file:s0 tclass=file
1970-01-01 00:38:05.003 2280-2345/system_process D/ConnectivityService: NetworkAgentInfo [WIFI () - 139] EVENT_NETWORK_INFO_CHANGED, going from CONNECTING to CONNECTED
1970-01-01 00:38:05.005 2280-10767/system_process D/DhcpClient: Scheduling renewal in 1799s
1970-01-01 00:38:05.005 2280-10767/system_process D/DhcpClient: Scheduling rebind in 3149s
1970-01-01 00:38:05.005 2280-10767/system_process D/DhcpClient: Scheduling expiry in 3599s
1970-01-01 00:38:05.006 2280-2345/system_process D/ConnectivityService: Adding iface wlan0 to network 139
1970-01-01 00:38:05.007 2204-2204/? W/ip6tables-resto: type=1400 audit(0.0:1682): avc: granted { lock } for path="/system/etc/xtables.lock" dev="sdd10" ino=797 scontext=u:r:netd:s0 tcontext=u:object_r:system_file:s0 tclass=file
1970-01-01 00:38:05.017 2280-2341/system_process E/WifiStateMachine: Did not find remoteAddress {10.80.128.1} in /proc/net/arp
1970-01-01 00:38:05.027 2280-2345/system_process D/ConnectivityService: Setting DNS servers for network 139 to [/8.8.8.8, /8.8.4.4]
1970-01-01 00:38:05.028 2280-2341/system_process E/HalDeviceManager: Should have at least 1 chip!
1970-01-01 00:38:05.029 2280-2341/system_process E/HalDeviceManager: getSupportedIfaceTypesInternal: no chip info found
1970-01-01 00:38:05.029 2280-2297/system_process E/BatteryStatsService: no controller energy info supplied
1970-01-01 00:38:05.032 2280-2297/system_process E/KernelWakelockReader: neither /proc/wakelocks nor /d/wakeup_sources exists
1970-01-01 00:38:05.033 2280-2297/system_process W/BatteryStatsImpl: Couldn't get kernel wake lock stats
1970-01-01 00:38:05.049 2280-2341/system_process D/WifiNetworkAgent: NetworkAgent: Received signal strength thresholds: []
1970-01-01 00:38:05.051 2280-2345/system_process D/ConnectivityService: Switching to new default network: NetworkAgentInfo{ ni{[type: WIFI[], state: CONNECTED/CONNECTED, reason: (unspecified), extra: "VisitorPortal", failover: false, available: true, roaming: false, metered: false]}  network{139}  nethandle{597016890078}  lp{{InterfaceName: wlan0 LinkAddresses: [fe80::cadf:84ff:fe52:2e6a/64,10.80.128.47/24,]  Routes: [fe80::/64 -> :: wlan0,10.80.128.0/24 -> 0.0.0.0 wlan0,0.0.0.0/0 -> 10.80.128.1 wlan0,] DnsAddresses: [8.8.8.8,8.8.4.4,] Domains: null MTU: 0 TcpBufferSizes: 524288,1048576,2097152,262144,524288,1048576}}  nc{[ Transports: WIFI Capabilities: NOT_METERED&INTERNET&NOT_RESTRICTED&TRUSTED&NOT_VPN&FOREGROUND LinkUpBandwidth>=1048576Kbps LinkDnBandwidth>=1048576Kbps SignalStrength: -61]}  Score{12}  everValidated{false}  lastValidated{false}  created{true} lingering{false} explicitlySelected{false} acceptUnvalidated{false} everCaptivePortalDetected{false} lastCaptivePortalDetected{false} }
1970-01-01 00:38:05.055 10775-10775/? W/iptables: type=1400 audit(0.0:1683): avc: granted { getattr } for path="/vendor" dev="rootfs" ino=10003 scontext=u:r:netd:s0 tcontext=u:object_r:rootfs:s0 tclass=lnk_file
1970-01-01 00:38:05.059 2280-2339/system_process D/SntpClient: request time failed: java.net.UnknownHostException: Unable to resolve host "time.android.com": No address associated with hostname
1970-01-01 00:38:05.060 2280-2339/system_process D/SntpClient: request time failed: java.net.UnknownHostException: Unable to resolve host "time.android.com": No address associated with hostname
1970-01-01 00:38:05.063 10775-10775/? W/iptables: type=1400 audit(0.0:1684): avc: granted { lock } for path="/system/etc/xtables.lock" dev="sdd10" ino=797 scontext=u:r:netd:s0 tcontext=u:object_r:system_file:s0 tclass=file
1970-01-01 00:38:05.071 10776-10776/? W/ip6tables: type=1400 audit(0.0:1685): avc: granted { getattr } for path="/vendor" dev="rootfs" ino=10003 scontext=u:r:netd:s0 tcontext=u:object_r:rootfs:s0 tclass=lnk_file
1970-01-01 00:38:05.073 2280-10770/system_process D/NetworkMonitor/NetworkAgentInfo[WIFI()-139]: PROBE_DNS www.google.com 21ms OK 172.217.15.100
1970-01-01 00:38:05.074 2280-10771/system_process D/NetworkMonitor/NetworkAgentInfo[WIFI()-139]: PROBE_DNS connectivitycheck.gstatic.com 21ms OK 172.217.5.227
1970-01-01 00:38:05.079 10776-10776/? W/ip6tables: type=1400 audit(0.0:1686): avc: granted { lock } for path="/system/etc/xtables.lock" dev="sdd10" ino=797 scontext=u:r:netd:s0 tcontext=u:object_r:system_file:s0 tclass=file
1970-01-01 00:38:05.086 2188-2249/? V/IdletimerController: runCmd(/system/bin/ip6tables -w -t raw -A idletimer_raw_PREROUTING -i wlan0 -j IDLETIMER --timeout 15 --label 1 --send_nl_msg 1) res_ipv4=0, res_ipv6=0
1970-01-01 00:38:05.095 10778-10778/? W/iptables: type=1400 audit(0.0:1687): avc: granted { getattr } for path="/vendor" dev="rootfs" ino=10003 scontext=u:r:netd:s0 tcontext=u:object_r:rootfs:s0 tclass=lnk_file
1970-01-01 00:38:05.111 10778-10778/? W/iptables: type=1400 audit(0.0:1688): avc: granted { lock } for path="/system/etc/xtables.lock" dev="sdd10" ino=797 scontext=u:r:netd:s0 tcontext=u:object_r:system_file:s0 tclass=file
1970-01-01 00:38:05.127 10779-10779/? W/ip6tables: type=1400 audit(0.0:1689): avc: granted { getattr } for path="/vendor" dev="rootfs" ino=10003 scontext=u:r:netd:s0 tcontext=u:object_r:rootfs:s0 tclass=lnk_file
1970-01-01 00:38:05.159 10779-10779/? W/ip6tables: type=1400 audit(0.0:1690): avc: granted { lock } for path="/system/etc/xtables.lock" dev="sdd10" ino=797 scontext=u:r:netd:s0 tcontext=u:object_r:system_file:s0 tclass=file
1970-01-01 00:38:05.171 2188-2249/? V/IdletimerController: runCmd(/system/bin/ip6tables -w -t mangle -A idletimer_mangle_POSTROUTING -o wlan0 -j IDLETIMER --timeout 15 --label 1 --send_nl_msg 1) res_ipv4=0, res_ipv6=0
1970-01-01 00:38:05.178 2280-2345/system_process D/ConnectivityService: Sending CONNECTED broadcast for type 1 NetworkAgentInfo [WIFI () - 139] isDefaultNetwork=true
1970-01-01 00:38:05.180 2280-2339/system_process D/SntpClient: request time failed: java.net.UnknownHostException: Unable to resolve host "time.android.com": No address associated with hostname
