1969-12-31 23:30:38.011 2280-2341/system_process D/ConnectivityService: registerNetworkAgent NetworkAgentInfo{ ni{[type: WIFI[], state: CONNECTING/CONNECTING, reason: (unspecified), extra: "VisitorPortal", failover: false, available: true, roaming: false, metered: false]}  network{131}  nethandle{562657151710}  lp{{LinkAddresses: []  Routes: [] DnsAddresses: [] Domains: null MTU: 0}}  nc{[ Transports: WIFI Capabilities: NOT_METERED&INTERNET&NOT_RESTRICTED&TRUSTED&NOT_VPN LinkUpBandwidth>=1048576Kbps LinkDnBandwidth>=1048576Kbps]}  Score{20}  everValidated{false}  lastValidated{false}  created{false} lingering{false} explicitlySelected{false} acceptUnvalidated{false} everCaptivePortalDetected{false} lastCaptivePortalDetected{false} }
1969-12-31 23:30:38.011 2280-2345/system_process D/ConnectivityService: NetworkAgentInfo [WIFI () - 131] EVENT_NETWORK_INFO_CHANGED, going from null to CONNECTING
1969-12-31 23:30:38.089 2280-2345/system_process D/ConnectivityService: NetworkAgentInfo [WIFI () - 131] EVENT_NETWORK_INFO_CHANGED, going from CONNECTING to CONNECTED
1969-12-31 23:30:38.091 2280-2345/system_process D/ConnectivityService: Adding iface wlan0 to network 131
1969-12-31 23:30:38.128 2280-2345/system_process D/ConnectivityService: Setting DNS servers for network 131 to [/8.8.8.8, /8.8.4.4]
1969-12-31 23:30:38.132 2280-2297/system_process E/BatteryStatsService: no controller energy info supplied
1969-12-31 23:30:38.135 2280-2297/system_process E/KernelWakelockReader: neither /proc/wakelocks nor /d/wakeup_sources exists
1969-12-31 23:30:38.135 2280-2297/system_process W/BatteryStatsImpl: Couldn't get kernel wake lock stats
1969-12-31 23:30:38.147 2280-2345/system_process D/ConnectivityService: Switching to new default network: NetworkAgentInfo{ ni{[type: WIFI[], state: CONNECTED/CONNECTED, reason: (unspecified), extra: "VisitorPortal", failover: false, available: true, roaming: false, metered: false]}  network{131}  nethandle{562657151710}  lp{{InterfaceName: wlan0 LinkAddresses: [fe80::cadf:84ff:fe52:2e6a/64,10.80.128.47/24,]  Routes: [fe80::/64 -> :: wlan0,10.80.128.0/24 -> 0.0.0.0 wlan0,0.0.0.0/0 -> 10.80.128.1 wlan0,] DnsAddresses: [8.8.8.8,8.8.4.4,] Domains: null MTU: 0 TcpBufferSizes: 524288,1048576,2097152,262144,524288,1048576}}  nc{[ Transports: WIFI Capabilities: NOT_METERED&INTERNET&NOT_RESTRICTED&TRUSTED&NOT_VPN&FOREGROUND LinkUpBandwidth>=1048576Kbps LinkDnBandwidth>=1048576Kbps SignalStrength: -67]}  Score{12}  everValidated{false}  lastValidated{false}  created{true} lingering{false} explicitlySelected{false} acceptUnvalidated{false} everCaptivePortalDetected{false} lastCaptivePortalDetected{false} }
1969-12-31 23:30:38.199 2280-2345/system_process D/ConnectivityService: Sending CONNECTED broadcast for type 1 NetworkAgentInfo [WIFI () - 131] isDefaultNetwork=true
1969-12-31 23:30:38.223 2280-2345/system_process D/ConnectivityService: NetworkAgentInfo [WIFI () - 131] validation failed with redirect to https://guestauth.morphotrust.com/login.html?redirect=connectivitycheck.gstatic.com/generate_204
1969-12-31 23:30:38.224 2280-2345/system_process D/NetworkNotificationManager: showNotification tag=ConnectivityNotification:131 event=SIGN_IN transport=Wi-Fi extraInfo="VisitorPortal" highPrioriy=false
1969-12-31 23:30:52.308 2189-2189/? I/wificond: Received scan result notification from kernel.
1969-12-31 23:31:17.849 2189-2189/? I/chatty: uid=1010(wifi) /system/bin/wificond identical 1 line
1969-12-31 23:31:58.029 2189-2189/? I/wificond: Received scan result notification from kernel.
1969-12-31 23:32:00.007 2280-2294/system_process I/ProcessStatsService: Prepared write state in 2ms
1969-12-31 23:33:17.909 2189-2189/? I/wificond: Received scan result notification from kernel.
1969-12-31 23:35:58.024 2189-2189/? I/wificond: Received scan result notification from kernel.
1969-12-31 23:36:00.894 2189-2189/? E/wificond: Received error message: Math result not representable
1969-12-31 23:36:00.894 2189-2189/? E/wificond: NL80211_CMD_GET_STATION failed
1969-12-31 23:36:02.072 2280-2345/system_process D/ConnectivityService: NetworkAgentInfo [WIFI () - 131] EVENT_NETWORK_INFO_CHANGED, going from CONNECTED to DISCONNECTED
1969-12-31 23:36:02.073 2280-2345/system_process D/ConnectivityService: NetworkAgentInfo [WIFI () - 131] got DISCONNECTED, was satisfying 3
1969-12-31 23:36:02.082 2280-2297/system_process E/BatteryStatsService: no controller energy info supplied
1969-12-31 23:36:02.087 2280-2297/system_process E/KernelWakelockReader: neither /proc/wakelocks nor /d/wakeup_sources exists
1969-12-31 23:36:02.088 2280-2297/system_process W/BatteryStatsImpl: Couldn't get kernel wake lock stats
1969-12-31 23:36:02.187 2280-2345/system_process D/ConnectivityService: Sending DISCONNECTED broadcast for type 1 NetworkAgentInfo [WIFI () - 131] isDefaultNetwork=true
1969-12-31 23:36:02.197 2280-2345/system_process D/NetworkNotificationManager: clearing notification tag=ConnectivityNotification:131 event=SIGN_IN
1969-12-31 23:36:06.148 2189-2189/? I/wificond: Received scan result notification from kernel.
1969-12-31 23:36:06.443 2280-2341/system_process D/ConnectivityService: registerNetworkAgent NetworkAgentInfo{ ni{[type: WIFI[], state: CONNECTING/CONNECTING, reason: (unspecified), extra: "VisitorPortal", failover: false, available: true, roaming: false, metered: false]}  network{132}  nethandle{566952119006}  lp{{LinkAddresses: []  Routes: [] DnsAddresses: [] Domains: null MTU: 0}}  nc{[ Transports: WIFI Capabilities: NOT_METERED&INTERNET&NOT_RESTRICTED&TRUSTED&NOT_VPN LinkUpBandwidth>=1048576Kbps LinkDnBandwidth>=1048576Kbps]}  Score{20}  everValidated{false}  lastValidated{false}  created{false} lingering{false} explicitlySelected{false} acceptUnvalidated{false} everCaptivePortalDetected{false} lastCaptivePortalDetected{false} }
1969-12-31 23:36:06.443 2280-2345/system_process D/ConnectivityService: NetworkAgentInfo [WIFI () - 132] EVENT_NETWORK_INFO_CHANGED, going from null to CONNECTING
1969-12-31 23:36:06.592 2280-2345/system_process D/ConnectivityService: NetworkAgentInfo [WIFI () - 132] EVENT_NETWORK_INFO_CHANGED, going from CONNECTING to CONNECTED
1969-12-31 23:36:06.596 2280-2345/system_process D/ConnectivityService: Adding iface wlan0 to network 132
1969-12-31 23:36:06.603 2280-2345/system_process D/ConnectivityService: Setting DNS servers for network 132 to [/8.8.8.8, /8.8.4.4]
1969-12-31 23:36:06.627 2280-2345/system_process D/ConnectivityService: Switching to new default network: NetworkAgentInfo{ ni{[type: WIFI[], state: CONNECTED/CONNECTED, reason: (unspecified), extra: "VisitorPortal", failover: false, available: true, roaming: false, metered: false]}  network{132}  nethandle{566952119006}  lp{{InterfaceName: wlan0 LinkAddresses: [fe80::cadf:84ff:fe52:2e6a/64,10.80.128.47/24,]  Routes: [fe80::/64 -> :: wlan0,10.80.128.0/24 -> 0.0.0.0 wlan0,0.0.0.0/0 -> 10.80.128.1 wlan0,] DnsAddresses: [8.8.8.8,8.8.4.4,] Domains: null MTU: 0 TcpBufferSizes: 524288,1048576,2097152,262144,524288,1048576}}  nc{[ Transports: WIFI Capabilities: NOT_METERED&INTERNET&NOT_RESTRICTED&TRUSTED&NOT_VPN&FOREGROUND LinkUpBandwidth>=1048576Kbps LinkDnBandwidth>=1048576Kbps SignalStrength: -90]}  Score{10}  everValidated{false}  lastValidated{false}  created{true} lingering{false} explicitlySelected{false} acceptUnvalidated{false} everCaptivePortalDetected{false} lastCaptivePortalDetected{false} }
1969-12-31 23:36:06.628 2280-2297/system_process E/BatteryStatsService: no controller energy info supplied
1969-12-31 23:36:06.632 2280-2297/system_process E/KernelWakelockReader: neither /proc/wakelocks nor /d/wakeup_sources exists
1969-12-31 23:36:06.633 2280-2297/system_process W/BatteryStatsImpl: Couldn't get kernel wake lock stats
1969-12-31 23:36:06.685 2280-2345/system_process D/ConnectivityService: Sending CONNECTED broadcast for type 1 NetworkAgentInfo [WIFI () - 132] isDefaultNetwork=true
1969-12-31 23:36:06.782 2280-2345/system_process D/ConnectivityService: NetworkAgentInfo [WIFI () - 132] validation failed with redirect to https://guestauth.morphotrust.com/login.html?redirect=connectivitycheck.gstatic.com/generate_204
1969-12-31 23:36:06.784 2280-2345/system_process D/NetworkNotificationManager: showNotification tag=ConnectivityNotification:132 event=SIGN_IN transport=Wi-Fi extraInfo="VisitorPortal" highPrioriy=false
1969-12-31 23:36:22.336 2189-2189/? I/wificond: Received scan result notification from kernel.
1969-12-31 23:36:48.004 2189-2189/? I/chatty: uid=1010(wifi) /system/bin/wificond identical 1 line
1969-12-31 23:37:28.011 2189-2189/? I/wificond: Received scan result notification from kernel.
1969-12-31 23:38:48.109 2189-2189/? I/wificond: Received scan result notification from kernel.
1969-12-31 23:41:28.149 2189-2189/? I/wificond: Received scan result notification from kernel.
1969-12-31 23:45:48.255 2189-2189/? I/chatty: uid=1010(wifi) /system/bin/wificond identical 13 lines
1969-12-31 23:46:08.306 2189-2189/? I/wificond: Received scan result notification from kernel.
1969-12-31 23:46:14.986 2280-2345/system_process D/ConnectivityService: NetworkAgentInfo [WIFI () - 132] EVENT_NETWORK_INFO_CHANGED, going from CONNECTED to DISCONNECTED
1969-12-31 23:46:14.986 2280-2345/system_process D/ConnectivityService: NetworkAgentInfo [WIFI () - 132] got DISCONNECTED, was satisfying 3
1969-12-31 23:46:15.031 2280-2297/system_process E/BatteryStatsService: no controller energy info supplied
1969-12-31 23:46:15.037 2280-2297/system_process E/KernelWakelockReader: neither /proc/wakelocks nor /d/wakeup_sources exists
1969-12-31 23:46:15.037 2280-2297/system_process W/BatteryStatsImpl: Couldn't get kernel wake lock stats
1969-12-31 23:46:15.128 2280-2345/system_process D/ConnectivityService: Sending DISCONNECTED broadcast for type 1 NetworkAgentInfo [WIFI () - 132] isDefaultNetwork=true
1969-12-31 23:46:15.134 2280-2345/system_process D/NetworkNotificationManager: clearing notification tag=ConnectivityNotification:132 event=SIGN_IN
1969-12-31 23:46:19.103 2189-2189/? I/wificond: Received scan result notification from kernel.
1969-12-31 23:46:19.291 2280-2341/system_process D/ConnectivityService: registerNetworkAgent NetworkAgentInfo{ ni{[type: WIFI[], state: CONNECTING/CONNECTING, reason: (unspecified), extra: "VisitorPortal", failover: false, available: true, roaming: false, metered: false]}  network{133}  nethandle{571247086302}  lp{{LinkAddresses: []  Routes: [] DnsAddresses: [] Domains: null MTU: 0}}  nc{[ Transports: WIFI Capabilities: NOT_METERED&INTERNET&NOT_RESTRICTED&TRUSTED&NOT_VPN LinkUpBandwidth>=1048576Kbps LinkDnBandwidth>=1048576Kbps]}  Score{20}  everValidated{false}  lastValidated{false}  created{false} lingering{false} explicitlySelected{false} acceptUnvalidated{false} everCaptivePortalDetected{false} lastCaptivePortalDetected{false} }
1969-12-31 23:46:19.291 2280-2345/system_process D/ConnectivityService: NetworkAgentInfo [WIFI () - 133] EVENT_NETWORK_INFO_CHANGED, going from null to CONNECTING
1969-12-31 23:46:19.363 2280-2345/system_process D/ConnectivityService: NetworkAgentInfo [WIFI () - 133] EVENT_NETWORK_INFO_CHANGED, going from CONNECTING to CONNECTED
1969-12-31 23:46:19.365 2280-2345/system_process D/ConnectivityService: Adding iface wlan0 to network 133
1969-12-31 23:46:19.383 2280-2345/system_process D/ConnectivityService: Setting DNS servers for network 133 to [/8.8.8.8, /8.8.4.4]
1969-12-31 23:46:19.387 2280-2297/system_process E/BatteryStatsService: no controller energy info supplied
1969-12-31 23:46:19.389 2280-2297/system_process E/KernelWakelockReader: neither /proc/wakelocks nor /d/wakeup_sources exists
1969-12-31 23:46:19.392 2280-2297/system_process W/BatteryStatsImpl: Couldn't get kernel wake lock stats
1969-12-31 23:46:19.399 2280-2345/system_process D/ConnectivityService: Switching to new default network: NetworkAgentInfo{ ni{[type: WIFI[], state: CONNECTED/CONNECTED, reason: (unspecified), extra: "VisitorPortal", failover: false, available: true, roaming: false, metered: false]}  network{133}  nethandle{571247086302}  lp{{InterfaceName: wlan0 LinkAddresses: [fe80::cadf:84ff:fe52:2e6a/64,10.80.128.47/24,]  Routes: [fe80::/64 -> :: wlan0,10.80.128.0/24 -> 0.0.0.0 wlan0,0.0.0.0/0 -> 10.80.128.1 wlan0,] DnsAddresses: [8.8.8.8,8.8.4.4,] Domains: null MTU: 0 TcpBufferSizes: 524288,1048576,2097152,262144,524288,1048576}}  nc{[ Transports: WIFI Capabilities: NOT_METERED&INTERNET&NOT_RESTRICTED&TRUSTED&NOT_VPN&FOREGROUND LinkUpBandwidth>=1048576Kbps LinkDnBandwidth>=1048576Kbps SignalStrength: -70]}  Score{12}  everValidated{false}  lastValidated{false}  created{true} lingering{false} explicitlySelected{false} acceptUnvalidated{false} everCaptivePortalDetected{false} lastCaptivePortalDetected{false} }
1969-12-31 23:46:19.469 2280-2345/system_process D/ConnectivityService: Sending CONNECTED broadcast for type 1 NetworkAgentInfo [WIFI () - 133] isDefaultNetwork=true
1969-12-31 23:46:19.652 2280-2345/system_process D/ConnectivityService: NetworkAgentInfo [WIFI () - 133] validation failed with redirect to https://guestauth.morphotrust.com/login.html?redirect=connectivitycheck.gstatic.com/generate_204
1969-12-31 23:46:19.653 2280-2345/system_process D/NetworkNotificationManager: showNotification tag=ConnectivityNotification:133 event=SIGN_IN transport=Wi-Fi extraInfo="VisitorPortal" highPrioriy=false
1969-12-31 23:46:35.315 2189-2189/? I/wificond: Received scan result notification from kernel.
1969-12-31 23:47:00.933 2189-2189/? I/chatty: uid=1010(wifi) /system/bin/wificond identical 1 line
1969-12-31 23:47:40.878 2189-2189/? I/wificond: Received scan result notification from kernel.
1969-12-31 23:49:00.961 2189-2189/? I/wificond: Received scan result notification from kernel.
1969-12-31 23:51:41.058 2189-2189/? I/wificond: Received scan result notification from kernel.
1969-12-31 23:55:41.184 2189-2189/? I/chatty: uid=1010(wifi) /system/bin/wificond identical 12 lines
1969-12-31 23:56:01.208 2189-2189/? I/wificond: Received scan result notification from kernel.
1969-12-31 23:56:01.348 2189-2189/? E/wificond: Received error message: Math result not representable
1969-12-31 23:56:01.348 2189-2189/? E/wificond: NL80211_CMD_GET_STATION failed
1969-12-31 23:56:21.322 2189-2189/? I/wificond: Received scan result notification from kernel.
1969-12-31 23:56:27.859 2280-2345/system_process D/ConnectivityService: NetworkAgentInfo [WIFI () - 133] EVENT_NETWORK_INFO_CHANGED, going from CONNECTED to DISCONNECTED
1969-12-31 23:56:27.859 2280-2345/system_process D/ConnectivityService: NetworkAgentInfo [WIFI () - 133] got DISCONNECTED, was satisfying 3
1969-12-31 23:56:27.914 2280-2297/system_process E/BatteryStatsService: no controller energy info supplied
1969-12-31 23:56:27.916 2280-2297/system_process E/KernelWakelockReader: neither /proc/wakelocks nor /d/wakeup_sources exists
1969-12-31 23:56:27.917 2280-2297/system_process W/BatteryStatsImpl: Couldn't get kernel wake lock stats
1969-12-31 23:56:27.988 2280-2345/system_process D/ConnectivityService: Sending DISCONNECTED broadcast for type 1 NetworkAgentInfo [WIFI () - 133] isDefaultNetwork=true
1969-12-31 23:56:27.992 2280-2345/system_process D/NetworkNotificationManager: clearing notification tag=ConnectivityNotification:133 event=SIGN_IN
1969-12-31 23:56:31.949 2189-2189/? I/wificond: Received scan result notification from kernel.
1969-12-31 23:56:32.133 2280-2341/system_process D/ConnectivityService: registerNetworkAgent NetworkAgentInfo{ ni{[type: WIFI[], state: CONNECTING/CONNECTING, reason: (unspecified), extra: "VisitorPortal", failover: false, available: true, roaming: false, metered: false]}  network{134}  nethandle{575542053598}  lp{{LinkAddresses: []  Routes: [] DnsAddresses: [] Domains: null MTU: 0}}  nc{[ Transports: WIFI Capabilities: NOT_METERED&INTERNET&NOT_RESTRICTED&TRUSTED&NOT_VPN LinkUpBandwidth>=1048576Kbps LinkDnBandwidth>=1048576Kbps]}  Score{20}  everValidated{false}  lastValidated{false}  created{false} lingering{false} explicitlySelected{false} acceptUnvalidated{false} everCaptivePortalDetected{false} lastCaptivePortalDetected{false} }
1969-12-31 23:56:32.133 2280-2345/system_process D/ConnectivityService: NetworkAgentInfo [WIFI () - 134] EVENT_NETWORK_INFO_CHANGED, going from null to CONNECTING
1969-12-31 23:56:32.261 2280-2345/system_process D/ConnectivityService: NetworkAgentInfo [WIFI () - 134] EVENT_NETWORK_INFO_CHANGED, going from CONNECTING to CONNECTED
1969-12-31 23:56:32.264 2280-2345/system_process D/ConnectivityService: Adding iface wlan0 to network 134
1969-12-31 23:56:32.281 2280-2345/system_process D/ConnectivityService: Setting DNS servers for network 134 to [/8.8.8.8, /8.8.4.4]
1969-12-31 23:56:32.286 2280-2297/system_process E/BatteryStatsService: no controller energy info supplied
1969-12-31 23:56:32.291 2280-2297/system_process E/KernelWakelockReader: neither /proc/wakelocks nor /d/wakeup_sources exists
1969-12-31 23:56:32.292 2280-2297/system_process W/BatteryStatsImpl: Couldn't get kernel wake lock stats
1969-12-31 23:56:32.299 2280-2345/system_process D/ConnectivityService: Switching to new default network: NetworkAgentInfo{ ni{[type: WIFI[], state: CONNECTED/CONNECTED, reason: (unspecified), extra: "VisitorPortal", failover: false, available: true, roaming: false, metered: false]}  network{134}  nethandle{575542053598}  lp{{InterfaceName: wlan0 LinkAddresses: [fe80::cadf:84ff:fe52:2e6a/64,10.80.128.47/24,]  Routes: [fe80::/64 -> :: wlan0,10.80.128.0/24 -> 0.0.0.0 wlan0,0.0.0.0/0 -> 10.80.128.1 wlan0,] DnsAddresses: [8.8.8.8,8.8.4.4,] Domains: null MTU: 0 TcpBufferSizes: 524288,1048576,2097152,262144,524288,1048576}}  nc{[ Transports: WIFI Capabilities: NOT_METERED&INTERNET&NOT_RESTRICTED&TRUSTED&NOT_VPN&FOREGROUND LinkUpBandwidth>=1048576Kbps LinkDnBandwidth>=1048576Kbps SignalStrength: 0]}  Score{17}  everValidated{false}  lastValidated{false}  created{true} lingering{false} explicitlySelected{false} acceptUnvalidated{false} everCaptivePortalDetected{false} lastCaptivePortalDetected{false} }
1969-12-31 23:56:32.374 2280-2345/system_process D/ConnectivityService: Sending CONNECTED broadcast for type 1 NetworkAgentInfo [WIFI () - 134] isDefaultNetwork=true
1969-12-31 23:56:32.517 2280-2345/system_process D/ConnectivityService: NetworkAgentInfo [WIFI () - 134] validation failed with redirect to https://guestauth.morphotrust.com/login.html?redirect=connectivitycheck.gstatic.com/generate_204
1969-12-31 23:56:32.518 2280-2345/system_process D/NetworkNotificationManager: showNotification tag=ConnectivityNotification:134 event=SIGN_IN transport=Wi-Fi extraInfo="VisitorPortal" highPrioriy=false
1969-12-31 23:56:48.171 2189-2189/? I/wificond: Received scan result notification from kernel.
1969-12-31 23:57:13.818 2189-2189/? I/chatty: uid=1010(wifi) /system/bin/wificond identical 1 line
1969-12-31 23:57:53.909 2189-2189/? I/wificond: Received scan result notification from kernel.
1969-12-31 23:59:13.862 2189-2189/? I/wificond: Received scan result notification from kernel.
1970-01-01 00:00:06.069 2280-2297/system_process E/BatteryStatsService: no controller energy info supplied
1970-01-01 00:00:06.069 2280-2297/system_process E/BatteryStatsService: no controller energy info supplied
1970-01-01 00:00:08.071 2280-2297/system_process W/BatteryStatsService: Timeout reading modem stats
1970-01-01 00:00:08.080 2280-2297/system_process E/KernelWakelockReader: neither /proc/wakelocks nor /d/wakeup_sources exists
1970-01-01 00:00:08.082 2280-2297/system_process W/BatteryStatsImpl: Couldn't get kernel wake lock stats
1970-01-01 00:01:54.096 2189-2189/? I/wificond: Received scan result notification from kernel.
1970-01-01 00:01:56.035 2280-2345/system_process D/ConnectivityService: NetworkAgentInfo [WIFI () - 134] EVENT_NETWORK_INFO_CHANGED, going from CONNECTED to DISCONNECTED
1970-01-01 00:01:56.035 2280-2345/system_process D/ConnectivityService: NetworkAgentInfo [WIFI () - 134] got DISCONNECTED, was satisfying 3
1970-01-01 00:01:56.097 2280-2297/system_process E/BatteryStatsService: no controller energy info supplied
1970-01-01 00:01:56.105 2280-2297/system_process E/KernelWakelockReader: neither /proc/wakelocks nor /d/wakeup_sources exists
1970-01-01 00:01:56.106 2280-2297/system_process W/BatteryStatsImpl: Couldn't get kernel wake lock stats
1970-01-01 00:01:56.180 2280-2345/system_process D/ConnectivityService: Sending DISCONNECTED broadcast for type 1 NetworkAgentInfo [WIFI () - 134] isDefaultNetwork=true
1970-01-01 00:01:56.188 2280-2345/system_process D/NetworkNotificationManager: clearing notification tag=ConnectivityNotification:134 event=SIGN_IN
1970-01-01 00:02:00.021 2280-2294/system_process I/ProcessStatsService: Prepared write state in 2ms
1970-01-01 00:02:00.146 2189-2189/? I/wificond: Received scan result notification from kernel.
1970-01-01 00:02:00.337 2280-2341/system_process D/ConnectivityService: registerNetworkAgent NetworkAgentInfo{ ni{[type: WIFI[], state: CONNECTING/CONNECTING, reason: (unspecified), extra: "VisitorPortal", failover: false, available: true, roaming: false, metered: false]}  network{135}  nethandle{579837020894}  lp{{LinkAddresses: []  Routes: [] DnsAddresses: [] Domains: null MTU: 0}}  nc{[ Transports: WIFI Capabilities: NOT_METERED&INTERNET&NOT_RESTRICTED&TRUSTED&NOT_VPN LinkUpBandwidth>=1048576Kbps LinkDnBandwidth>=1048576Kbps]}  Score{20}  everValidated{false}  lastValidated{false}  created{false} lingering{false} explicitlySelected{false} acceptUnvalidated{false} everCaptivePortalDetected{false} lastCaptivePortalDetected{false} }
1970-01-01 00:02:00.338 2280-2345/system_process D/ConnectivityService: NetworkAgentInfo [WIFI () - 135] EVENT_NETWORK_INFO_CHANGED, going from null to CONNECTING
1970-01-01 00:02:00.419 2280-2345/system_process D/ConnectivityService: NetworkAgentInfo [WIFI () - 135] EVENT_NETWORK_INFO_CHANGED, going from CONNECTING to CONNECTED
1970-01-01 00:02:00.422 2280-2345/system_process D/ConnectivityService: Adding iface wlan0 to network 135
1970-01-01 00:02:00.439 2280-2345/system_process D/ConnectivityService: Setting DNS servers for network 135 to [/8.8.8.8, /8.8.4.4]
1970-01-01 00:02:00.456 2280-2297/system_process E/BatteryStatsService: no controller energy info supplied
1970-01-01 00:02:00.459 2280-2297/system_process E/KernelWakelockReader: neither /proc/wakelocks nor /d/wakeup_sources exists
1970-01-01 00:02:00.459 2280-2297/system_process W/BatteryStatsImpl: Couldn't get kernel wake lock stats
1970-01-01 00:02:00.462 2280-2345/system_process D/ConnectivityService: Switching to new default network: NetworkAgentInfo{ ni{[type: WIFI[], state: CONNECTED/CONNECTED, reason: (unspecified), extra: "VisitorPortal", failover: false, available: true, roaming: false, metered: false]}  network{135}  nethandle{579837020894}  lp{{InterfaceName: wlan0 LinkAddresses: [fe80::cadf:84ff:fe52:2e6a/64,10.80.128.47/24,]  Routes: [fe80::/64 -> :: wlan0,10.80.128.0/24 -> 0.0.0.0 wlan0,0.0.0.0/0 -> 10.80.128.1 wlan0,] DnsAddresses: [8.8.8.8,8.8.4.4,] Domains: null MTU: 0 TcpBufferSizes: 524288,1048576,2097152,262144,524288,1048576}}  nc{[ Transports: WIFI Capabilities: NOT_METERED&INTERNET&NOT_RESTRICTED&TRUSTED&NOT_VPN&FOREGROUND LinkUpBandwidth>=1048576Kbps LinkDnBandwidth>=1048576Kbps SignalStrength: -69]}  Score{12}  everValidated{false}  lastValidated{false}  created{true} lingering{false} explicitlySelected{false} acceptUnvalidated{false} everCaptivePortalDetected{false} lastCaptivePortalDetected{false} }
1970-01-01 00:02:00.530 2280-2345/system_process D/ConnectivityService: Sending CONNECTED broadcast for type 1 NetworkAgentInfo [WIFI () - 135] isDefaultNetwork=true
1970-01-01 00:02:00.531 2280-2345/system_process D/ConnectivityService: NetworkAgentInfo [WIFI () - 135] validation failed with redirect to https://guestauth.morphotrust.com/login.html?redirect=connectivitycheck.gstatic.com/generate_204
1970-01-01 00:02:00.535 2280-2345/system_process D/NetworkNotificationManager: showNotification tag=ConnectivityNotification:135 event=SIGN_IN transport=Wi-Fi extraInfo="VisitorPortal" highPrioriy=false
1970-01-01 00:02:16.447 2189-2189/? I/wificond: Received scan result notification from kernel.
1970-01-01 00:02:42.001 2189-2189/? I/chatty: uid=1010(wifi) /system/bin/wificond identical 1 line
1970-01-01 00:03:22.151 2189-2189/? I/wificond: Received scan result notification from kernel.
1970-01-01 00:04:42.134 2189-2189/? I/wificond: Received scan result notification from kernel.
1970-01-01 00:07:21.819 2189-2189/? I/wificond: Received scan result notification from kernel.
1970-01-01 00:07:42.078 2189-2189/? I/chatty: uid=1010(wifi) /system/bin/wificond identical 1 line
1970-01-01 00:08:02.029 2189-2189/? I/wificond: Received scan result notification from kernel.
1970-01-01 00:08:02.299 2189-2189/? E/wificond: Received error message: Math result not representable
1970-01-01 00:08:02.299 2189-2189/? E/wificond: NL80211_CMD_GET_STATION failed
1970-01-01 00:08:22.082 2189-2189/? I/wificond: Received scan result notification from kernel.
1970-01-01 00:11:22.249 2189-2189/? I/chatty: uid=1010(wifi) /system/bin/wificond identical 9 lines
1970-01-01 00:11:42.221 2189-2189/? I/wificond: Received scan result notification from kernel.
1970-01-01 00:11:42.440 2189-2189/? E/wificond: Received error message: Math result not representable
1970-01-01 00:11:42.441 2189-2189/? E/wificond: NL80211_CMD_GET_STATION failed
1970-01-01 00:12:02.402 2189-2189/? I/wificond: Received scan result notification from kernel.
1970-01-01 00:12:08.665 2280-2345/system_process D/ConnectivityService: NetworkAgentInfo [WIFI () - 135] EVENT_NETWORK_INFO_CHANGED, going from CONNECTED to DISCONNECTED
1970-01-01 00:12:08.665 2280-2345/system_process D/ConnectivityService: NetworkAgentInfo [WIFI () - 135] got DISCONNECTED, was satisfying 3
1970-01-01 00:12:08.717 2280-2297/system_process E/BatteryStatsService: no controller energy info supplied
1970-01-01 00:12:08.721 2280-2297/system_process E/KernelWakelockReader: neither /proc/wakelocks nor /d/wakeup_sources exists
1970-01-01 00:12:08.722 2280-2297/system_process W/BatteryStatsImpl: Couldn't get kernel wake lock stats
1970-01-01 00:12:08.807 2280-2345/system_process D/ConnectivityService: Sending DISCONNECTED broadcast for type 1 NetworkAgentInfo [WIFI () - 135] isDefaultNetwork=true
1970-01-01 00:12:08.812 2280-2345/system_process D/NetworkNotificationManager: clearing notification tag=ConnectivityNotification:135 event=SIGN_IN
1970-01-01 00:12:12.764 2189-2189/? I/wificond: Received scan result notification from kernel.
1970-01-01 00:12:13.049 2280-2341/system_process D/ConnectivityService: registerNetworkAgent NetworkAgentInfo{ ni{[type: WIFI[], state: CONNECTING/CONNECTING, reason: (unspecified), extra: "VisitorPortal", failover: false, available: true, roaming: false, metered: false]}  network{136}  nethandle{584131988190}  lp{{LinkAddresses: []  Routes: [] DnsAddresses: [] Domains: null MTU: 0}}  nc{[ Transports: WIFI Capabilities: NOT_METERED&INTERNET&NOT_RESTRICTED&TRUSTED&NOT_VPN LinkUpBandwidth>=1048576Kbps LinkDnBandwidth>=1048576Kbps]}  Score{20}  everValidated{false}  lastValidated{false}  created{false} lingering{false} explicitlySelected{false} acceptUnvalidated{false} everCaptivePortalDetected{false} lastCaptivePortalDetected{false} }
1970-01-01 00:12:13.050 2280-2345/system_process D/ConnectivityService: NetworkAgentInfo [WIFI () - 136] EVENT_NETWORK_INFO_CHANGED, going from null to CONNECTING
1970-01-01 00:12:13.129 2280-2345/system_process D/ConnectivityService: NetworkAgentInfo [WIFI () - 136] EVENT_NETWORK_INFO_CHANGED, going from CONNECTING to CONNECTED
1970-01-01 00:12:13.131 2280-2345/system_process D/ConnectivityService: Adding iface wlan0 to network 136
1970-01-01 00:12:13.148 2280-2345/system_process D/ConnectivityService: Setting DNS servers for network 136 to [/8.8.8.8, /8.8.4.4]
1970-01-01 00:12:13.157 2280-2297/system_process E/BatteryStatsService: no controller energy info supplied
1970-01-01 00:12:13.160 2280-2297/system_process E/KernelWakelockReader: neither /proc/wakelocks nor /d/wakeup_sources exists
1970-01-01 00:12:13.160 2280-2297/system_process W/BatteryStatsImpl: Couldn't get kernel wake lock stats
1970-01-01 00:12:13.175 2280-2345/system_process D/ConnectivityService: Switching to new default network: NetworkAgentInfo{ ni{[type: WIFI[], state: CONNECTED/CONNECTED, reason: (unspecified), extra: "VisitorPortal", failover: false, available: true, roaming: false, metered: false]}  network{136}  nethandle{584131988190}  lp{{InterfaceName: wlan0 LinkAddresses: [fe80::cadf:84ff:fe52:2e6a/64,10.80.128.47/24,]  Routes: [fe80::/64 -> :: wlan0,10.80.128.0/24 -> 0.0.0.0 wlan0,0.0.0.0/0 -> 10.80.128.1 wlan0,] DnsAddresses: [8.8.8.8,8.8.4.4,] Domains: null MTU: 0 TcpBufferSizes: 524288,1048576,2097152,262144,524288,1048576}}  nc{[ Transports: WIFI Capabilities: NOT_METERED&INTERNET&NOT_RESTRICTED&TRUSTED&NOT_VPN&FOREGROUND LinkUpBandwidth>=1048576Kbps LinkDnBandwidth>=1048576Kbps SignalStrength: -118]}  Score{10}  everValidated{false}  lastValidated{false}  created{true} lingering{false} explicitlySelected{false} acceptUnvalidated{false} everCaptivePortalDetected{false} lastCaptivePortalDetected{false} }
1970-01-01 00:12:13.237 2280-2345/system_process D/ConnectivityService: Sending CONNECTED broadcast for type 1 NetworkAgentInfo [WIFI () - 136] isDefaultNetwork=true
1970-01-01 00:12:13.245 2280-2345/system_process D/ConnectivityService: NetworkAgentInfo [WIFI () - 136] validation failed with redirect to https://guestauth.morphotrust.com/login.html?redirect=connectivitycheck.gstatic.com/generate_204
1970-01-01 00:12:13.245 2280-2345/system_process D/NetworkNotificationManager: showNotification tag=ConnectivityNotification:136 event=SIGN_IN transport=Wi-Fi extraInfo="VisitorPortal" highPrioriy=false
1970-01-01 00:12:29.010 2189-2189/? I/wificond: Received scan result notification from kernel.
1970-01-01 00:12:54.602 2189-2189/? I/chatty: uid=1010(wifi) /system/bin/wificond identical 1 line
1970-01-01 00:13:34.592 2189-2189/? I/wificond: Received scan result notification from kernel.
1970-01-01 00:14:54.638 2189-2189/? I/wificond: Received scan result notification from kernel.
    
    --------- beginning of main
1970-01-01 00:17:33.325 2483-2483/? E/wpa_supplicant: nl80211: Failed to open /proc/sys/net/ipv4/conf/wlan0/drop_unicast_in_l2_multicast: No such file or directory
1970-01-01 00:17:33.325 2483-2483/? E/wpa_supplicant: nl80211: Failed to set IPv4 unicast in multicast filter
1970-01-01 00:17:34.695 2189-2189/? I/wificond: Received scan result notification from kernel.
1970-01-01 00:17:34.696 2280-2807/system_process D/WificondControl: Scan result ready event
1970-01-01 00:17:34.703 2280-2341/system_process D/WifiStateMachine: CMD_START_ROAM sup state DisconnectedState my state ConnectedState nid=0 config "VisitorPortal"NONE targetRoamBSSID any
1970-01-01 00:17:34.704 2280-2341/system_process W/LastMileLogger: Failed to open free_buffer pseudo-file: /sys/kernel/debug/tracing/instances/wifi/free_buffer (Permission denied)
1970-01-01 00:17:34.704 2280-2341/system_process W/LastMileLogger: Failed to arm fail-safe.
1970-01-01 00:17:34.704 2280-2341/system_process D/SupplicantStaIfaceHal: roamToNetwork"VisitorPortal"NONE (bssid any)
1970-01-01 00:17:34.709 2280-2343/system_process D/WificondScannerImpl: processPendingScans in request of SCAN_RESULTS_EVENT
1970-01-01 00:17:34.715 2483-2483/? I/wpa_supplicant: wlan0: SME: Trying to authenticate with a8:9d:21:42:d5:ee (SSID='VisitorPortal' freq=5180 MHz)
1970-01-01 00:17:34.722 2280-2341/system_process D/WifiStateMachine: WifiStateMachine: Leaving Connected state
1970-01-01 00:17:34.723 2280-2341/system_process D/WifiStateMachine: Start Roam Watchdog 355
1970-01-01 00:17:34.778 2483-2483/? I/wpa_supplicant: wlan0: Trying to associate with a8:9d:21:42:d5:ee (SSID='VisitorPortal' freq=5180 MHz)
1970-01-01 00:17:34.954 2483-2483/? I/wpa_supplicant: wlan0: Associated with a8:9d:21:42:d5:ee
1970-01-01 00:17:34.967 2483-2483/? I/wpa_supplicant: wlan0: CTRL-EVENT-CONNECTED - Connection to a8:9d:21:42:d5:ee completed [id=0 id_str=%7B%22configKey%22%3A%22%5C%22VisitorPortal%5C%22NONE%22%2C%22creatorUid%22%3A%221000%22%7D]
1970-01-01 00:17:34.970 2483-2483/? I/wpa_supplicant: wlan0: CTRL-EVENT-SUBNET-STATUS-UPDATE status=0
1970-01-01 00:17:34.970 2280-2341/system_process W/WifiConfigManager: Looking up network with invalid networkId -1
1970-01-01 00:17:34.979 2280-2341/system_process W/LastMileLogger: Failed to stop event tracing: /sys/kernel/debug/tracing/instances/wifi/tracing_on (Permission denied)
1970-01-01 00:17:34.981 2280-2341/system_process D/WifiStateMachine: WifiStateMachine: Leaving Roaming state
1970-01-01 00:17:35.038 2483-2483/? I/wpa_supplicant: wlan0: CTRL-EVENT-DISCONNECTED bssid=a8:9d:21:42:d5:ee reason=7
1970-01-01 00:17:35.039 2483-2483/? E/wpa_supplicant: nl80211: Failed to open /proc/sys/net/ipv4/conf/wlan0/drop_unicast_in_l2_multicast: No such file or directory
1970-01-01 00:17:35.039 2483-2483/? E/wpa_supplicant: nl80211: Failed to set IPv4 unicast in multicast filter
1970-01-01 00:17:35.212 2280-2341/system_process W/WifiConfigManager: Looking up network with invalid networkId -1
1970-01-01 00:17:35.216 2280-2341/system_process E/SupplicantStaIfaceHal: ISupplicantStaIface.setBtCoexistenceMode failed: FAILURE_UNKNOWN, 
1970-01-01 00:17:35.217 2280-2345/system_process D/ConnectivityService: NetworkAgentInfo [WIFI () - 136] EVENT_NETWORK_INFO_CHANGED, going from CONNECTED to DISCONNECTED
1970-01-01 00:17:35.217 2280-2345/system_process D/ConnectivityService: NetworkAgentInfo [WIFI () - 136] got DISCONNECTED, was satisfying 3
1970-01-01 00:17:35.217 2280-2342/system_process D/DhcpClient: doQuit
1970-01-01 00:17:35.218 2280-2341/system_process D/WifiStateMachine: WifiStateMachine: Leaving Connected state
1970-01-01 00:17:35.219 2280-10225/system_process D/DhcpClient: onQuitting
1970-01-01 00:17:35.220 2188-2249/? D/CommandListener: Setting iface cfg
1970-01-01 00:17:35.220 2280-2341/system_process D/WifiNetworkAgent: NetworkAgent: NetworkAgent channel lost
1970-01-01 00:17:35.220 2280-2343/system_process D/WificondScannerImpl: processPendingScans in request of startSingleScan
1970-01-01 00:17:35.221 2280-2341/system_process E/HalDeviceManager: Should have at least 1 chip!
1970-01-01 00:17:35.221 2280-2341/system_process E/HalDeviceManager: getSupportedIfaceTypesInternal: no chip info found
1970-01-01 00:17:35.221 2280-2297/system_process E/BatteryStatsService: no controller energy info supplied
1970-01-01 00:17:35.223 2280-2297/system_process E/KernelWakelockReader: neither /proc/wakelocks nor /d/wakeup_sources exists
1970-01-01 00:17:35.223 2280-2297/system_process W/BatteryStatsImpl: Couldn't get kernel wake lock stats
1970-01-01 00:17:35.238 2280-10227/system_process D/DhcpClient: Receive thread stopped
1970-01-01 00:17:35.269 2280-2343/system_process D/WificondScannerImpl: Starting wifi scan for freqs=null, background=false, single=true
1970-01-01 00:17:35.291 10264-10264/? W/iptables: type=1400 audit(0.0:1599): avc: granted { getattr } for path="/vendor" dev="rootfs" ino=10003 scontext=u:r:netd:s0 tcontext=u:object_r:rootfs:s0 tclass=lnk_file
1970-01-01 00:17:35.307 10264-10264/? W/iptables: type=1400 audit(0.0:1600): avc: granted { lock } for path="/system/etc/xtables.lock" dev="sdd10" ino=797 scontext=u:r:netd:s0 tcontext=u:object_r:system_file:s0 tclass=file
1970-01-01 00:17:35.323 10265-10265/? W/ip6tables: type=1400 audit(0.0:1601): avc: granted { getattr } for path="/vendor" dev="rootfs" ino=10003 scontext=u:r:netd:s0 tcontext=u:object_r:rootfs:s0 tclass=lnk_file
1970-01-01 00:17:35.331 10265-10265/? W/ip6tables: type=1400 audit(0.0:1602): avc: granted { lock } for path="/system/etc/xtables.lock" dev="sdd10" ino=797 scontext=u:r:netd:s0 tcontext=u:object_r:system_file:s0 tclass=file
1970-01-01 00:17:35.339 2188-2249/? V/IdletimerController: runCmd(/system/bin/ip6tables -w -t raw -D idletimer_raw_PREROUTING -i wlan0 -j IDLETIMER --timeout 15 --label 1 --send_nl_msg 1) res_ipv4=0, res_ipv6=0
1970-01-01 00:17:35.343 10266-10266/? W/iptables: type=1400 audit(0.0:1603): avc: granted { getattr } for path="/vendor" dev="rootfs" ino=10003 scontext=u:r:netd:s0 tcontext=u:object_r:rootfs:s0 tclass=lnk_file
1970-01-01 00:17:35.351 10266-10266/? W/iptables: type=1400 audit(0.0:1604): avc: granted { lock } for path="/system/etc/xtables.lock" dev="sdd10" ino=797 scontext=u:r:netd:s0 tcontext=u:object_r:system_file:s0 tclass=file
1970-01-01 00:17:35.363 10267-10267/? W/ip6tables: type=1400 audit(0.0:1605): avc: granted { getattr } for path="/vendor" dev="rootfs" ino=10003 scontext=u:r:netd:s0 tcontext=u:object_r:rootfs:s0 tclass=lnk_file
1970-01-01 00:17:35.367 10267-10267/? W/ip6tables: type=1400 audit(0.0:1606): avc: granted { lock } for path="/system/etc/xtables.lock" dev="sdd10" ino=797 scontext=u:r:netd:s0 tcontext=u:object_r:system_file:s0 tclass=file
1970-01-01 00:17:35.375 2200-2200/? W/iptables-restor: type=1400 audit(0.0:1607): avc: granted { lock } for path="/system/etc/xtables.lock" dev="sdd10" ino=797 scontext=u:r:netd:s0 tcontext=u:object_r:system_file:s0 tclass=file
1970-01-01 00:17:35.375 2204-2204/? W/ip6tables-resto: type=1400 audit(0.0:1608): avc: granted { lock } for path="/system/etc/xtables.lock" dev="sdd10" ino=797 scontext=u:r:netd:s0 tcontext=u:object_r:system_file:s0 tclass=file
1970-01-01 00:17:35.376 2188-2249/? V/IdletimerController: runCmd(/system/bin/ip6tables -w -t mangle -D idletimer_mangle_POSTROUTING -o wlan0 -j IDLETIMER --timeout 15 --label 1 --send_nl_msg 1) res_ipv4=0, res_ipv6=0
1970-01-01 00:17:35.376 2188-2249/? D/CommandListener: Clearing all IP addresses on wlan0
1970-01-01 00:17:35.377 2280-2345/system_process D/ConnectivityService: Sending DISCONNECTED broadcast for type 1 NetworkAgentInfo [WIFI () - 136] isDefaultNetwork=true
1970-01-01 00:17:35.382 2280-2345/system_process D/NetworkNotificationManager: clearing notification tag=ConnectivityNotification:136 event=SIGN_IN
1970-01-01 00:17:37.328 2280-2341/system_process E/WifiStateMachine: Error! unhandled message{ when=-2ms what=131159 target=com.android.internal.util.StateMachine$SmHandler }
1970-01-01 00:17:39.334 2189-2189/? I/wificond: Received scan result notification from kernel.
1970-01-01 00:17:39.335 2280-2435/system_process D/WificondControl: Scan result ready event
1970-01-01 00:17:39.350 2280-2343/system_process D/WificondScannerImpl: processPendingScans in request of SCAN_RESULTS_EVENT
1970-01-01 00:17:39.352 2280-2341/system_process W/WifiConfigManager: Looking up network with invalid networkId -1
1970-01-01 00:17:39.358 2280-2341/system_process W/WifiConfigManager: Looking up network with invalid networkId -1
1970-01-01 00:17:39.359 2280-2341/system_process D/WifiStateMachine: CMD_START_CONNECT sup state DisconnectedState my state DisconnectedState nid=0 roam=false
1970-01-01 00:17:39.360 2280-2341/system_process W/LastMileLogger: Failed to open free_buffer pseudo-file: /sys/kernel/debug/tracing/instances/wifi/free_buffer (Permission denied)
1970-01-01 00:17:39.360 2280-2341/system_process W/LastMileLogger: Failed to arm fail-safe.
1970-01-01 00:17:39.360 2280-2341/system_process D/SupplicantStaIfaceHal: connectToNetwork "VisitorPortal"NONE
1970-01-01 00:17:39.363 2280-2341/system_process I/SupplicantStaIfaceHal: addSupplicantStaNetwork via HIDL
1970-01-01 00:17:39.377 2483-2483/? I/wpa_supplicant: wlan0: SME: Trying to authenticate with a8:9d:21:42:d5:ee (SSID='VisitorPortal' freq=5180 MHz)
1970-01-01 00:17:39.439 2483-2483/? I/wpa_supplicant: wlan0: Trying to associate with a8:9d:21:42:d5:ee (SSID='VisitorPortal' freq=5180 MHz)
1970-01-01 00:17:39.497 2483-2483/? I/wpa_supplicant: nl80211: send_and_recv->nl_recvmsgs failed: -33
1970-01-01 00:17:39.498 2483-2483/? I/wpa_supplicant: wlan0: Associated with a8:9d:21:42:d5:ee
1970-01-01 00:17:39.507 2483-2483/? I/wpa_supplicant: wlan0: CTRL-EVENT-CONNECTED - Connection to a8:9d:21:42:d5:ee completed [id=0 id_str=%7B%22configKey%22%3A%22%5C%22VisitorPortal%5C%22NONE%22%2C%22creatorUid%22%3A%221000%22%7D]
1970-01-01 00:17:39.509 2483-2483/? I/wpa_supplicant: wlan0: CTRL-EVENT-SUBNET-STATUS-UPDATE status=0
1970-01-01 00:17:39.516 2280-2341/system_process D/ConnectivityService: registerNetworkAgent NetworkAgentInfo{ ni{[type: WIFI[], state: CONNECTING/CONNECTING, reason: (unspecified), extra: "VisitorPortal", failover: false, available: true, roaming: false, metered: false]}  network{137}  nethandle{588426955486}  lp{{LinkAddresses: []  Routes: [] DnsAddresses: [] Domains: null MTU: 0}}  nc{[ Transports: WIFI Capabilities: NOT_METERED&INTERNET&NOT_RESTRICTED&TRUSTED&NOT_VPN LinkUpBandwidth>=1048576Kbps LinkDnBandwidth>=1048576Kbps]}  Score{20}  everValidated{false}  lastValidated{false}  created{false} lingering{false} explicitlySelected{false} acceptUnvalidated{false} everCaptivePortalDetected{false} lastCaptivePortalDetected{false} }
1970-01-01 00:17:39.516 2280-2345/system_process D/ConnectivityService: NetworkAgentInfo [WIFI () - 137] EVENT_NETWORK_INFO_CHANGED, going from null to CONNECTING
1970-01-01 00:17:39.522 2280-2341/system_process E/SupplicantStaIfaceHal: ISupplicantStaIface.setBtCoexistenceMode failed: FAILURE_UNKNOWN, 
1970-01-01 00:17:39.531 2280-2341/system_process E/SupplicantStaIfaceHal: ISupplicantStaIface.stopRxFilter failed: FAILURE_UNKNOWN, 
1970-01-01 00:17:39.553 2280-10277/system_process D/DhcpClient: Receive thread started
1970-01-01 00:17:39.554 2280-2341/system_process E/SupplicantStaIfaceHal: ISupplicantStaIface.setBtCoexistenceMode failed: FAILURE_UNKNOWN, 
1970-01-01 00:17:39.555 2280-2341/system_process E/SupplicantStaIfaceHal: ISupplicantStaIface.setSuspendModeEnabled failed: FAILURE_UNKNOWN, 
1970-01-01 00:17:39.560 2280-10275/system_process D/DhcpClient: Broadcasting DHCPDISCOVER
1970-01-01 00:17:39.564 2280-10277/system_process D/DhcpClient: Received packet: c8:df:84:52:2e:6a OFFER, ip /10.80.128.47, mask /255.255.255.0, DNS servers: /8.8.8.8 /8.8.4.4 , gateways [/10.80.128.1] lease time 3273, domain null
1970-01-01 00:17:39.565 2280-10275/system_process D/DhcpClient: Got pending lease: IP address 10.80.128.47/24 Gateway 10.80.128.1  DNS servers: [ 8.8.8.8 8.8.4.4 ] Domains  DHCP server /10.80.128.1 Vendor info null lease 3273 seconds
1970-01-01 00:17:39.566 2280-10275/system_process D/DhcpClient: Broadcasting DHCPREQUEST ciaddr=0.0.0.0 request=10.80.128.47 serverid=10.80.128.1
1970-01-01 00:17:39.569 2280-10277/system_process D/DhcpClient: Received packet: c8:df:84:52:2e:6a ACK: your new IP /10.80.128.47, netmask /255.255.255.0, gateways [/10.80.128.1] DNS servers: /8.8.8.8 /8.8.4.4 , lease time 3600
1970-01-01 00:17:39.569 2280-10275/system_process D/DhcpClient: Confirmed lease: IP address 10.80.128.47/24 Gateway 10.80.128.1  DNS servers: [ 8.8.8.8 8.8.4.4 ] Domains  DHCP server /10.80.128.1 Vendor info null lease 3600 seconds
1970-01-01 00:17:39.574 2280-2341/system_process E/SupplicantStaIfaceHal: ISupplicantStaIface.setBtCoexistenceMode failed: FAILURE_UNKNOWN, 
1970-01-01 00:17:39.578 2188-2249/? D/CommandListener: Setting iface cfg
1970-01-01 00:17:39.583 2200-2200/? W/iptables-restor: type=1400 audit(0.0:1609): avc: granted { lock } for path="/system/etc/xtables.lock" dev="sdd10" ino=797 scontext=u:r:netd:s0 tcontext=u:object_r:system_file:s0 tclass=file
1970-01-01 00:17:39.584 2280-2341/system_process W/LastMileLogger: Failed to stop event tracing: /sys/kernel/debug/tracing/instances/wifi/tracing_on (Permission denied)
1970-01-01 00:17:39.585 2280-2345/system_process D/ConnectivityService: NetworkAgentInfo [WIFI () - 137] EVENT_NETWORK_INFO_CHANGED, going from CONNECTING to CONNECTED
1970-01-01 00:17:39.587 2204-2204/? W/ip6tables-resto: type=1400 audit(0.0:1610): avc: granted { lock } for path="/system/etc/xtables.lock" dev="sdd10" ino=797 scontext=u:r:netd:s0 tcontext=u:object_r:system_file:s0 tclass=file
1970-01-01 00:17:39.587 2280-2345/system_process D/ConnectivityService: Adding iface wlan0 to network 137
1970-01-01 00:17:39.591 2280-10275/system_process D/DhcpClient: Scheduling renewal in 1799s
1970-01-01 00:17:39.591 2280-10275/system_process D/DhcpClient: Scheduling rebind in 3149s
1970-01-01 00:17:39.591 2280-10275/system_process D/DhcpClient: Scheduling expiry in 3599s
1970-01-01 00:17:39.634 2280-2341/system_process E/WifiStateMachine: Did not find remoteAddress {10.80.128.1} in /proc/net/arp
1970-01-01 00:17:39.641 2280-2345/system_process D/ConnectivityService: Setting DNS servers for network 137 to [/8.8.8.8, /8.8.4.4]
1970-01-01 00:17:39.643 2280-2341/system_process E/HalDeviceManager: Should have at least 1 chip!
1970-01-01 00:17:39.643 2280-2341/system_process E/HalDeviceManager: getSupportedIfaceTypesInternal: no chip info found
1970-01-01 00:17:39.643 2280-2297/system_process E/BatteryStatsService: no controller energy info supplied
1970-01-01 00:17:39.646 2280-2297/system_process E/KernelWakelockReader: neither /proc/wakelocks nor /d/wakeup_sources exists
1970-01-01 00:17:39.646 2280-2297/system_process W/BatteryStatsImpl: Couldn't get kernel wake lock stats
1970-01-01 00:17:39.654 2280-2341/system_process D/WifiNetworkAgent: NetworkAgent: Received signal strength thresholds: []
1970-01-01 00:17:39.655 2280-2345/system_process D/ConnectivityService: Switching to new default network: NetworkAgentInfo{ ni{[type: WIFI[], state: CONNECTED/CONNECTED, reason: (unspecified), extra: "VisitorPortal", failover: false, available: true, roaming: false, metered: false]}  network{137}  nethandle{588426955486}  lp{{InterfaceName: wlan0 LinkAddresses: [fe80::cadf:84ff:fe52:2e6a/64,10.80.128.47/24,]  Routes: [fe80::/64 -> :: wlan0,10.80.128.0/24 -> 0.0.0.0 wlan0,0.0.0.0/0 -> 10.80.128.1 wlan0,] DnsAddresses: [8.8.8.8,8.8.4.4,] Domains: null MTU: 0 TcpBufferSizes: 524288,1048576,2097152,262144,524288,1048576}}  nc{[ Transports: WIFI Capabilities: NOT_METERED&INTERNET&NOT_RESTRICTED&TRUSTED&NOT_VPN&FOREGROUND LinkUpBandwidth>=1048576Kbps LinkDnBandwidth>=1048576Kbps SignalStrength: -64]}  Score{12}  everValidated{false}  lastValidated{false}  created{true} lingering{false} explicitlySelected{false} acceptUnvalidated{false} everCaptivePortalDetected{false} lastCaptivePortalDetected{false} }
1970-01-01 00:17:39.667 10278-10278/? W/iptables: type=1400 audit(0.0:1611): avc: granted { getattr } for path="/vendor" dev="rootfs" ino=10003 scontext=u:r:netd:s0 tcontext=u:object_r:rootfs:s0 tclass=lnk_file
1970-01-01 00:17:39.670 2280-2339/system_process D/SntpClient: request time failed: java.net.UnknownHostException: Unable to resolve host "time.android.com": No address associated with hostname
1970-01-01 00:17:39.670 2280-2339/system_process D/SntpClient: request time failed: java.net.UnknownHostException: Unable to resolve host "time.android.com": No address associated with hostname
1970-01-01 00:17:39.683 10278-10278/? W/iptables: type=1400 audit(0.0:1612): avc: granted { lock } for path="/system/etc/xtables.lock" dev="sdd10" ino=797 scontext=u:r:netd:s0 tcontext=u:object_r:system_file:s0 tclass=file
1970-01-01 00:17:39.691 10284-10284/? W/ip6tables: type=1400 audit(0.0:1613): avc: granted { getattr } for path="/vendor" dev="rootfs" ino=10003 scontext=u:r:netd:s0 tcontext=u:object_r:rootfs:s0 tclass=lnk_file
1970-01-01 00:17:39.693 2280-10281/system_process D/NetworkMonitor/NetworkAgentInfo[WIFI()-137]: PROBE_DNS connectivitycheck.gstatic.com 18ms OK 172.217.5.227
1970-01-01 00:17:39.693 2280-10280/system_process D/NetworkMonitor/NetworkAgentInfo[WIFI()-137]: PROBE_DNS www.google.com 18ms OK 172.217.12.164
1970-01-01 00:17:39.699 10284-10284/? W/ip6tables: type=1400 audit(0.0:1614): avc: granted { lock } for path="/system/etc/xtables.lock" dev="sdd10" ino=797 scontext=u:r:netd:s0 tcontext=u:object_r:system_file:s0 tclass=file
1970-01-01 00:17:39.739 2188-2249/? V/IdletimerController: runCmd(/system/bin/ip6tables -w -t raw -A idletimer_raw_PREROUTING -i wlan0 -j IDLETIMER --timeout 15 --label 1 --send_nl_msg 1) res_ipv4=0, res_ipv6=0
1970-01-01 00:17:39.747 10286-10286/? W/iptables: type=1400 audit(0.0:1615): avc: granted { getattr } for path="/vendor" dev="rootfs" ino=10003 scontext=u:r:netd:s0 tcontext=u:object_r:rootfs:s0 tclass=lnk_file
1970-01-01 00:17:39.747 2280-10281/system_process D/NetworkMonitor/NetworkAgentInfo[WIFI()-137]: PROBE_HTTP http://connectivitycheck.gstatic.com/generate_204 time=52ms ret=200 request={User-Agent=[Mozilla/5.0 (X11; Linux x86_64) AppleWebKit/537.36 (KHTML, like Gecko) Chrome/52.0.2743.82 Safari/537.36]} headers={null=[HTTP/1.1 200 OK], Content-Length=[349], Content-Type=[text/html], Location=[https://guestauth.morphotrust.com/login.html?redirect=connectivitycheck.gstatic.com/generate_204], X-Android-Received-Millis=[19059746], X-Android-Response-Source=[NETWORK 200], X-Android-Selected-Protocol=[http/1.1], X-Android-Sent-Millis=[19059725]}
1970-01-01 00:17:39.749 2280-10280/system_process D/NetworkMonitor/NetworkAgentInfo[WIFI()-137]: PROBE_HTTPS https://www.google.com/generate_204 Probably not a portal: exception javax.net.ssl.SSLHandshakeException: Connection closed by peer
1970-01-01 00:17:39.751 10286-10286/? W/iptables: type=1400 audit(0.0:1616): avc: granted { lock } for path="/system/etc/xtables.lock" dev="sdd10" ino=797 scontext=u:r:netd:s0 tcontext=u:object_r:system_file:s0 tclass=file
1970-01-01 00:17:39.763 10287-10287/? W/ip6tables: type=1400 audit(0.0:1617): avc: granted { getattr } for path="/vendor" dev="rootfs" ino=10003 scontext=u:r:netd:s0 tcontext=u:object_r:rootfs:s0 tclass=lnk_file
1970-01-01 00:17:39.771 10287-10287/? W/ip6tables: type=1400 audit(0.0:1618): avc: granted { lock } for path="/system/etc/xtables.lock" dev="sdd10" ino=797 scontext=u:r:netd:s0 tcontext=u:object_r:system_file:s0 tclass=file
