1970-01-01 00:26:51.475 2280-2341/system_process D/WifiConfigStore: Writing to stores completed in 22 ms.
1970-01-01 00:26:55.519 2280-2343/system_process D/WificondScannerImpl: processPendingScans in request of startSingleScan
1970-01-01 00:26:55.543 2280-2343/system_process D/WificondScannerImpl: Starting wifi scan for freqs=null, background=false, single=true
1970-01-01 00:27:01.360 2280-2807/system_process D/WificondControl: Scan result ready event
1970-01-01 00:27:01.368 2280-2343/system_process D/WificondScannerImpl: processPendingScans in request of SCAN_RESULTS_EVENT
1970-01-01 00:27:01.389 2280-2341/system_process D/WifiStateMachine: CMD_START_ROAM sup state DisconnectedState my state ConnectedState nid=0 config "VisitorPortal"NONE targetRoamBSSID a8:9d:21:42:d5:ee
1970-01-01 00:27:01.391 2280-2341/system_process W/LastMileLogger: Failed to open free_buffer pseudo-file: /sys/kernel/debug/tracing/instances/wifi/free_buffer (Permission denied)
1970-01-01 00:27:01.391 2280-2341/system_process W/LastMileLogger: Failed to arm fail-safe.
1970-01-01 00:27:01.391 2280-2341/system_process D/SupplicantStaIfaceHal: roamToNetwork"VisitorPortal"NONE (bssid a8:9d:21:42:d5:ee)
1970-01-01 00:27:01.395 2483-2483/? I/wpa_supplicant: wlan0: SME: Trying to authenticate with a8:9d:21:42:d5:ee (SSID='VisitorPortal' freq=5180 MHz)
1970-01-01 00:27:01.406 2280-2341/system_process D/WifiStateMachine: WifiStateMachine: Leaving Connected state
1970-01-01 00:27:01.407 2280-2341/system_process D/WifiStateMachine: Start Roam Watchdog 368
1970-01-01 00:27:01.523 2483-2483/? I/wpa_supplicant: wlan0: Trying to associate with a8:9d:21:42:d5:ee (SSID='VisitorPortal' freq=5180 MHz)
1970-01-01 00:27:01.571 2483-2483/? I/wpa_supplicant: wlan0: Associated with a8:9d:21:42:d5:ee
1970-01-01 00:27:01.582 2483-2483/? I/wpa_supplicant: wlan0: CTRL-EVENT-CONNECTED - Connection to a8:9d:21:42:d5:ee completed [id=0 id_str=%7B%22configKey%22%3A%22%5C%22VisitorPortal%5C%22NONE%22%2C%22creatorUid%22%3A%221000%22%7D]
1970-01-01 00:27:01.584 2483-2483/? I/wpa_supplicant: wlan0: CTRL-EVENT-SUBNET-STATUS-UPDATE status=0
1970-01-01 00:27:01.593 2280-2341/system_process W/LastMileLogger: Failed to stop event tracing: /sys/kernel/debug/tracing/instances/wifi/tracing_on (Permission denied)
1970-01-01 00:27:01.595 2280-2341/system_process D/WifiStateMachine: WifiStateMachine: Leaving Roaming state
1970-01-01 00:27:11.383 2280-2341/system_process W/AlarmManager: Unrecognized alarm listener com.android.server.wifi.WifiConfigStore$1@335a8e6
1970-01-01 00:27:11.403 2280-2341/system_process D/WifiConfigStore: Writing to stores completed in 19 ms.
1970-01-01 00:27:15.521 2280-2343/system_process D/WificondScannerImpl: processPendingScans in request of startSingleScan
1970-01-01 00:27:15.538 2280-2343/system_process D/WificondScannerImpl: Starting wifi scan for freqs=null, background=false, single=true
1970-01-01 00:27:21.334 2280-2807/system_process D/WificondControl: Scan result ready event
1970-01-01 00:27:21.350 2280-2343/system_process D/WificondScannerImpl: processPendingScans in request of SCAN_RESULTS_EVENT
1970-01-01 00:27:21.360 2280-2341/system_process D/WifiStateMachine: CMD_START_ROAM sup state DisconnectedState my state ConnectedState nid=0 config "VisitorPortal"NONE targetRoamBSSID a8:9d:21:42:d5:ee
1970-01-01 00:27:21.361 2280-2341/system_process W/LastMileLogger: Failed to open free_buffer pseudo-file: /sys/kernel/debug/tracing/instances/wifi/free_buffer (Permission denied)
1970-01-01 00:27:21.361 2280-2341/system_process W/LastMileLogger: Failed to arm fail-safe.
1970-01-01 00:27:21.362 2280-2341/system_process D/SupplicantStaIfaceHal: roamToNetwork"VisitorPortal"NONE (bssid a8:9d:21:42:d5:ee)
1970-01-01 00:27:21.366 2483-2483/? I/wpa_supplicant: wlan0: SME: Trying to authenticate with a8:9d:21:42:d5:ee (SSID='VisitorPortal' freq=5180 MHz)
1970-01-01 00:27:21.378 2280-2341/system_process D/WifiStateMachine: WifiStateMachine: Leaving Connected state
1970-01-01 00:27:21.379 2280-2341/system_process D/WifiStateMachine: Start Roam Watchdog 369
1970-01-01 00:27:21.491 2483-2483/? I/wpa_supplicant: wlan0: Trying to associate with a8:9d:21:42:d5:ee (SSID='VisitorPortal' freq=5180 MHz)
1970-01-01 00:27:21.540 2483-2483/? I/wpa_supplicant: wlan0: Associated with a8:9d:21:42:d5:ee
1970-01-01 00:27:21.551 2483-2483/? I/wpa_supplicant: wlan0: CTRL-EVENT-CONNECTED - Connection to a8:9d:21:42:d5:ee completed [id=0 id_str=%7B%22configKey%22%3A%22%5C%22VisitorPortal%5C%22NONE%22%2C%22creatorUid%22%3A%221000%22%7D]
1970-01-01 00:27:21.553 2483-2483/? I/wpa_supplicant: wlan0: CTRL-EVENT-SUBNET-STATUS-UPDATE status=0
1970-01-01 00:27:21.563 2280-2341/system_process W/LastMileLogger: Failed to stop event tracing: /sys/kernel/debug/tracing/instances/wifi/tracing_on (Permission denied)
1970-01-01 00:27:21.567 2280-2341/system_process D/WifiStateMachine: WifiStateMachine: Leaving Roaming state
1970-01-01 00:27:35.524 2280-2341/system_process W/AlarmManager: Unrecognized alarm listener com.android.server.wifi.WifiConfigStore$1@335a8e6
1970-01-01 00:27:35.545 2280-2341/system_process D/WifiConfigStore: Writing to stores completed in 21 ms.
1970-01-01 00:27:35.549 2280-2343/system_process D/WificondScannerImpl: processPendingScans in request of startSingleScan
1970-01-01 00:27:35.559 2280-2343/system_process D/WificondScannerImpl: Starting wifi scan for freqs=null, background=false, single=true
1970-01-01 00:27:39.698 2280-10285/system_process W/OkHttpClient: A connection to http://connectivitycheck.gstatic.com/ was leaked. Did you forget to close a response body?
1970-01-01 00:27:39.851 2280-10273/system_process D/NetworkMonitor/NetworkAgentInfo[WIFI()-137]: Forcing reevaluation for UID 0
1970-01-01 00:27:40.028 2280-10511/system_process D/NetworkMonitor/NetworkAgentInfo[WIFI()-137]: PROBE_DNS www.google.com 171ms OK 172.217.15.100
1970-01-01 00:27:40.028 2280-10512/system_process D/NetworkMonitor/NetworkAgentInfo[WIFI()-137]: PROBE_DNS connectivitycheck.gstatic.com 171ms OK 172.217.5.227
1970-01-01 00:27:41.463 2280-2341/system_process W/LastMileLogger: Failed to stop event tracing: /sys/kernel/debug/tracing/instances/wifi/tracing_on (Permission denied)
1970-01-01 00:27:41.464 2280-2341/system_process W/LastMileLogger: Failed to read event trace: /sys/kernel/debug/tracing/instances/wifi/trace: open failed: EACCES (Permission denied)
1970-01-01 00:27:41.516 2280-2807/system_process D/WificondControl: Scan result ready event
1970-01-01 00:27:41.529 2280-2343/system_process D/WificondScannerImpl: processPendingScans in request of SCAN_RESULTS_EVENT
1970-01-01 00:27:41.542 2280-2341/system_process D/WifiStateMachine: CMD_START_ROAM sup state DisconnectedState my state ConnectedState nid=0 config "VisitorPortal"NONE targetRoamBSSID a8:9d:21:42:d5:ee
1970-01-01 00:27:41.543 2280-2341/system_process W/LastMileLogger: Failed to open free_buffer pseudo-file: /sys/kernel/debug/tracing/instances/wifi/free_buffer (Permission denied)
1970-01-01 00:27:41.544 2280-2341/system_process W/LastMileLogger: Failed to arm fail-safe.
1970-01-01 00:27:41.544 2280-2341/system_process D/SupplicantStaIfaceHal: roamToNetwork"VisitorPortal"NONE (bssid a8:9d:21:42:d5:ee)
1970-01-01 00:27:41.549 2483-2483/? I/wpa_supplicant: wlan0: SME: Trying to authenticate with a8:9d:21:42:d5:ee (SSID='VisitorPortal' freq=5180 MHz)
1970-01-01 00:27:41.560 2280-2341/system_process D/WifiStateMachine: WifiStateMachine: Leaving Connected state
1970-01-01 00:27:41.561 2280-2341/system_process D/WifiStateMachine: Start Roam Watchdog 370
1970-01-01 00:27:41.699 2483-2483/? I/wpa_supplicant: wlan0: Trying to associate with a8:9d:21:42:d5:ee (SSID='VisitorPortal' freq=5180 MHz)
1970-01-01 00:27:41.755 2483-2483/? I/wpa_supplicant: nl80211: send_and_recv->nl_recvmsgs failed: -33
1970-01-01 00:27:41.756 2483-2483/? I/wpa_supplicant: wlan0: Associated with a8:9d:21:42:d5:ee
1970-01-01 00:27:41.767 2483-2483/? I/wpa_supplicant: wlan0: CTRL-EVENT-CONNECTED - Connection to a8:9d:21:42:d5:ee completed [id=0 id_str=%7B%22configKey%22%3A%22%5C%22VisitorPortal%5C%22NONE%22%2C%22creatorUid%22%3A%221000%22%7D]
1970-01-01 00:27:41.770 2483-2483/? I/wpa_supplicant: wlan0: CTRL-EVENT-SUBNET-STATUS-UPDATE status=0
1970-01-01 00:27:41.776 2280-2341/system_process W/LastMileLogger: Failed to stop event tracing: /sys/kernel/debug/tracing/instances/wifi/tracing_on (Permission denied)
1970-01-01 00:27:41.778 2280-2341/system_process D/WifiStateMachine: WifiStateMachine: Leaving Roaming state
1970-01-01 00:27:47.870 2280-10276/system_process W/IpReachabilityMonitor: ALERT: NeighborEvent{elapsedMs=19661864, 10.80.128.1, [(null)], RTM_NEWNEIGH, NUD_FAILED}
1970-01-01 00:27:47.870 2280-10276/system_process W/IpReachabilityMonitor: FAILURE: LOST_PROVISIONING, NeighborEvent{elapsedMs=19661864, 10.80.128.1, [(null)], RTM_NEWNEIGH, NUD_FAILED}
1970-01-01 00:27:47.929 2483-2483/? I/wpa_supplicant: wlan0: CTRL-EVENT-DISCONNECTED bssid=a8:9d:21:42:d5:ee reason=3 locally_generated=1
1970-01-01 00:27:47.930 2483-2483/? E/wpa_supplicant: nl80211: Failed to open /proc/sys/net/ipv4/conf/wlan0/drop_unicast_in_l2_multicast: No such file or directory
1970-01-01 00:27:47.930 2483-2483/? E/wpa_supplicant: nl80211: Failed to set IPv4 unicast in multicast filter
1970-01-01 00:27:47.931 2483-2483/? E/wpa_supplicant: nl80211: Failed to open /proc/sys/net/ipv4/conf/wlan0/drop_unicast_in_l2_multicast: No such file or directory
1970-01-01 00:27:47.931 2483-2483/? E/wpa_supplicant: nl80211: Failed to set IPv4 unicast in multicast filter
1970-01-01 00:27:47.932 2280-2341/system_process D/WifiStateMachine: WifiStateMachine: Leaving Connected state
1970-01-01 00:27:47.933 2280-2341/system_process W/WifiConfigManager: Looking up network with invalid networkId -1
1970-01-01 00:27:47.934 2280-2342/system_process D/DhcpClient: doQuit
1970-01-01 00:27:47.936 2280-10275/system_process D/DhcpClient: onQuitting
1970-01-01 00:27:47.936 2280-2341/system_process E/SupplicantStaIfaceHal: ISupplicantStaIface.setBtCoexistenceMode failed: FAILURE_UNKNOWN, 
1970-01-01 00:27:47.936 2188-2249/? D/CommandListener: Setting iface cfg
1970-01-01 00:27:21.333 2189-2189/? I/chatty: uid=1010(wifi) /system/bin/wificond identical 2 lines
1970-01-01 00:27:41.515 2189-2189/? I/wificond: Received scan result notification from kernel.
1970-01-01 00:27:47.937 2280-2345/system_process D/ConnectivityService: NetworkAgentInfo [WIFI () - 137] EVENT_NETWORK_INFO_CHANGED, going from CONNECTED to DISCONNECTED
1970-01-01 00:27:47.937 2280-2345/system_process D/ConnectivityService: NetworkAgentInfo [WIFI () - 137] got DISCONNECTED, was satisfying 3
1970-01-01 00:27:47.945 2188-2241/? I/Netd: Destroyed 3 sockets on 10.80.128.47 in 4.2 ms
1970-01-01 00:27:47.946 2280-10511/system_process D/NetworkMonitor/NetworkAgentInfo[WIFI()-137]: PROBE_HTTPS https://www.google.com/generate_204 Probably not a portal: exception java.net.ConnectException: Failed to connect to www.google.com/172.217.15.100:443
1970-01-01 00:27:47.946 2280-10273/system_process D/NetworkMonitor/NetworkAgentInfo[WIFI()-137]: PROBE_FALLBACK http://www.google.com/gen_204 Probably not a portal: exception java.net.ConnectException: Failed to connect to www.google.com/172.217.15.100:80
1970-01-01 00:27:47.947 2280-10512/system_process D/NetworkMonitor/NetworkAgentInfo[WIFI()-137]: PROBE_HTTP http://connectivitycheck.gstatic.com/generate_204 Probably not a portal: exception java.net.ConnectException: Failed to connect to connectivitycheck.gstatic.com/172.217.5.227:80
1970-01-01 00:27:47.947 2280-2341/system_process D/WifiStateMachine: Start Disconnecting Watchdog 26
1970-01-01 00:27:47.947 2280-2341/system_process W/WifiConfigManager: Looking up network with invalid networkId -1
1970-01-01 00:27:47.950 2280-10277/system_process D/DhcpClient: Receive thread stopped
1970-01-01 00:27:47.991 2280-2341/system_process E/SupplicantStaIfaceHal: ISupplicantStaIface.setBtCoexistenceMode failed: FAILURE_UNKNOWN, 
1970-01-01 00:27:47.992 2280-2343/system_process D/WificondScannerImpl: processPendingScans in request of startSingleScan
1970-01-01 00:27:47.992 2280-2341/system_process D/WifiNetworkAgent: NetworkAgent: NetworkAgent channel lost
1970-01-01 00:27:47.993 2280-2341/system_process E/HalDeviceManager: Should have at least 1 chip!
1970-01-01 00:27:47.993 2280-2341/system_process E/HalDeviceManager: getSupportedIfaceTypesInternal: no chip info found
1970-01-01 00:27:47.993 2280-2297/system_process E/BatteryStatsService: no controller energy info supplied
1970-01-01 00:27:47.995 2280-2297/system_process E/KernelWakelockReader: neither /proc/wakelocks nor /d/wakeup_sources exists
1970-01-01 00:27:47.995 2280-2297/system_process W/BatteryStatsImpl: Couldn't get kernel wake lock stats
1970-01-01 00:27:48.017 2280-2343/system_process D/WificondScannerImpl: Starting wifi scan for freqs=null, background=false, single=true
1970-01-01 00:27:48.023 10524-10524/? W/iptables: type=1400 audit(0.0:1637): avc: granted { getattr } for path="/vendor" dev="rootfs" ino=10003 scontext=u:r:netd:s0 tcontext=u:object_r:rootfs:s0 tclass=lnk_file
1970-01-01 00:27:48.043 10524-10524/? W/iptables: type=1400 audit(0.0:1638): avc: granted { lock } for path="/system/etc/xtables.lock" dev="sdd10" ino=797 scontext=u:r:netd:s0 tcontext=u:object_r:system_file:s0 tclass=file
1970-01-01 00:27:48.051 10526-10526/? W/ip6tables: type=1400 audit(0.0:1639): avc: granted { getattr } for path="/vendor" dev="rootfs" ino=10003 scontext=u:r:netd:s0 tcontext=u:object_r:rootfs:s0 tclass=lnk_file
1970-01-01 00:27:48.059 10526-10526/? W/ip6tables: type=1400 audit(0.0:1640): avc: granted { lock } for path="/system/etc/xtables.lock" dev="sdd10" ino=797 scontext=u:r:netd:s0 tcontext=u:object_r:system_file:s0 tclass=file
1970-01-01 00:27:48.067 2188-2249/? V/IdletimerController: runCmd(/system/bin/ip6tables -w -t raw -D idletimer_raw_PREROUTING -i wlan0 -j IDLETIMER --timeout 15 --label 1 --send_nl_msg 1) res_ipv4=0, res_ipv6=0
1970-01-01 00:27:48.075 10527-10527/? W/iptables: type=1400 audit(0.0:1641): avc: granted { getattr } for path="/vendor" dev="rootfs" ino=10003 scontext=u:r:netd:s0 tcontext=u:object_r:rootfs:s0 tclass=lnk_file
1970-01-01 00:27:48.091 10527-10527/? W/iptables: type=1400 audit(0.0:1642): avc: granted { lock } for path="/system/etc/xtables.lock" dev="sdd10" ino=797 scontext=u:r:netd:s0 tcontext=u:object_r:system_file:s0 tclass=file
1970-01-01 00:27:48.099 10528-10528/? W/ip6tables: type=1400 audit(0.0:1643): avc: granted { getattr } for path="/vendor" dev="rootfs" ino=10003 scontext=u:r:netd:s0 tcontext=u:object_r:rootfs:s0 tclass=lnk_file
1970-01-01 00:27:48.107 10528-10528/? W/ip6tables: type=1400 audit(0.0:1644): avc: granted { lock } for path="/system/etc/xtables.lock" dev="sdd10" ino=797 scontext=u:r:netd:s0 tcontext=u:object_r:system_file:s0 tclass=file
1970-01-01 00:27:48.111 2200-2200/? W/iptables-restor: type=1400 audit(0.0:1645): avc: granted { lock } for path="/system/etc/xtables.lock" dev="sdd10" ino=797 scontext=u:r:netd:s0 tcontext=u:object_r:system_file:s0 tclass=file
1970-01-01 00:27:48.113 2188-2249/? V/IdletimerController: runCmd(/system/bin/ip6tables -w -t mangle -D idletimer_mangle_POSTROUTING -o wlan0 -j IDLETIMER --timeout 15 --label 1 --send_nl_msg 1) res_ipv4=0, res_ipv6=0
1970-01-01 00:27:48.113 2188-2249/? D/CommandListener: Clearing all IP addresses on wlan0
1970-01-01 00:27:48.114 2280-2345/system_process D/ConnectivityService: Sending DISCONNECTED broadcast for type 1 NetworkAgentInfo [WIFI () - 137] isDefaultNetwork=true
1970-01-01 00:27:48.115 2204-2204/? W/ip6tables-resto: type=1400 audit(0.0:1646): avc: granted { lock } for path="/system/etc/xtables.lock" dev="sdd10" ino=797 scontext=u:r:netd:s0 tcontext=u:object_r:system_file:s0 tclass=file
1970-01-01 00:27:48.123 2280-2345/system_process D/NetworkNotificationManager: clearing notification tag=ConnectivityNotification:137 event=SIGN_IN
1970-01-01 00:27:51.537 2280-2341/system_process W/AlarmManager: Unrecognized alarm listener com.android.server.wifi.WifiConfigStore$1@335a8e6
1970-01-01 00:27:51.557 2280-2341/system_process D/WifiConfigStore: Writing to stores completed in 20 ms.
1970-01-01 00:27:52.021 2189-2189/? I/wificond: Received scan result notification from kernel.
1970-01-01 00:27:52.022 2280-2807/system_process D/WificondControl: Scan result ready event
1970-01-01 00:27:52.030 2280-2343/system_process D/WificondScannerImpl: processPendingScans in request of SCAN_RESULTS_EVENT
1970-01-01 00:27:52.039 2280-2341/system_process W/WifiConfigManager: Looking up network with invalid networkId -1
1970-01-01 00:27:52.047 2280-2341/system_process W/WifiConfigManager: Looking up network with invalid networkId -1
1970-01-01 00:27:52.048 2280-2341/system_process D/WifiStateMachine: CMD_START_CONNECT sup state DisconnectedState my state DisconnectedState nid=0 roam=false
1970-01-01 00:27:52.048 2280-2341/system_process W/LastMileLogger: Failed to open free_buffer pseudo-file: /sys/kernel/debug/tracing/instances/wifi/free_buffer (Permission denied)
1970-01-01 00:27:52.048 2280-2341/system_process W/LastMileLogger: Failed to arm fail-safe.
1970-01-01 00:27:52.048 2280-2341/system_process D/SupplicantStaIfaceHal: connectToNetwork "VisitorPortal"NONE
1970-01-01 00:27:52.051 2280-2341/system_process I/SupplicantStaIfaceHal: addSupplicantStaNetwork via HIDL
1970-01-01 00:27:52.063 2483-2483/? I/wpa_supplicant: wlan0: SME: Trying to authenticate with a8:9d:21:42:d5:ee (SSID='VisitorPortal' freq=5180 MHz)
1970-01-01 00:27:52.124 2483-2483/? I/wpa_supplicant: wlan0: Trying to associate with a8:9d:21:42:d5:ee (SSID='VisitorPortal' freq=5180 MHz)
1970-01-01 00:27:52.170 2483-2483/? I/wpa_supplicant: wlan0: Associated with a8:9d:21:42:d5:ee
1970-01-01 00:27:52.179 2483-2483/? I/wpa_supplicant: wlan0: CTRL-EVENT-CONNECTED - Connection to a8:9d:21:42:d5:ee completed [id=0 id_str=%7B%22configKey%22%3A%22%5C%22VisitorPortal%5C%22NONE%22%2C%22creatorUid%22%3A%221000%22%7D]
1970-01-01 00:27:52.181 2483-2483/? I/wpa_supplicant: wlan0: CTRL-EVENT-SUBNET-STATUS-UPDATE status=0
1970-01-01 00:27:52.187 2280-2341/system_process D/ConnectivityService: registerNetworkAgent NetworkAgentInfo{ ni{[type: WIFI[], state: CONNECTING/CONNECTING, reason: (unspecified), extra: "VisitorPortal", failover: false, available: true, roaming: false, metered: false]}  network{138}  nethandle{592721922782}  lp{{LinkAddresses: []  Routes: [] DnsAddresses: [] Domains: null MTU: 0}}  nc{[ Transports: WIFI Capabilities: NOT_METERED&INTERNET&NOT_RESTRICTED&TRUSTED&NOT_VPN LinkUpBandwidth>=1048576Kbps LinkDnBandwidth>=1048576Kbps]}  Score{20}  everValidated{false}  lastValidated{false}  created{false} lingering{false} explicitlySelected{false} acceptUnvalidated{false} everCaptivePortalDetected{false} lastCaptivePortalDetected{false} }
1970-01-01 00:27:52.188 2280-2345/system_process D/ConnectivityService: NetworkAgentInfo [WIFI () - 138] EVENT_NETWORK_INFO_CHANGED, going from null to CONNECTING
1970-01-01 00:27:52.193 2280-2341/system_process E/SupplicantStaIfaceHal: ISupplicantStaIface.setBtCoexistenceMode failed: FAILURE_UNKNOWN, 
1970-01-01 00:27:52.204 2280-2341/system_process E/SupplicantStaIfaceHal: ISupplicantStaIface.stopRxFilter failed: FAILURE_UNKNOWN, 
1970-01-01 00:27:52.225 2280-10536/system_process D/DhcpClient: Receive thread started
1970-01-01 00:27:52.227 2280-2341/system_process E/SupplicantStaIfaceHal: ISupplicantStaIface.setBtCoexistenceMode failed: FAILURE_UNKNOWN, 
1970-01-01 00:27:52.228 2280-2341/system_process E/SupplicantStaIfaceHal: ISupplicantStaIface.setSuspendModeEnabled failed: FAILURE_UNKNOWN, 
1970-01-01 00:27:52.235 2280-10534/system_process D/DhcpClient: Broadcasting DHCPDISCOVER
1970-01-01 00:27:52.240 2280-10536/system_process D/DhcpClient: Received packet: c8:df:84:52:2e:6a OFFER, ip /10.80.128.47, mask /255.255.255.0, DNS servers: /8.8.8.8 /8.8.4.4 , gateways [/10.80.128.1] lease time 2988, domain null
1970-01-01 00:27:52.240 2280-10534/system_process D/DhcpClient: Got pending lease: IP address 10.80.128.47/24 Gateway 10.80.128.1  DNS servers: [ 8.8.8.8 8.8.4.4 ] Domains  DHCP server /10.80.128.1 Vendor info null lease 2988 seconds
1970-01-01 00:27:52.241 2280-10534/system_process D/DhcpClient: Broadcasting DHCPREQUEST ciaddr=0.0.0.0 request=10.80.128.47 serverid=10.80.128.1
1970-01-01 00:27:52.245 2280-10536/system_process D/DhcpClient: Received packet: c8:df:84:52:2e:6a ACK: your new IP /10.80.128.47, netmask /255.255.255.0, gateways [/10.80.128.1] DNS servers: /8.8.8.8 /8.8.4.4 , lease time 3600
1970-01-01 00:27:52.245 2280-10534/system_process D/DhcpClient: Confirmed lease: IP address 10.80.128.47/24 Gateway 10.80.128.1  DNS servers: [ 8.8.8.8 8.8.4.4 ] Domains  DHCP server /10.80.128.1 Vendor info null lease 3600 seconds
1970-01-01 00:27:52.248 2188-2249/? D/CommandListener: Setting iface cfg
1970-01-01 00:27:52.252 2280-2341/system_process E/SupplicantStaIfaceHal: ISupplicantStaIface.setBtCoexistenceMode failed: FAILURE_UNKNOWN, 
1970-01-01 00:27:52.260 2280-2341/system_process W/LastMileLogger: Failed to stop event tracing: /sys/kernel/debug/tracing/instances/wifi/tracing_on (Permission denied)
1970-01-01 00:27:52.261 2280-2345/system_process D/ConnectivityService: NetworkAgentInfo [WIFI () - 138] EVENT_NETWORK_INFO_CHANGED, going from CONNECTING to CONNECTED
1970-01-01 00:27:52.263 2200-2200/? W/iptables-restor: type=1400 audit(0.0:1647): avc: granted { lock } for path="/system/etc/xtables.lock" dev="sdd10" ino=797 scontext=u:r:netd:s0 tcontext=u:object_r:system_file:s0 tclass=file
1970-01-01 00:27:52.263 2280-10534/system_process D/DhcpClient: Scheduling renewal in 1799s
1970-01-01 00:27:52.263 2280-10534/system_process D/DhcpClient: Scheduling rebind in 3149s
1970-01-01 00:27:52.263 2280-10534/system_process D/DhcpClient: Scheduling expiry in 3599s
1970-01-01 00:27:52.267 2280-2345/system_process D/ConnectivityService: Adding iface wlan0 to network 138
1970-01-01 00:27:52.271 2204-2204/? W/ip6tables-resto: type=1400 audit(0.0:1648): avc: granted { lock } for path="/system/etc/xtables.lock" dev="sdd10" ino=797 scontext=u:r:netd:s0 tcontext=u:object_r:system_file:s0 tclass=file
1970-01-01 00:27:52.277 2280-2341/system_process E/WifiStateMachine: Did not find remoteAddress {10.80.128.1} in /proc/net/arp
1970-01-01 00:27:52.289 2280-2341/system_process E/HalDeviceManager: Should have at least 1 chip!
1970-01-01 00:27:52.289 2280-2341/system_process E/HalDeviceManager: getSupportedIfaceTypesInternal: no chip info found
1970-01-01 00:27:52.289 2280-2297/system_process E/BatteryStatsService: no controller energy info supplied
1970-01-01 00:27:52.292 2280-2297/system_process E/KernelWakelockReader: neither /proc/wakelocks nor /d/wakeup_sources exists
1970-01-01 00:27:52.293 2280-2297/system_process W/BatteryStatsImpl: Couldn't get kernel wake lock stats
1970-01-01 00:27:52.294 2280-2345/system_process D/ConnectivityService: Setting DNS servers for network 138 to [/8.8.8.8, /8.8.4.4]
1970-01-01 00:27:52.318 2280-2341/system_process D/WifiNetworkAgent: NetworkAgent: Received signal strength thresholds: []
1970-01-01 00:27:52.320 2280-2345/system_process D/ConnectivityService: Switching to new default network: NetworkAgentInfo{ ni{[type: WIFI[], state: CONNECTED/CONNECTED, reason: (unspecified), extra: "VisitorPortal", failover: false, available: true, roaming: false, metered: false]}  network{138}  nethandle{592721922782}  lp{{InterfaceName: wlan0 LinkAddresses: [fe80::cadf:84ff:fe52:2e6a/64,10.80.128.47/24,]  Routes: [fe80::/64 -> :: wlan0,10.80.128.0/24 -> 0.0.0.0 wlan0,0.0.0.0/0 -> 10.80.128.1 wlan0,] DnsAddresses: [8.8.8.8,8.8.4.4,] Domains: null MTU: 0 TcpBufferSizes: 524288,1048576,2097152,262144,524288,1048576}}  nc{[ Transports: WIFI Capabilities: NOT_METERED&INTERNET&NOT_RESTRICTED&TRUSTED&NOT_VPN&FOREGROUND LinkUpBandwidth>=1048576Kbps LinkDnBandwidth>=1048576Kbps SignalStrength: -67]}  Score{12}  everValidated{false}  lastValidated{false}  created{true} lingering{false} explicitlySelected{false} acceptUnvalidated{false} everCaptivePortalDetected{false} lastCaptivePortalDetected{false} }
1970-01-01 00:27:52.331 10541-10541/? W/iptables: type=1400 audit(0.0:1649): avc: granted { getattr } for path="/vendor" dev="rootfs" ino=10003 scontext=u:r:netd:s0 tcontext=u:object_r:rootfs:s0 tclass=lnk_file
1970-01-01 00:27:52.336 2280-2339/system_process D/SntpClient: request time failed: java.net.UnknownHostException: Unable to resolve host "time.android.com": No address associated with hostname
1970-01-01 00:27:52.336 2280-2339/system_process D/SntpClient: request time failed: java.net.UnknownHostException: Unable to resolve host "time.android.com": No address associated with hostname
1970-01-01 00:27:52.343 10541-10541/? W/iptables: type=1400 audit(0.0:1650): avc: granted { lock } for path="/system/etc/xtables.lock" dev="sdd10" ino=797 scontext=u:r:netd:s0 tcontext=u:object_r:system_file:s0 tclass=file
1970-01-01 00:27:52.345 2280-10537/system_process D/NetworkMonitor/NetworkAgentInfo[WIFI()-138]: PROBE_DNS www.google.com 25ms OK 172.217.5.228
1970-01-01 00:27:52.351 10544-10544/? W/ip6tables: type=1400 audit(0.0:1651): avc: granted { getattr } for path="/vendor" dev="rootfs" ino=10003 scontext=u:r:netd:s0 tcontext=u:object_r:rootfs:s0 tclass=lnk_file
1970-01-01 00:27:52.358 2280-10538/system_process D/NetworkMonitor/NetworkAgentInfo[WIFI()-138]: PROBE_DNS connectivitycheck.gstatic.com 37ms OK 172.217.164.163
1970-01-01 00:27:52.359 10544-10544/? W/ip6tables: type=1400 audit(0.0:1652): avc: granted { lock } for path="/system/etc/xtables.lock" dev="sdd10" ino=797 scontext=u:r:netd:s0 tcontext=u:object_r:system_file:s0 tclass=file
1970-01-01 00:27:52.366 2188-2249/? V/IdletimerController: runCmd(/system/bin/ip6tables -w -t raw -A idletimer_raw_PREROUTING -i wlan0 -j IDLETIMER --timeout 15 --label 1 --send_nl_msg 1) res_ipv4=0, res_ipv6=0
1970-01-01 00:27:52.367 10545-10545/? W/iptables: type=1400 audit(0.0:1653): avc: granted { getattr } for path="/vendor" dev="rootfs" ino=10003 scontext=u:r:netd:s0 tcontext=u:object_r:rootfs:s0 tclass=lnk_file
1970-01-01 00:27:52.367 10545-10545/? W/iptables: type=1400 audit(0.0:1654): avc: granted { lock } for path="/system/etc/xtables.lock" dev="sdd10" ino=797 scontext=u:r:netd:s0 tcontext=u:object_r:system_file:s0 tclass=file
1970-01-01 00:27:52.387 10546-10546/? W/ip6tables: type=1400 audit(0.0:1655): avc: granted { getattr } for path="/vendor" dev="rootfs" ino=10003 scontext=u:r:netd:s0 tcontext=u:object_r:rootfs:s0 tclass=lnk_file
1970-01-01 00:27:52.387 10546-10546/? W/ip6tables: type=1400 audit(0.0:1656): avc: granted { lock } for path="/system/etc/xtables.lock" dev="sdd10" ino=797 scontext=u:r:netd:s0 tcontext=u:object_r:system_file:s0 tclass=file
1970-01-01 00:27:52.407 2280-10537/system_process D/NetworkMonitor/NetworkAgentInfo[WIFI()-138]: PROBE_HTTPS https://www.google.com/generate_204 Probably not a portal: exception javax.net.ssl.SSLHandshakeException: Connection closed by peer
1970-01-01 00:27:52.409 2188-2249/? V/IdletimerController: runCmd(/system/bin/ip6tables -w -t mangle -A idletimer_mangle_POSTROUTING -o wlan0 -j IDLETIMER --timeout 15 --label 1 --send_nl_msg 1) res_ipv4=0, res_ipv6=0
1970-01-01 00:27:52.415 2280-2345/system_process D/ConnectivityService: Sending CONNECTED broadcast for type 1 NetworkAgentInfo [WIFI () - 138] isDefaultNetwork=true
1970-01-01 00:27:52.416 2280-2339/system_process D/SntpClient: request time failed: java.net.UnknownHostException: Unable to resolve host "time.android.com": No address associated with hostname
1970-01-01 00:27:52.431 2280-10538/system_process D/NetworkMonitor/NetworkAgentInfo[WIFI()-138]: PROBE_HTTP http://connectivitycheck.gstatic.com/generate_204 time=71ms ret=200 request={User-Agent=[Mozilla/5.0 (X11; Linux x86_64) AppleWebKit/537.36 (KHTML, like Gecko) Chrome/52.0.2743.82 Safari/537.36]} headers={null=[HTTP/1.1 200 OK], Content-Length=[349], Content-Type=[text/html], Location=[https://guestauth.morphotrust.com/login.html?redirect=connectivitycheck.gstatic.com/generate_204], X-Android-Received-Millis=[19672431], X-Android-Response-Source=[NETWORK 200], X-Android-Selected-Protocol=[http/1.1], X-Android-Sent-Millis=[19672406]}
1970-01-01 00:27:52.432 2280-2345/system_process D/ConnectivityService: NetworkAgentInfo [WIFI () - 138] validation failed with redirect to https://guestauth.morphotrust.com/login.html?redirect=connectivitycheck.gstatic.com/generate_204
1970-01-01 00:27:52.432 2280-2341/system_process D/WifiStateMachine: NETWORK_STATUS_UNWANTED_VALIDATION_FAILED
1970-01-01 00:27:52.433 2280-2345/system_process D/NetworkNotificationManager: showNotification tag=ConnectivityNotification:138 event=SIGN_IN transport=Wi-Fi extraInfo="VisitorPortal" highPrioriy=false
1970-01-01 00:27:52.435 2406-2406/com.android.systemui W/ndroid.systemui: type=1400 audit(0.0:1657): avc: granted { getattr } for path="/" dev="rootfs" ino=2 scontext=u:r:platform_app:s0:c512,c768 tcontext=u:object_r:rootfs:s0 tclass=dir
1970-01-01 00:27:52.443 2406-2406/com.android.systemui I/chatty: uid=10021(u0_a21) com.android.systemui identical 10 lines
1970-01-01 00:27:52.443 2406-2406/com.android.systemui W/ndroid.systemui: type=1400 audit(0.0:1668): avc: granted { getattr } for path="/" dev="rootfs" ino=2 scontext=u:r:platform_app:s0:c512,c768 tcontext=u:object_r:rootfs:s0 tclass=dir
1970-01-01 00:28:01.392 2280-2341/system_process W/LastMileLogger: Failed to stop event tracing: /sys/kernel/debug/tracing/instances/wifi/tracing_on (Permission denied)
1970-01-01 00:28:01.393 2280-2341/system_process W/LastMileLogger: Failed to read event trace: /sys/kernel/debug/tracing/instances/wifi/trace: open failed: EACCES (Permission denied)
1970-01-01 00:28:07.993 2280-2341/system_process W/AlarmManager: Unrecognized alarm listener com.android.server.wifi.WifiConfigStore$1@335a8e6
1970-01-01 00:28:08.012 2280-2341/system_process D/WifiConfigStore: Writing to stores completed in 19 ms.
1970-01-01 00:28:08.016 2280-2343/system_process D/WificondScannerImpl: processPendingScans in request of startSingleScan
1970-01-01 00:28:08.028 2280-2343/system_process D/WificondScannerImpl: Starting wifi scan for freqs={2412, 2437, 2462, 5180, 5745, 5805}, background=false, single=true
1970-01-01 00:28:08.253 2189-2189/? I/wificond: Received scan result notification from kernel.
1970-01-01 00:28:08.254 2280-2807/system_process D/WificondControl: Scan result ready event
1970-01-01 00:28:08.261 2280-2343/system_process D/WificondScannerImpl: Filtering out 1 scan results.
1970-01-01 00:28:08.261 2280-2343/system_process D/WificondScannerImpl: processPendingScans in request of SCAN_RESULTS_EVENT
1970-01-01 00:28:18.275 2280-2341/system_process W/AlarmManager: Unrecognized alarm listener com.android.server.wifi.WifiConfigStore$1@335a8e6
1970-01-01 00:28:18.322 2280-2341/system_process D/WifiConfigStore: Writing to stores completed in 46 ms.
1970-01-01 00:28:21.365 2280-2341/system_process W/LastMileLogger: Failed to stop event tracing: /sys/kernel/debug/tracing/instances/wifi/tracing_on (Permission denied)
1970-01-01 00:28:21.366 2280-2341/system_process W/LastMileLogger: Failed to read event trace: /sys/kernel/debug/tracing/instances/wifi/trace: open failed: EACCES (Permission denied)
1970-01-01 00:28:28.019 2280-2343/system_process D/WificondScannerImpl: processPendingScans in request of startSingleScan
1970-01-01 00:28:28.034 2280-2343/system_process D/WificondScannerImpl: Starting wifi scan for freqs=null, background=false, single=true
1970-01-01 00:28:33.819 2280-2435/system_process D/WificondControl: Scan result ready event
1970-01-01 00:28:33.832 2280-2343/system_process D/WificondScannerImpl: Filtering out 1 scan results.
1970-01-01 00:28:33.832 2280-2343/system_process D/WificondScannerImpl: processPendingScans in request of SCAN_RESULTS_EVENT
1970-01-01 00:28:41.547 2280-2341/system_process W/LastMileLogger: Failed to stop event tracing: /sys/kernel/debug/tracing/instances/wifi/tracing_on (Permission denied)
1970-01-01 00:28:41.548 2280-2341/system_process W/LastMileLogger: Failed to read event trace: /sys/kernel/debug/tracing/instances/wifi/trace: open failed: EACCES (Permission denied)
1970-01-01 00:28:43.844 2280-2341/system_process W/AlarmManager: Unrecognized alarm listener com.android.server.wifi.WifiConfigStore$1@335a8e6
1970-01-01 00:28:43.865 2280-2341/system_process D/WifiConfigStore: Writing to stores completed in 20 ms.
1970-01-01 00:28:52.052 2280-2341/system_process W/LastMileLogger: Failed to stop event tracing: /sys/kernel/debug/tracing/instances/wifi/tracing_on (Permission denied)
1970-01-01 00:28:52.053 2280-2341/system_process W/LastMileLogger: Failed to read event trace: /sys/kernel/debug/tracing/instances/wifi/trace: open failed: EACCES (Permission denied)
1970-01-01 00:29:08.021 2280-2343/system_process D/WificondScannerImpl: processPendingScans in request of startSingleScan
1970-01-01 00:29:08.048 2280-2343/system_process D/WificondScannerImpl: Starting wifi scan for freqs=null, background=false, single=true
1970-01-01 00:29:13.898 2280-2435/system_process D/WificondControl: Scan result ready event
1970-01-01 00:29:13.910 2280-2343/system_process D/WificondScannerImpl: Filtering out 1 scan results.
1970-01-01 00:29:13.910 2280-2343/system_process D/WificondScannerImpl: processPendingScans in request of SCAN_RESULTS_EVENT
1970-01-01 00:29:23.917 2280-2341/system_process W/AlarmManager: Unrecognized alarm listener com.android.server.wifi.WifiConfigStore$1@335a8e6
1970-01-01 00:29:23.939 2280-2341/system_process D/WifiConfigStore: Writing to stores completed in 22 ms.
1970-01-01 00:30:06.067 2280-2341/system_process E/HalDeviceManager: Should have at least 1 chip!
1970-01-01 00:30:06.067 2280-2341/system_process E/HalDeviceManager: getSupportedIfaceTypesInternal: no chip info found
1970-01-01 00:28:33.819 2189-2189/? I/chatty: uid=1010(wifi) /system/bin/wificond identical 1 line
1970-01-01 00:29:13.897 2189-2189/? I/wificond: Received scan result notification from kernel.
1970-01-01 00:30:06.071 2280-2297/system_process E/BatteryStatsService: no controller energy info supplied
1970-01-01 00:30:06.072 2280-2297/system_process E/BatteryStatsService: no controller energy info supplied
1970-01-01 00:30:08.074 2280-2297/system_process W/BatteryStatsService: Timeout reading modem stats
1970-01-01 00:30:08.082 2280-2297/system_process E/KernelWakelockReader: neither /proc/wakelocks nor /d/wakeup_sources exists
1970-01-01 00:30:08.084 2280-2297/system_process W/BatteryStatsImpl: Couldn't get kernel wake lock stats
1970-01-01 00:30:28.028 2280-2343/system_process D/WificondScannerImpl: processPendingScans in request of startSingleScan
1970-01-01 00:30:28.043 2280-2343/system_process D/WificondScannerImpl: Starting wifi scan for freqs=null, background=false, single=true
1970-01-01 00:30:33.217 2280-2338/system_process D/SntpClient: request time failed: java.net.SocketTimeoutException: Poll timed out
1970-01-01 00:30:33.936 2189-2189/? I/wificond: Received scan result notification from kernel.
1970-01-01 00:30:33.937 2280-2807/system_process D/WificondControl: Scan result ready event
1970-01-01 00:30:33.949 2280-2343/system_process D/WificondScannerImpl: processPendingScans in request of SCAN_RESULTS_EVENT
1970-01-01 00:30:38.261 2280-2339/system_process D/SntpClient: request time failed: java.net.SocketTimeoutException: Poll timed out
1970-01-01 00:30:43.955 2280-2341/system_process W/AlarmManager: Unrecognized alarm listener com.android.server.wifi.WifiConfigStore$1@335a8e6
1970-01-01 00:30:43.976 2280-2341/system_process D/WifiConfigStore: Writing to stores completed in 21 ms.
1970-01-01 00:31:00.055 2810-2810/com.android.launcher I/RenderThread: type=1400 audit(0.0:1669): avc: denied { ioctl } for path="/dev/mali0" dev="tmpfs" ino=14642 ioctlcmd=8217 scontext=u:r:priv_app:s0:c512,c768 tcontext=u:object_r:device:s0 tclass=chr_file permissive=1
1970-01-01 00:31:00.055 2810-2810/com.android.launcher I/RenderThread: type=1400 audit(0.0:1670): avc: denied { read write } for path="/dev/mali0" dev="tmpfs" ino=14642 scontext=u:r:priv_app:s0:c512,c768 tcontext=u:object_r:device:s0 tclass=chr_file permissive=1
1970-01-01 00:32:00.027 2280-2294/system_process I/ProcessStatsService: Prepared write state in 3ms
1970-01-01 00:32:52.351 2280-10543/system_process W/OkHttpClient: A connection to http://connectivitycheck.gstatic.com/ was leaked. Did you forget to close a response body?
1970-01-01 00:33:08.029 2280-2343/system_process D/WificondScannerImpl: processPendingScans in request of startSingleScan
1970-01-01 00:33:08.053 2280-2343/system_process D/WificondScannerImpl: Starting wifi scan for freqs=null, background=false, single=true
1970-01-01 00:33:12.404 2483-2483/? I/wpa_supplicant: wlan0: CTRL-EVENT-DISCONNECTED bssid=a8:9d:21:42:d5:ee reason=103
1970-01-01 00:33:12.405 2483-2483/? E/wpa_supplicant: nl80211: Failed to open /proc/sys/net/ipv4/conf/wlan0/drop_unicast_in_l2_multicast: No such file or directory
1970-01-01 00:33:12.405 2483-2483/? E/wpa_supplicant: nl80211: Failed to set IPv4 unicast in multicast filter
1970-01-01 00:33:13.837 2189-2189/? I/wificond: Received scan result notification from kernel.
1970-01-01 00:33:13.839 2280-2807/system_process D/WificondControl: Scan result ready event
1970-01-01 00:33:13.848 2280-2343/system_process D/WificondScannerImpl: processPendingScans in request of SCAN_RESULTS_EVENT
1970-01-01 00:33:13.859 2280-2341/system_process D/WifiStateMachine: CMD_START_ROAM sup state DisconnectedState my state ConnectedState nid=0 config "VisitorPortal"NONE targetRoamBSSID any
1970-01-01 00:33:13.860 2280-2341/system_process W/LastMileLogger: Failed to open free_buffer pseudo-file: /sys/kernel/debug/tracing/instances/wifi/free_buffer (Permission denied)
1970-01-01 00:33:13.860 2280-2341/system_process W/LastMileLogger: Failed to arm fail-safe.
1970-01-01 00:33:13.860 2280-2341/system_process D/SupplicantStaIfaceHal: roamToNetwork"VisitorPortal"NONE (bssid any)
1970-01-01 00:33:13.865 2483-2483/? I/wpa_supplicant: wlan0: SME: Trying to authenticate with a8:9d:21:42:d5:ee (SSID='VisitorPortal' freq=5180 MHz)
1970-01-01 00:33:13.872 2280-2341/system_process D/WifiStateMachine: WifiStateMachine: Leaving Connected state
1970-01-01 00:33:13.873 2280-2341/system_process D/WifiStateMachine: Start Roam Watchdog 371
1970-01-01 00:33:13.920 2483-2483/? I/wpa_supplicant: wlan0: Trying to associate with a8:9d:21:42:d5:ee (SSID='VisitorPortal' freq=5180 MHz)
1970-01-01 00:33:13.968 2483-2483/? I/wpa_supplicant: wlan0: Associated with a8:9d:21:42:d5:ee
1970-01-01 00:33:13.987 2483-2483/? I/wpa_supplicant: wlan0: CTRL-EVENT-CONNECTED - Connection to a8:9d:21:42:d5:ee completed [id=0 id_str=%7B%22configKey%22%3A%22%5C%22VisitorPortal%5C%22NONE%22%2C%22creatorUid%22%3A%221000%22%7D]
1970-01-01 00:33:13.990 2483-2483/? I/wpa_supplicant: wlan0: CTRL-EVENT-SUBNET-STATUS-UPDATE status=0
1970-01-01 00:33:13.992 2280-2341/system_process W/WifiConfigManager: Looking up network with invalid networkId -1
1970-01-01 00:33:13.999 2280-2341/system_process W/LastMileLogger: Failed to stop event tracing: /sys/kernel/debug/tracing/instances/wifi/tracing_on (Permission denied)
1970-01-01 00:33:14.001 2280-2341/system_process D/WifiStateMachine: WifiStateMachine: Leaving Roaming state
1970-01-01 00:33:16.408 2280-2341/system_process D/WifiStateMachine: CMD_DELAYED_NETWORK_DISCONNECT and not debouncing - ignore 0
1970-01-01 00:33:24.008 2280-2341/system_process W/AlarmManager: Unrecognized alarm listener com.android.server.wifi.WifiConfigStore$1@335a8e6
1970-01-01 00:33:24.025 2280-2341/system_process D/WifiConfigStore: Writing to stores completed in 17 ms.
1970-01-01 00:33:28.032 2280-2343/system_process D/WificondScannerImpl: processPendingScans in request of startSingleScan
1970-01-01 00:33:28.047 2280-2343/system_process D/WificondScannerImpl: Starting wifi scan for freqs=null, background=false, single=true
1970-01-01 00:33:33.924 2280-2435/system_process D/WificondControl: Scan result ready event
1970-01-01 00:33:33.936 2280-2343/system_process D/WificondScannerImpl: processPendingScans in request of SCAN_RESULTS_EVENT
1970-01-01 00:33:33.953 2280-2341/system_process D/WifiStateMachine: CMD_START_ROAM sup state DisconnectedState my state ConnectedState nid=0 config "VisitorPortal"NONE targetRoamBSSID a8:9d:21:42:d5:ee
1970-01-01 00:33:33.954 2280-2341/system_process W/LastMileLogger: Failed to open free_buffer pseudo-file: /sys/kernel/debug/tracing/instances/wifi/free_buffer (Permission denied)
1970-01-01 00:33:33.954 2280-2341/system_process W/LastMileLogger: Failed to arm fail-safe.
1970-01-01 00:33:33.954 2280-2341/system_process D/SupplicantStaIfaceHal: roamToNetwork"VisitorPortal"NONE (bssid a8:9d:21:42:d5:ee)
1970-01-01 00:33:33.957 2483-2483/? I/wpa_supplicant: wlan0: SME: Trying to authenticate with a8:9d:21:42:d5:ee (SSID='VisitorPortal' freq=5180 MHz)
1970-01-01 00:33:33.957 2280-2341/system_process D/WifiStateMachine: WifiStateMachine: Leaving Connected state
1970-01-01 00:33:33.959 2280-2341/system_process D/WifiStateMachine: Start Roam Watchdog 372
1970-01-01 00:33:34.087 2483-2483/? I/wpa_supplicant: wlan0: Trying to associate with a8:9d:21:42:d5:ee (SSID='VisitorPortal' freq=5180 MHz)
1970-01-01 00:33:34.155 2483-2483/? I/wpa_supplicant: wlan0: Associated with a8:9d:21:42:d5:ee
1970-01-01 00:33:34.166 2483-2483/? I/wpa_supplicant: wlan0: CTRL-EVENT-CONNECTED - Connection to a8:9d:21:42:d5:ee completed [id=0 id_str=%7B%22configKey%22%3A%22%5C%22VisitorPortal%5C%22NONE%22%2C%22creatorUid%22%3A%221000%22%7D]
1970-01-01 00:33:34.167 2483-2483/? I/wpa_supplicant: wlan0: CTRL-EVENT-SUBNET-STATUS-UPDATE status=0
1970-01-01 00:33:34.172 2280-2341/system_process W/LastMileLogger: Failed to stop event tracing: /sys/kernel/debug/tracing/instances/wifi/tracing_on (Permission denied)
1970-01-01 00:33:34.174 2280-2341/system_process D/WifiStateMachine: WifiStateMachine: Leaving Roaming state
1970-01-01 00:33:39.726 2188-2244/? D/MDnsDS: MDnsSdListener::Monitor poll timed out
1970-01-01 00:33:39.727 2188-2244/? D/MDnsDS: Going to poll with pollCount 1
1970-01-01 00:33:48.033 2280-2341/system_process W/AlarmManager: Unrecognized alarm listener com.android.server.wifi.WifiConfigStore$1@335a8e6
1970-01-01 00:33:48.052 2280-2341/system_process D/WifiConfigStore: Writing to stores completed in 19 ms.
1970-01-01 00:33:48.056 2280-2343/system_process D/WificondScannerImpl: processPendingScans in request of startSingleScan
1970-01-01 00:33:48.069 2280-2343/system_process D/WificondScannerImpl: Starting wifi scan for freqs=null, background=false, single=true
1970-01-01 00:33:53.847 2280-2435/system_process D/WificondControl: Scan result ready event
1970-01-01 00:33:53.855 2280-2343/system_process D/WificondScannerImpl: processPendingScans in request of SCAN_RESULTS_EVENT
1970-01-01 00:33:53.871 2280-2341/system_process D/WifiStateMachine: CMD_START_ROAM sup state DisconnectedState my state ConnectedState nid=0 config "VisitorPortal"NONE targetRoamBSSID a8:9d:21:42:d5:ee
1970-01-01 00:33:53.872 2280-2341/system_process W/LastMileLogger: Failed to open free_buffer pseudo-file: /sys/kernel/debug/tracing/instances/wifi/free_buffer (Permission denied)
1970-01-01 00:33:53.872 2280-2341/system_process W/LastMileLogger: Failed to arm fail-safe.
1970-01-01 00:33:53.873 2280-2341/system_process D/SupplicantStaIfaceHal: roamToNetwork"VisitorPortal"NONE (bssid a8:9d:21:42:d5:ee)
1970-01-01 00:33:53.877 2483-2483/? I/wpa_supplicant: wlan0: SME: Trying to authenticate with a8:9d:21:42:d5:ee (SSID='VisitorPortal' freq=5180 MHz)
1970-01-01 00:33:53.878 2280-2341/system_process D/WifiStateMachine: WifiStateMachine: Leaving Connected state
1970-01-01 00:33:53.879 2280-2341/system_process D/WifiStateMachine: Start Roam Watchdog 373
1970-01-01 00:33:53.987 2483-2483/? I/wpa_supplicant: wlan0: Trying to associate with a8:9d:21:42:d5:ee (SSID='VisitorPortal' freq=5180 MHz)
1970-01-01 00:33:54.055 2483-2483/? I/wpa_supplicant: wlan0: Associated with a8:9d:21:42:d5:ee
1970-01-01 00:33:54.066 2483-2483/? I/wpa_supplicant: wlan0: CTRL-EVENT-CONNECTED - Connection to a8:9d:21:42:d5:ee completed [id=0 id_str=%7B%22configKey%22%3A%22%5C%22VisitorPortal%5C%22NONE%22%2C%22creatorUid%22%3A%221000%22%7D]
1970-01-01 00:33:54.067 2483-2483/? I/wpa_supplicant: wlan0: CTRL-EVENT-SUBNET-STATUS-UPDATE status=0
1970-01-01 00:33:54.075 2280-2341/system_process W/LastMileLogger: Failed to stop event tracing: /sys/kernel/debug/tracing/instances/wifi/tracing_on (Permission denied)
1970-01-01 00:33:54.079 2280-2341/system_process D/WifiStateMachine: WifiStateMachine: Leaving Roaming state
1970-01-01 00:34:08.056 2280-2341/system_process W/AlarmManager: Unrecognized alarm listener com.android.server.wifi.WifiConfigStore$1@335a8e6
1970-01-01 00:34:08.073 2280-2341/system_process D/WifiConfigStore: Writing to stores completed in 17 ms.
1970-01-01 00:34:08.076 2280-2343/system_process D/WificondScannerImpl: processPendingScans in request of startSingleScan
1970-01-01 00:34:08.087 2280-2343/system_process D/WificondScannerImpl: Starting wifi scan for freqs=null, background=false, single=true
1970-01-01 00:34:13.863 2280-2341/system_process W/LastMileLogger: Failed to stop event tracing: /sys/kernel/debug/tracing/instances/wifi/tracing_on (Permission denied)
1970-01-01 00:34:13.863 2280-2341/system_process W/LastMileLogger: Failed to read event trace: /sys/kernel/debug/tracing/instances/wifi/trace: open failed: EACCES (Permission denied)
1970-01-01 00:34:13.953 2280-2435/system_process D/WificondControl: Scan result ready event
1970-01-01 00:34:13.961 2280-2343/system_process D/WificondScannerImpl: Filtering out 2 scan results.
1970-01-01 00:34:13.967 2280-2343/system_process D/WificondScannerImpl: processPendingScans in request of SCAN_RESULTS_EVENT
1970-01-01 00:34:13.977 2280-2341/system_process D/WifiStateMachine: CMD_START_ROAM sup state DisconnectedState my state ConnectedState nid=0 config "VisitorPortal"NONE targetRoamBSSID a8:9d:21:42:d5:ee
1970-01-01 00:34:13.979 2280-2341/system_process W/LastMileLogger: Failed to open free_buffer pseudo-file: /sys/kernel/debug/tracing/instances/wifi/free_buffer (Permission denied)
1970-01-01 00:34:13.979 2280-2341/system_process W/LastMileLogger: Failed to arm fail-safe.
1970-01-01 00:34:13.979 2280-2341/system_process D/SupplicantStaIfaceHal: roamToNetwork"VisitorPortal"NONE (bssid a8:9d:21:42:d5:ee)
1970-01-01 00:34:13.983 2483-2483/? I/wpa_supplicant: wlan0: SME: Trying to authenticate with a8:9d:21:42:d5:ee (SSID='VisitorPortal' freq=5180 MHz)
1970-01-01 00:34:13.994 2280-2341/system_process D/WifiStateMachine: WifiStateMachine: Leaving Connected state
1970-01-01 00:34:13.995 2280-2341/system_process D/WifiStateMachine: Start Roam Watchdog 374
1970-01-01 00:34:14.104 2483-2483/? I/wpa_supplicant: wlan0: Trying to associate with a8:9d:21:42:d5:ee (SSID='VisitorPortal' freq=5180 MHz)
1970-01-01 00:34:14.159 2483-2483/? I/wpa_supplicant: wlan0: Associated with a8:9d:21:42:d5:ee
1970-01-01 00:34:14.171 2483-2483/? I/wpa_supplicant: wlan0: CTRL-EVENT-CONNECTED - Connection to a8:9d:21:42:d5:ee completed [id=0 id_str=%7B%22configKey%22%3A%22%5C%22VisitorPortal%5C%22NONE%22%2C%22creatorUid%22%3A%221000%22%7D]
1970-01-01 00:34:14.174 2483-2483/? I/wpa_supplicant: wlan0: CTRL-EVENT-SUBNET-STATUS-UPDATE status=0
1970-01-01 00:34:14.182 2280-2341/system_process W/LastMileLogger: Failed to stop event tracing: /sys/kernel/debug/tracing/instances/wifi/tracing_on (Permission denied)
1970-01-01 00:34:14.185 2280-2341/system_process D/WifiStateMachine: WifiStateMachine: Leaving Roaming state
1970-01-01 00:34:28.077 2280-2341/system_process W/AlarmManager: Unrecognized alarm listener com.android.server.wifi.WifiConfigStore$1@335a8e6
1970-01-01 00:34:28.097 2280-2341/system_process D/WifiConfigStore: Writing to stores completed in 19 ms.
1970-01-01 00:34:28.100 2280-2343/system_process D/WificondScannerImpl: processPendingScans in request of startSingleScan
1970-01-01 00:34:28.113 2280-2343/system_process D/WificondScannerImpl: Starting wifi scan for freqs=null, background=false, single=true
1970-01-01 00:34:33.956 2280-2341/system_process W/LastMileLogger: Failed to stop event tracing: /sys/kernel/debug/tracing/instances/wifi/tracing_on (Permission denied)
1970-01-01 00:34:33.957 2280-2341/system_process W/LastMileLogger: Failed to read event trace: /sys/kernel/debug/tracing/instances/wifi/trace: open failed: EACCES (Permission denied)
1970-01-01 00:34:33.968 2280-2807/system_process D/WificondControl: Scan result ready event
1970-01-01 00:34:33.975 2280-2343/system_process D/WificondScannerImpl: processPendingScans in request of SCAN_RESULTS_EVENT
1970-01-01 00:34:33.995 2280-2341/system_process D/WifiStateMachine: CMD_START_ROAM sup state DisconnectedState my state ConnectedState nid=0 config "VisitorPortal"NONE targetRoamBSSID a8:9d:21:42:d5:ee
1970-01-01 00:34:33.997 2280-2341/system_process W/LastMileLogger: Failed to open free_buffer pseudo-file: /sys/kernel/debug/tracing/instances/wifi/free_buffer (Permission denied)
1970-01-01 00:34:33.997 2280-2341/system_process W/LastMileLogger: Failed to arm fail-safe.
1970-01-01 00:34:33.997 2280-2341/system_process D/SupplicantStaIfaceHal: roamToNetwork"VisitorPortal"NONE (bssid a8:9d:21:42:d5:ee)
1970-01-01 00:34:34.003 2483-2483/? I/wpa_supplicant: wlan0: SME: Trying to authenticate with a8:9d:21:42:d5:ee (SSID='VisitorPortal' freq=5180 MHz)
1970-01-01 00:34:34.003 2280-2341/system_process D/WifiStateMachine: WifiStateMachine: Leaving Connected state
1970-01-01 00:34:34.004 2280-2341/system_process D/WifiStateMachine: Start Roam Watchdog 375
1970-01-01 00:34:34.117 2483-2483/? I/wpa_supplicant: wlan0: Trying to associate with a8:9d:21:42:d5:ee (SSID='VisitorPortal' freq=5180 MHz)
